adapter::tests::hardware_ranking_is_vendor_independent_and_honors_power: test
adapter::tests::insufficient_storage_bindings_are_rejected_before_device_creation: test
adapter::tests::vendor_and_name_overrides_do_not_require_nvidia: test
api::contact_data::tests::manifold_export_preserves_history_impulses_and_opaque_ids: test
api::contact_data::tests::native_contact_layout_matches_box3d: test
api::query::tests::ccd_targets_separation_instead_of_outer_tolerance_shell: test
api::query::tests::convex_overlap_and_cast: test
api::query::tests::direct_compound_ray_rejects_stale_parent: test
api::query::tests::exhausted_toi_keeps_the_last_safe_advance: test
api::query::tests::gpu_convex_sweeps_match_cpu_conservative_advancement: test
api::query::tests::mesh_ccd_glancing_rotation_uses_centroid_plane_filter_except_for_sensors: test
api::query::tests::mesh_ccd_initial_tip_contact_still_stops_centroid_crossing: test
api::query::tests::mesh_ccd_keeps_positive_toi_with_degenerate_witness_normal: test
api::query::tests::mesh_ccd_rotating_capsule_matches_native_root_tolerance: test
api::query::tests::mover_deep_overlap_primitives_and_hull: test
api::query::tests::native_toi_mesh_preserves_clipped_interval_and_traversal_order: test
api::query::tests::native_toi_sweeps_match_impact_captures: test
api::query::tests::near_shell_parallel_ccd_sweep_is_not_truncated: test
api::query::tests::plane_solver_and_clipping_match_box3d: test
api::query::tests::query_filter_ignores_groups: test
api::query::tests::ray_snapshot_prunes_and_retains_owned_compound_candidates: test
api::query::tests::spatial_snapshot_preserves_hits_and_child_order_after_refit: test
api::query::tests::sphere_ray_hit_miss_and_initial_overlap: test
api::tests::all_joint_threshold_defaults_disable_events: test
api::tests::box_hull_half_extents: test
api::tests::defaults_match_box3d_cpu: test
api::tests::null_ids_are_zero: test
api::tests::sensor_event_abi_preserves_roles: test
api::tests::shape_filter_matches_box3d_group_override_and_masks: test
api::world::api_completion_tests::body_settings_affect_own_gpu_state_and_survive_rebuilds: test
api::world::api_completion_tests::rejected_scene_preparation_is_terminal: test
api::world::appended_extent_tests::appended_extents_match_full_scan_after_com_changes_and_deletions: test
api::world::appended_extent_tests::body_shape_index_preserves_order_and_drops_deleted_owners: test
api::world::ccd_pose_precision_tests::ccd_origin_interpolation_matches_native_captures: test
api::world::ccd_pose_precision_tests::ccd_pose_interpolation_matches_native_captures: test
api::world::ccd_pose_precision_tests::retained_ccd_origin_survives_mass_changes_and_is_replaced_by_teleport: test
api::world::ccd_pose_precision_tests::transform_setter_preserves_rain_origin_with_offset_mass_center: test
api::world::color_tail_tests::color_tail_preserves_full_schedule_for_wide_and_small_worlds: test
api::world::complete_component_tests::batched_graph_mutations_match_canonical: test
api::world::complete_component_tests::batched_graph_preserves_dense_overflow_and_partial_batches: test
api::world::complete_component_tests::canonical_grid_matches_matrix_across_cells_and_hash_collisions: test
api::world::complete_component_tests::complete_components_match_global_color_phases: test
api::world::complete_component_tests::complete_components_merge_and_split_match_global_phases: test
api::world::complete_component_tests::complete_components_preserve_nonempty_overflow_order: test
api::world::complete_component_tests::completed_wait_refreshes_stale_capacity_status: test
api::world::complete_component_tests::contradictory_degree_two_proof_invalidates_submission: test
api::world::complete_component_tests::falling_cube_solver_schedules_match_through_impact: test
api::world::complete_component_tests::falling_cubes_exceed_old_spatial_insertion_limit: test
api::world::complete_component_tests::large_components_preserve_nonempty_overflow_order: test
api::world::complete_component_tests::pair_matrix_mutations_match_grid: test
api::world::complete_component_tests::pair_matrix_threshold_and_capacity_are_bounded: test
api::world::complete_component_tests::shared_graph_matches_global_color_phases: test
api::world::complete_component_tests::shared_graph_mutations_match_canonical: test
api::world::complete_component_tests::small_component_workgroup_boundaries_preserve_every_body: test
api::world::complete_component_tests::small_component_workgroups_preserve_physics: test
api::world::complete_component_tests::switching_graph_mutations_match_canonical: test
api::world::compound_property_contract::owned_table_and_invalid_handles_preserve_public_properties: test
api::world::contact_api::determinism_tests::contact_end_event_order_repeats_across_identical_worlds: test
api::world::contact_api::determinism_tests::contact_query_order_repeats_across_identical_worlds: test
api::world::contact_api::determinism_tests::equal_speed_hit_event_survives_child_slot_relocation: test
api::world::contact_api::determinism_tests::previous_touching_storage_permutation_preserves_end_events: test
api::world::contact_api::determinism_tests::retired_generation_offset_preserves_unread_handle_lifetimes: test
api::world::contact_api::determinism_tests::unread_root_handle_retires_after_mesh_scratch_reuse: test
api::world::contact_api::determinism_tests::unread_steps_preserve_live_handles_and_retire_reused_roots: test
api::world::contact_api::query_order_tests::query_patch_order_survives_child_relocation: test
api::world::contact_metrics_tests::ccd_correction_invalidates_the_scheduling_snapshot_state: test
api::world::contact_metrics_tests::world_contact_metrics_track_mutations_callbacks_and_world_reuse: test
api::world::convex_ccd_integration_tests::accumulated_forces_survive_uploads_and_zero_steps: test
api::world::convex_ccd_integration_tests::ccd_landing_refreshes_empty_contact_inside_speculative_shell: test
api::world::convex_ccd_integration_tests::constant_load_contact_compliance_matches_softness: test
api::world::convex_ccd_integration_tests::convex_ccd_rotating_offset_capsule_matches_centered_geometry: test
api::world::convex_ccd_integration_tests::convex_gpu_ccd_corrects_live_steps_and_rebuilds_after_mutation: test
api::world::convex_ccd_integration_tests::convex_gpu_ccd_matches_large_scene_cpu_ccd_checkpoints: test
api::world::convex_ccd_integration_tests::convex_gpu_ccd_preserves_kinematic_filters_and_joint_exclusions: test
api::world::convex_ccd_integration_tests::resident_steps_and_render_metadata_do_not_download_body_state: test
api::world::convex_ccd_integration_tests::scene_capability_cache_tracks_public_mutations: test
api::world::demand_pose_staging_tests::demand_pose_staging_policy_changes_do_not_replay_old_copies: test
api::world::demand_pose_staging_tests::demand_pose_staging_preserves_completed_ccd_mirrors: test
api::world::demand_pose_staging_tests::demand_pose_staging_preserves_getters_mutations_and_growth: test
api::world::demand_pose_staging_tests::demand_pose_staging_preserves_named_scene_states: test
api::world::full_replay_dominoes_probe::full_physics_replay_dominoes_full_state: test
api::world::full_replay_long_probe::full_physics_replay_long_state_and_reentry: test
api::world::full_replay_long_probe::global_physics_replay_connected_pile_state_and_reentry: test
api::world::full_replay_long_probe::global_physics_replay_long_state_and_reentry: test
api::world::host_rotation_rounding_tests::rounded_unit_quaternion_preserves_its_rotation_axis: test
api::world::idle_resident_tests::idle_resident_delayed_proof_requires_unbroken_chain: test
api::world::idle_resident_tests::idle_resident_growth_discards_old_proof: test
api::world::idle_resident_tests::idle_resident_mutations_restore_normal_physics: test
api::world::idle_resident_tests::idle_resident_steps_preserve_state_and_submission_identity: test
api::world::idle_resident_tests::idle_resident_wake_matches_ordinary_contact_history: test
api::world::joint_event_tests::callback_veto_suppresses_new_events_and_ends_existing_touch: test
api::world::joint_event_tests::reaction_impulses_use_solver_accumulators_for_every_joint_kind: test
api::world::joint_event_tests::spawn_within_capacity_preserves_contact_buffers: test
api::world::joint_event_tests::spawning_growth_reuses_programs_without_aliasing_world_state: test
api::world::joint_metadata_tests::identity_getters_do_not_harvest_a_pending_step: test
api::world::mesh_instance_tests::raw_mesh_instances_share_gpu_ranges_and_preserve_affine_support: test
api::world::mesh_shared_snapshot_tests::mesh_snapshots_share_storage_and_survive_replacement_and_destruction: test
api::world::native_diagnostics::tests::native_diagnostics_contract: test
api::world::native_diagnostics::tests::trace_native_diagnostic_peaks: test
api::world::recycling_metadata_tests::recycling_reads_and_unchanged_setters_do_not_harvest_gpu_state: test
api::world::render_scene_tests::render_scene_preserves_slots_children_and_does_not_harvest_physics: test
api::world::resident_force_cache_probe::resident_force_cache_tracks_consumption_and_flushes: test
api::world::scheduling_tests::automatic_dense_schedule_repeats_exactly: test
api::world::scheduling_tests::automatic_schedule_preserves_independent_groups: test
api::world::scheduling_tests::automatic_schedule_rechecks_topology_and_explicit_overrides: test
api::world::scheduling_tests::mixed_topology_schedule_transitions_preserve_constraints: test
api::world::scheduling_tests::mixed_topology_schedules_match_through_impact: test
api::world::shape_geometry::tests::replacement_reuses_storage_and_preserves_body_mass_and_metadata: test
api::world::speculative_policy_tests::speculative_mesh_controls_capture_complete_step_state: test
api::world::speculative_policy_tests::speculative_world_policy_survives_zero_steps_diagnostics_and_lifetimes: test
api::world::state_trace::ccd_state_trace::tests::ccd_capture_rejects_invalid_geometry_relationships: test
api::world::state_trace::ccd_state_trace::tests::trace_observes_device_only_convex_ccd_geometry: test
api::world::state_trace::geometry_trace::tests::geometry_relationship_controls: test
api::world::state_trace::host_events_trace::tests::trace_tracks_continuous_sensor_crossing_and_clear: test
api::world::state_trace::host_events_trace::tests::trace_tracks_sensor_deletion_and_motion_joint_events: test
api::world::state_trace::host_state_trace::tests::trace_captures_host_configuration_query_cache_and_ccd_history: test
api::world::state_trace::tests::child_manifold_relocation_fixture: test
api::world::state_trace::tests::child_relocation_joint_history_fixture: test
api::world::state_trace::tests::contact_impulse_control_preserves_nonimpulse_state: test
api::world::state_trace::tests::joint_filter_survives_body_growth_within_capacity: test
api::world::state_trace::tests::occupied_membership_permutation_preserves_future_state: test
api::world::state_trace::tests::revolute_cache_transplant_preserves_nonimpulse_state: test
api::world::state_trace::tests::spherical_impulse_control_preserves_nonimpulse_state: test
api::world::state_trace::tests::trace_boundary_rejects_unconsumed_pose_readback: test
api::world::state_trace::tests::trace_captures_active_motor_spring_angular_impulses: test
api::world::state_trace::tests::trace_captures_between_step_retirement_candidates: test
api::world::state_trace::tests::trace_captures_contact_metrics_refresh_state: test
api::world::state_trace::tests::trace_captures_inactive_contact_identity_lanes: test
api::world::state_trace::tests::trace_captures_nonempty_convex_geometry: test
api::world::state_trace::tests::trace_captures_timing_window_replay_policy: test
api::world::state_trace::tests::trace_contact_island_wake_propagation: test
api::world::state_trace::tests::trace_covers_native_full_replay_and_reentry: test
api::world::state_trace::tests::trace_creation_identity_survives_body_slot_reuse: test
api::world::state_trace::tests::trace_decodes_semantic_legacy_padding_lanes: test
api::world::state_trace::tests::trace_distinguishes_history_lookup_and_saved_generations: test
api::world::state_trace::tests::trace_joint_island_wake_propagation: test
api::world::state_trace::tests::trace_mass_mutations_preserve_analytical_impulse_response: test
api::world::state_trace::tests::trace_observes_gpu_loads_and_their_next_step_clear: test
api::world::state_trace::tests::trace_order_sensitive_callbacks_with_body_reuse: test
api::world::state_trace::tests::trace_preserves_signed_zero_and_rejects_non_finite_values: test
api::world::state_trace::tests::trace_prismatic_motor_reversal_respects_both_limits: test
api::world::state_trace::tests::trace_rejects_stale_device_body_center: test
api::world::state_trace::tests::trace_rejects_stale_device_joint_filter: test
api::world::state_trace::tests::trace_rejects_uncaptured_host_policy_and_force_membership: test
api::world::state_trace::tests::trace_rejects_undrained_contact_status: test
api::world::state_trace::tests::trace_restitution_matches_analytical_rebound: test
api::world::state_trace::tests::trace_sliding_friction_matches_analytical_motion: test
api::world::state_trace::tests::trace_stack_support_and_energy: test
api::world::state_trace::tests::trace_tracks_contact_retirement_and_slot_reuse: test
api::world::state_trace::tests::trace_validates_uploaded_mesh_tree_relationships: test
api::world::world_counter_tests::contact_order_survives_body_capacity_growth_and_invalidates_proxy_changes: test
api::world::world_counter_tests::initial_joint_after_gpu_upload_allocates_ordering_storage: test
api::world::world_counter_tests::topology_counts_do_not_download_or_harvest_submitted_physics: test
api::world::world_counter_tests::topology_counts_track_public_shapes_and_live_joint_holes: test
api::world::world_lifetime::live_world_lifetime_tests::world_lifetime_tests_body_generation_exhaustion_does_not_revive_handles: test
api::world::world_lifetime::live_world_lifetime_tests::world_lifetime_tests_recreation_rejects_stale_roots_and_children: test
api::world::world_lifetime::world_lifetime_tests::epoch_exhaustion_retires_instead_of_wrapping: test
broadphase_order::tests::enlarged_tree_order_matches_native_partial_rebuilds: test
broadphase_order::tests::initial_tree_order_matches_box3d_rotations_and_ties: test
ccd::tests::gpu_ccd_motion_uses_ordered_endpoints_and_slot_flags: test
dispatch::tests::linear_dispatch_grid_boundaries_and_unique_coverage: test
dispatch::tests::linear_dispatch_rejects_unrepresentable_grid: test
dispatch_gpu_tests::tiled_dispatch_direct_indirect_and_cached_cover_each_element_once: test
drag_replay::tests::translates_native_axis_enumeration_without_accepting_backside: test
dump::tests::high_resistance_sleep_does_not_use_awake_classification: test
dump::tests::physics_quality_rejects_nan_and_floor_loss: test
dump::tests::rest_fields_cover_all_scene_kinds: test
dump::tests::single_box_rest_matches_half_extent: test
gpu_invariants::adding_second_child_after_degree_one_path_stays_supported: test
gpu_invariants::baked_compound_ray_returns_parent_and_stable_child_ordinal: test
gpu_invariants::body_contact_recycling_setting_reaches_gpu_for_either_endpoint: test
gpu_invariants::body_slots_cross_old_16bit_boundary: test
gpu_invariants::bounded_static_sort_handles_two_children_and_restores_general_for_three: test
gpu_invariants::box_contacts_stay_bounded_and_conflict_free: test
gpu_invariants::box_mesh_support_inside_face_without_corner_hits: test
gpu_invariants::box_spanning_chamfer_uses_box_face_axis: test
gpu_invariants::box_stack_reuses_slots_on_same_world: test
gpu_invariants::capacity_loss_stops_later_physics_submissions: test
gpu_invariants::capsule_angular_impulse_uses_axial_inertia: test
gpu_invariants::capsule_body_center_matches_native_inverse_mass_scaling: test
gpu_invariants::capsule_compound_inertia_applies_parallel_axis_once: test
gpu_invariants::capsule_contact_endpoint_is_translation_invariant: test
gpu_invariants::capsule_feature_ids_survive_single_and_clipped_manifold_transitions: test
gpu_invariants::capsule_friction_rotating_normal_matches_cpu: test
gpu_invariants::capsule_full_mass_survives_edits_and_compounds: test
gpu_invariants::capsule_mass_data_matches_compute_helper: test
gpu_invariants::capsule_mesh_contact_uses_capsule_local_frame: test
gpu_invariants::capsule_mesh_friction_uses_cpu_scalar_order: test
gpu_invariants::capsule_mesh_keeps_face_admitted_by_closest_distance: test
gpu_invariants::capsule_mesh_preserves_distinct_seam_witnesses: test
gpu_invariants::capsule_mesh_reduces_complete_cluster: test
gpu_invariants::capsule_mesh_solves_face_patch_before_tentative_edge: test
gpu_invariants::capsule_original_endpoints_match_cpu_contact_normal: test
gpu_invariants::capsule_parallel_threshold_matches_native_float_product: test
gpu_invariants::capsule_proxy_retires_separated_parallel_pair: test
gpu_invariants::capsule_rolling_and_twist_friction_match_cpu: test
gpu_invariants::ccd_proxy_padding_tracks_no_hit_and_impact: test
gpu_invariants::collision_pipeline_tracks_mesh_add_remove: test
gpu_invariants::compact_unique_matches_cpu_reference_with_stale_radix: test
gpu_invariants::completed_ccd_correction_survives_staged_pose_reads: test
gpu_invariants::completed_step_is_independent_of_timestamp_ring: test
gpu_invariants::compound_events_and_callbacks_use_public_shapes_with_slot_holes: test
gpu_invariants::contact_api_caches_data_without_events_and_invalidates_reused_world_ids: test
gpu_invariants::contact_hit_identity_survives_a_body_slot_hole: test
gpu_invariants::destroy_and_reuse_slots: test
gpu_invariants::distance_joint_box_stays_bounded: test
gpu_invariants::dt_zero_is_a_full_physics_noop: test
gpu_invariants::duration_ms_from_ns_is_exact_at_long_uptime: test
gpu_invariants::empty_capsule_pairs_keep_populated_reference_order: test
gpu_invariants::fast_mesh_refresh_preserves_slow_and_nonmesh_recycling: test
gpu_invariants::flat_mesh_does_not_create_pairs_above_native_fat_bounds: test
gpu_invariants::friction_slows_sliding_box: test
gpu_invariants::full_physics_replay_timestamps_remain_live_and_partition_device_time: test
gpu_invariants::full_width_shape_pairs_preserve_callbacks_events_and_remapping: test
gpu_invariants::fused_islands_remain_disabled: test
gpu_invariants::getters_match_aabb_after_step_without_wait: test
gpu_invariants::gpu_closest_ray_capsule_and_box_normals: test
gpu_invariants::gpu_closest_ray_ccd_and_events_independent_of_picks: test
gpu_invariants::gpu_closest_ray_matches_cpu_scan_on_boxes: test
gpu_invariants::gpu_closest_ray_mesh_height_and_oracle_primitives: test
gpu_invariants::gpu_closest_ray_miss_mask_teleport_and_compound: test
gpu_invariants::gpu_closest_ray_teleport_does_not_rewind_neighbors: test
gpu_invariants::gpu_closest_ray_winner_is_one_shape_on_ties: test
gpu_invariants::gpu_joint_lists_are_exclusive_and_ordered: test
gpu_invariants::gpu_schedule_uses_body_slot_32768: test
gpu_invariants::graph_body_id_is_not_truncated_to_15_bits: test
gpu_invariants::health_scan_uses_body_origin_for_offset_mass: test
gpu_invariants::high_resistance_creation_order_and_pause_do_not_change_rest: test
gpu_invariants::high_resistance_sleeper_wakes_on_velocity: test
gpu_invariants::high_resistance_uses_one_group_wave_only: test
gpu_invariants::hit_event_flag_does_not_change_impact_pose: test
gpu_invariants::host_non_dynamic_matches_shader_ownership: test
gpu_invariants::joint_chain_stays_one_writable_component: test
gpu_invariants::joint_contact_wave_matches_general_colors_with_more_than_64_components: test
gpu_invariants::joint_filter_table_matches_scan_oracle: test
gpu_invariants::joint_sparse_slot_reuse_and_wake_keep_exclusive_owners: test
gpu_invariants::jointed_contact_inherits_color_when_first_joint_is_added: test
gpu_invariants::jointed_contact_keeps_color_when_another_contact_stops: test
gpu_invariants::jointed_contact_start_precedes_later_id_retirement: test
gpu_invariants::jointed_contact_transition_survives_buffer_growth: test
gpu_invariants::kinematic_mesh_supports_dynamic_box: test
gpu_invariants::kinematic_support_keeps_dynamic_on_platform: test
gpu_invariants::late_event_read_does_not_invent_a_new_contact_begin: test
gpu_invariants::later_mesh_bvh_offsets_are_nodes_not_packed_vectors: test
gpu_invariants::linear_materials_use_geometric_mix_and_bounded_callbacks: test
gpu_invariants::locked_hull_rests_on_height_field: test
gpu_invariants::locked_hull_rests_on_triangle_mesh: test
gpu_invariants::manifold_rebase_preserves_world_separation: test
gpu_invariants::mass_queries_preserve_shape_and_explicit_mass: test
gpu_invariants::material_callback_capacity_invalidates_existing_world: test
gpu_invariants::mesh_contacts_use_all_hull_vertices_not_first_eight: test
gpu_invariants::mesh_drop_thin_box_contact_at_captured_pose: test
gpu_invariants::mesh_face_retains_separated_points_for_rotating_impact: test
gpu_invariants::mesh_ground_does_not_skip_general_static_sort: test
gpu_invariants::mesh_hull_backside_uses_cpu_linear_slop: test
gpu_invariants::mixed_stacks_stay_in_two_layers: test
gpu_invariants::multiple_submits_consume_one_snapshot: test
gpu_invariants::noop_custom_filter_matches_ordinary_stepping: test
gpu_invariants::offset_com_joints_keep_world_anchors: test
gpu_invariants::offset_compound_children_stay_supported: test
gpu_invariants::offset_shape_contact_is_rebased_exactly_once: test
gpu_invariants::overlapping_compound_children_stay_on_ground: test
gpu_invariants::overlapping_compound_matches_force_general_static_sort: test
gpu_invariants::overlapping_compounds_schedule_each_contact_once: test
gpu_invariants::pair_hash_mix_sequential_and_random_pairs: test
gpu_invariants::pair_hash_mix_spreads_constant_high_half: test
gpu_invariants::pair_hash_mix_spreads_ground_keys: test
gpu_invariants::pair_hash_table_survives_collisions_and_tombstones: test
gpu_invariants::paired_spherical_joints_stay_finite: test
gpu_invariants::parallel_joint_holds_chassis_upright: test
gpu_invariants::parameterized_scale_fixtures_realize_counts: test
gpu_invariants::pause_draws_match_continuous_steps: test
gpu_invariants::pause_draws_match_continuous_with_contacts_and_holes: test
gpu_invariants::pause_draws_then_impulse_then_step: test
gpu_invariants::physics_step_id_advances_when_timestamp_ring_is_full: test
gpu_invariants::picking_does_not_change_completed_pose: test
gpu_invariants::point_persistence_survives_publication_recycling_and_zero_impulses: test
gpu_invariants::pose_snapshot_compound_survives_neighbor_hole: test
gpu_invariants::pose_snapshot_getter_latency_is_not_a_copy_gate: test
gpu_invariants::pose_snapshot_grows_when_bodies_are_added: test
gpu_invariants::pose_snapshot_is_not_remapped_per_getter: test
gpu_invariants::pose_snapshot_keeps_identity_with_first_slot_hole: test
gpu_invariants::pose_snapshot_keeps_identity_with_multiple_holes: test
gpu_invariants::pose_snapshot_keeps_identity_with_unfilled_holes: test
gpu_invariants::pose_snapshot_maps_once_per_kick: test
gpu_invariants::pose_snapshot_reuse_does_not_apply_stale_occupant: test
gpu_invariants::pre_solve_veto_disables_all_mesh_patches_and_can_reenable_at_rest: test
gpu_invariants::prismatic_blocks_transverse_velocity_at_zero_position_error: test
gpu_invariants::prismatic_locks_relative_rotation: test
gpu_invariants::recycled_contact_separation_matches_fresh_at_rest: test
gpu_invariants::rejected_mesh_wall_cannot_replace_floor_manifold_normal: test
gpu_invariants::resting_box_stays_on_ground: test
gpu_invariants::restitution_drop_rebounds: test
gpu_invariants::revolute_keeps_one_group_contact_waves: test
gpu_invariants::revolute_substep_warm_start_matches_cpu: test
gpu_invariants::rotated_compound_stays_supported: test
gpu_invariants::rotated_revolute_frame_corrects_tilt_instead_of_amplifying_it: test
gpu_invariants::runtime_recycling_toggle_recomputes_existing_contacts: test
gpu_invariants::scratch_layout_matches_shaders: test
gpu_invariants::setter_survives_stale_pose_snapshot: test
gpu_invariants::shared_static_ground_joints_are_exclusive_and_match_serial: test
gpu_invariants::sticky_capacity_loss_survives_later_clean_steps: test
gpu_invariants::stored_joint_anchors_stay_origin_relative_after_mass: test
gpu_invariants::tentative_mesh_edge_cannot_hide_confirmed_floor: test
gpu_invariants::tiled_physics_dispatch_preserves_callbacks_events_and_remapping: test
gpu_invariants::topology_recompute_matches_cached_compound_classification: test
gpu_invariants::two_kinematic_supports_without_static: test
gpu_invariants::unsupported_scene_sets_fail_without_abort: test
gpu_invariants::wheel_prepared_and_current_levers_agree_at_identity_dq: test
gpu_invariants::zero_mass_dynamic_support_remains_dynamic_for_sort: test
headless::metrics_tests::repeated_timing_percentiles_use_nearest_rank: test
headless::metrics_tests::scaling_windows_bound_expensive_workloads: test
loading::tests::preparation_does_not_advance_physics_and_recreated_world_prepares_again: test
loading_screen::tests::loading_overlay_renders_without_a_physics_world: test
native_async::tests::discarded_merged_poses_release_slots_for_reuse: test
native_async::tests::secondary_queue_handoff_preserves_every_generation: test
native_async::tests::secondary_tracked_device_has_independent_completion_and_lifetime: test
native_async::tests::shared_pose_ring_preserves_tracked_generations_and_alias_lifetime: test
native_async::tests::tracked_queues_exchange_binary_dependencies_without_cpu_waits: test
native_command_cache::replay_lifetime_tests::primary_replay_upload_order_and_owner_lifetime: test
native_precision::tests::integer_only_entry_needs_no_float_decorations: test
native_precision::tests::native_capsule_projection_matches_cpu: test
native_precision::tests::native_capsule_proxy_bounds_matches_cpu: test
native_precision::tests::native_capsule_segment_matches_cpu: test
native_precision::tests::native_capsule_terrain_edge_is_retained: test
native_precision::tests::native_contact_friction_reproject_matches_cpu: test
native_precision::tests::native_contact_order_tree_matches_rebuild_history: test
native_precision::tests::native_contact_pair_priority_matches_creation_history: test
native_precision::tests::native_contact_softness_matches_cpu: test
native_precision::tests::native_convex_rolling_matches_cpu: test
native_precision::tests::native_mesh_base_separation_matches_cpu: test
native_precision::tests::native_mesh_inertia_matches_cpu: test
native_precision::tests::native_mesh_rolling_matches_cpu: test
native_precision::tests::native_revolute_alignment_velocity_matches_cpu: test
native_precision::tests::native_revolute_axial_matches_cpu: test
native_precision::tests::native_revolute_perp_mass_matches_cpu: test
native_precision::tests::native_revolute_point_velocity_matches_cpu: test
native_precision::tests::native_scalar_residual_corrections_match_cpu: test
native_precision::tests::native_speed_cap_matches_cpu: test
native_precision::tests::native_spherical_cone_matches_cpu: test
native_precision::tests::native_spherical_motor_clamp_matches_cpu: test
native_precision::tests::native_spherical_motor_mass_matches_cpu: test
native_precision::tests::native_spherical_point_velocity_matches_cpu: test
native_precision::tests::native_spherical_preparation_matches_cpu: test
native_precision::tests::native_spherical_twist_velocity_matches_cpu: test
native_precision::tests::native_spherical_warm_torque_matches_cpu: test
native_precision::tests::precision_covers_arithmetic_and_explicit_fma: test
native_precision::tests::source_reuse_keeps_entry_points_and_overrides_independent: test
render::camera_tests::fit_keeps_mixed_stack_bounds_inside_wide_and_tall_viewports: test
scene_draw::tests::gpu_draw_uses_com_offsets_and_sparse_body_slots: test
scenes::fixture_bounds_tests::scaled_mixed_stacks_keep_every_cube_over_ground: test
sim::manifold_chain_tests::batch_memo_matches_greedy_after_input_changes_and_slot_reuse: test
sim::manifold_chain_tests::body_extra_reads_use_capacity_when_live_slot_span_changes: test
sim::manifold_chain_tests::callback_veto_validates_complete_manifold_ownership: test
sim::manifold_chain_tests::canonical_child_candidate_handles_empty_and_rejects_invalid_boundaries: test
sim::manifold_chain_tests::canonical_child_candidate_preserves_payload_counters_and_rejects_bad_chains: test
sim::manifold_chain_tests::child_placement_changes_next_root_free_slot: test
sim::manifold_chain_tests::clearing_unread_retirement_failure_cannot_rehabilitate_physics: test
sim::manifold_chain_tests::completed_wait_reports_same_step_retirement_failure: test
sim::manifold_chain_tests::contact_growth_preserves_unread_sticky_failure_reasons: test
sim::manifold_chain_tests::contact_metrics_distinguish_candidates_roots_and_patch_slots_with_step_identity: test
sim::manifold_chain_tests::contact_retirement_preserves_sticky_failure_reasons: test
sim::manifold_chain_tests::convex_rolling_uses_child_inner_radius_not_body_bounds: test
sim::manifold_chain_tests::dirty_contact_range_preserves_retired_history_and_skips_unused_slots: test
sim::manifold_chain_tests::dynamic_greedy_colors_match_reference_with_holes_and_overflow: test
sim::manifold_chain_tests::fat_static_list_overflow_records_capacity_loss: test
sim::manifold_chain_tests::full_width_contact_hash_preserves_identity_through_retirement_and_reuse: test
sim::manifold_chain_tests::full_width_pair_radix_matches_u64_order_and_compaction: test
sim::manifold_chain_tests::gear_mesh_reduction_keeps_both_native_penetrating_witnesses: test
sim::manifold_chain_tests::generated_mesh_list_publishes_root_and_children: test
sim::manifold_chain_tests::graph_density_status_selects_dense_piles_and_rejects_stale_topology: test
sim::manifold_chain_tests::hull_reduction_preserves_small_polygons_and_spreads_large_ones: test
sim::manifold_chain_tests::hull_triangle_incident_face_matches_native_support_edge_choice: test
sim::manifold_chain_tests::invalid_joint_list_warm_start_has_one_global_writer: test
sim::manifold_chain_tests::joint_pair_retirement_owns_children_and_preserves_other_roots: test
sim::manifold_chain_tests::large_component_rejects_bad_chains_before_integration: test
sim::manifold_chain_tests::larger_pair_capacity_compacts_and_preserves_contacts_on_growth: test
sim::manifold_chain_tests::manifold_chain_conserves_dynamic_momentum_and_respects_kinematics: test
sim::manifold_chain_tests::manifold_chain_executes_every_patch_in_all_solver_paths: test
sim::manifold_chain_tests::manifold_chain_rejects_corruption_before_applying_impulses: test
sim::manifold_chain_tests::manifold_chain_warm_start_and_restitution_visit_children_once: test
sim::manifold_chain_tests::manifold_finalization_uses_selected_patch_history_not_pair_root: test
sim::manifold_chain_tests::manifold_pool_allocates_uniquely_after_primary_reservations_and_reports_exhaustion: test
sim::manifold_chain_tests::manifold_pool_is_available_for_mesh_patch_growth_without_new_pairs: test
sim::manifold_chain_tests::manifold_pool_retires_deleted_body_chains_but_preserves_malformed_chains: test
sim::manifold_chain_tests::mesh_clipping_preserves_incoming_and_outgoing_feature_edges: test
sim::manifold_chain_tests::mesh_point_history_requires_full_triangle_and_feature_identity: test
sim::manifold_chain_tests::mesh_point_reduction_carries_triangle_and_feature_with_retained_witness: test
sim::manifold_chain_tests::native_reset_replay_tracks_growing_and_shrinking_body_span: test
sim::manifold_chain_tests::new_joints_preserve_existing_contact_and_joint_colors: test
sim::manifold_chain_tests::occupied_publication_parallel_preserves_order_at_boundaries: test
sim::manifold_chain_tests::occupied_retirement_keeps_input_until_publication: test
sim::manifold_chain_tests::paired_graph_compaction_preserves_both_ordered_lists: test
sim::manifold_chain_tests::paired_normals_cover_unilateral_cache_and_degenerate_cases: test
sim::manifold_chain_tests::retained_ccd_origin_survives_state_io_and_sleep_but_expires_on_motion: test
sim::manifold_chain_tests::root_free_scan_preserves_lowest_slots_and_mesh_pool: test
sim::manifold_chain_tests::single_manifold_rejects_corrupt_ownership_and_points: test
sim::manifold_chain_tests::small_component_rejects_bad_chains_before_integration: test
sim::manifold_chain_tests::solver_dispatch_boundary_probe: test
sim::manifold_chain_tests::solver_narrow_writes_preserve_full_body_and_contact_state: test
sim::manifold_chain_tests::spatial_hash_growth_clears_buckets_without_touching_contact_identity: test
sim::manifold_chain_tests::static_graph_sort_preserves_full_width_keys_and_canonical_order: test
sim::manifold_chain_tests::warm_start_control_prepares_contact_chains_and_joint_caches: test
staged_ring::tests::cross_adapter_ring_preserves_generations_and_bytes: test
trace::tests::contact_diagnostic_decodes_cache_and_features: test
trace::tests::normalize_swaps_pair_and_normal: test
types::tests::broadphase_stats_decode_explicit_drop_counters: test
types::tests::capsule_mass_matches_box3d_y_axis_unit_density: test
types::tests::capsule_mass_matches_native_float32_rotation: test
types::tests::capsule_mass_oblique_axis_is_symmetric: test
types::tests::capsule_mass_x_axis_and_sphere_limit: test
types::tests::contact_capacity_scales_with_world_demand: test
types::tests::contact_split_preserves_export_size_without_duplication: test
types::tests::radix_layout_covers_full_pair_capacity: test
types::tests::scene_caps_grow_geometrically_and_fit_live_counts: test
types::tests::spawning_headroom_and_shape_hints_include_materials: test
types::tests::village_scale_cartesian_materials_are_the_132gb_abort: test

417 tests, 0 benchmarks
