-- Box3D using Unix
nfd Platform: PLATFORM_LINUX
nfd Compiler: COMPILER_GNU
Using GTK version: 3.24.52
-- Configuring done (0.7s)
-- Generating done (0.0s)
-- Build files have been written to: /home/firtoz/work/2026/box3d-wasm/experiments/gpu-physics/artifacts/production-readiness/pr02-diagnostics/c/native-gpu/cmake
[  1%] Built target shaders
[  1%] Building CXX object CMakeFiles/imgui.dir/home/firtoz/work/2026/box3d-wasm/box3d/.fetchcontent-cache/imgui-src/imgui.cpp.o
[  5%] Built target gpu_samples_api
[  5%] Building CXX object CMakeFiles/imgui.dir/home/firtoz/work/2026/box3d-wasm/box3d/.fetchcontent-cache/imgui-src/imgui_draw.cpp.o
[ 43%] Built target box3d
[ 44%] Linking CXX static library libnfd.a
[ 45%] Building C object box3d_gfx/CMakeFiles/gfx.dir/__/capacity-gfx/arena.c.o
[ 46%] Built target nfd
[ 46%] Building C object box3d_gfx/CMakeFiles/gfx.dir/__/capacity-gfx/debug_adapter.c.o
[ 47%] Building C object box3d_shared/CMakeFiles/shared.dir/benchmarks.c.o
[ 48%] Building C object box3d_shared/CMakeFiles/shared.dir/determinism.c.o
[ 48%] Building C object box3d_shared/CMakeFiles/shared.dir/overflow_color.c.o
[ 49%] Building C object box3d_gfx/CMakeFiles/gfx.dir/__/capacity-gfx/debug_shapes.c.o
[ 50%] Building C object box3d_shared/CMakeFiles/shared.dir/stability.c.o
[ 51%] Building C object box3d_shared/CMakeFiles/shared.dir/utils.c.o
[ 52%] Building C object box3d_shared/CMakeFiles/shared.dir/__/diagnostic-human.c.o
[ 53%] Linking C static library libshared.a
[ 53%] Built target shared
[ 54%] Building C object box3d_gfx/CMakeFiles/gfx.dir/__/capacity-gfx/draw.c.o
[ 55%] Building C object box3d_gfx/CMakeFiles/gfx.dir/__/capacity-gfx/edges.c.o
[ 55%] Building C object box3d_gfx/CMakeFiles/gfx.dir/__/capacity-gfx/fonts.c.o
[ 56%] Building C object box3d_gfx/CMakeFiles/gfx.dir/__/capacity-gfx/geometry_registry.c.o
[ 57%] Building C object box3d_gfx/CMakeFiles/gfx.dir/__/capacity-gfx/gtao.c.o
[ 58%] Building C object box3d_gfx/CMakeFiles/gfx.dir/__/capacity-gfx/highlight_mask.c.o
[ 58%] Building C object box3d_gfx/CMakeFiles/gfx.dir/__/capacity-gfx/highlight_outline.c.o
[ 59%] Building C object box3d_gfx/CMakeFiles/gfx.dir/__/capacity-gfx/highlight_target.c.o
[ 60%] Building C object box3d_gfx/CMakeFiles/gfx.dir/__/capacity-gfx/ibl.c.o
[ 61%] Building C object box3d_gfx/CMakeFiles/gfx.dir/__/capacity-gfx/overlay.c.o
[ 61%] Building C object box3d_gfx/CMakeFiles/gfx.dir/__/capacity-gfx/renderer.c.o
[ 62%] Building C object box3d_gfx/CMakeFiles/gfx.dir/__/capacity-gfx/scene_target.c.o
[ 63%] Building C object box3d_gfx/CMakeFiles/gfx.dir/__/capacity-gfx/shadow.c.o
[ 64%] Building C object box3d_gfx/CMakeFiles/gfx.dir/__/capacity-gfx/sky.c.o
[ 64%] Building C object box3d_gfx/CMakeFiles/gfx.dir/sokol_impl.c.o
[ 65%] Building C object box3d_gfx/CMakeFiles/gfx.dir/__/capacity-gfx/text.c.o
[ 66%] Building C object box3d_gfx/CMakeFiles/gfx.dir/__/capacity-gfx/tone_map.c.o
[ 67%] Building C object box3d_gfx/CMakeFiles/gfx.dir/__/capacity-gfx/world_text.c.o
[ 67%] Building C object box3d_gfx/CMakeFiles/gfx.dir/home/firtoz/work/2026/box3d-wasm/experiments/gpu-physics/native-samples/sokol_capacity.c.o
[ 68%] Building CXX object CMakeFiles/imgui.dir/home/firtoz/work/2026/box3d-wasm/box3d/.fetchcontent-cache/imgui-src/imgui_tables.cpp.o
[ 69%] Building CXX object CMakeFiles/imgui.dir/home/firtoz/work/2026/box3d-wasm/box3d/.fetchcontent-cache/imgui-src/imgui_widgets.cpp.o
[ 70%] Linking C static library libgfx.a
[ 70%] Built target gfx
[ 71%] Building CXX object CMakeFiles/imgui.dir/home/firtoz/work/2026/box3d-wasm/box3d/.fetchcontent-cache/imgui-src/imgui_demo.cpp.o
[ 71%] Linking CXX static library libimgui.a
[ 71%] Built target imgui
[ 74%] Building CXX object CMakeFiles/implot.dir/home/firtoz/work/2026/box3d-wasm/box3d/.fetchcontent-cache/implot-src/implot.cpp.o
[ 74%] Building CXX object CMakeFiles/implot.dir/home/firtoz/work/2026/box3d-wasm/box3d/.fetchcontent-cache/implot-src/implot_items.cpp.o
[ 74%] Building CXX object CMakeFiles/implot.dir/home/firtoz/work/2026/box3d-wasm/box3d/.fetchcontent-cache/implot-src/implot_demo.cpp.o
/home/firtoz/work/2026/box3d-wasm/box3d/.fetchcontent-cache/implot-src/implot.cpp: In function ‘bool ImPlot::UpdateInput(ImPlotPlot&)’:
/home/firtoz/work/2026/box3d-wasm/box3d/.fetchcontent-cache/implot-src/implot.cpp:1839:46: warning: bitwise operation between different enumeration types ‘ImGuiButtonFlags_’ and ‘ImGuiButtonFlagsPrivate_’ is deprecated [-Wdeprecated-enum-enum-conversion]
 1838 |     const ImGuiButtonFlags plot_button_flags = ImGuiButtonFlags_AllowOverlap
      |                                                ~~~~~~~~~~~~~~~~~~~~~~~~~~~~~
 1839 |                                              | ImGuiButtonFlags_PressedOnClick
      |                                              ^~~~~~~~~~~~~~~~~~~~~~~~~~~~~~~~~
/home/firtoz/work/2026/box3d-wasm/box3d/.fetchcontent-cache/implot-src/implot.cpp: In function ‘void ImPlot::EndPlot()’:
/home/firtoz/work/2026/box3d-wasm/box3d/.fetchcontent-cache/implot-src/implot.cpp:3053:53: warning: bitwise operation between different enumeration types ‘ImGuiButtonFlags_’ and ‘ImGuiButtonFlagsPrivate_’ is deprecated [-Wdeprecated-enum-enum-conversion]
 3052 |         const ImGuiButtonFlags legend_button_flags = ImGuiButtonFlags_AllowOverlap
      |                                                      ~~~~~~~~~~~~~~~~~~~~~~~~~~~~~
 3053 |                                                     | ImGuiButtonFlags_PressedOnClick
      |                                                     ^~~~~~~~~~~~~~~~~~~~~~~~~~~~~~~~~
/home/firtoz/work/2026/box3d-wasm/box3d/.fetchcontent-cache/implot-src/implot.cpp: In function ‘void ImPlot::EndSubplots()’:
/home/firtoz/work/2026/box3d-wasm/box3d/.fetchcontent-cache/implot-src/implot.cpp:3576:53: warning: bitwise operation between different enumeration types ‘ImGuiButtonFlags_’ and ‘ImGuiButtonFlagsPrivate_’ is deprecated [-Wdeprecated-enum-enum-conversion]
 3575 |         const ImGuiButtonFlags legend_button_flags = ImGuiButtonFlags_AllowOverlap
      |                                                      ~~~~~~~~~~~~~~~~~~~~~~~~~~~~~
 3576 |                                                     | ImGuiButtonFlags_PressedOnClick
      |                                                     ^~~~~~~~~~~~~~~~~~~~~~~~~~~~~~~~~
[ 74%] Linking CXX static library libimplot.a
[ 74%] Built target implot
[ 75%] Generating main_bench.cpp, sample_bench.cpp, sample_continuous_bench.cpp, sample_joint_bench.cpp, sample_character_loading.cpp
[ 78%] Building CXX object CMakeFiles/samples_gpu.dir/sokol_bench_hooks.cpp.o
[ 77%] Building CXX object CMakeFiles/samples_gpu.dir/main_bench.cpp.o
[ 78%] Building CXX object CMakeFiles/samples_gpu.dir/sample_gpu_bench.cpp.o
[ 78%] Building CXX object CMakeFiles/samples_gpu.dir/sokol_loading.cpp.o
[ 78%] Building CXX object CMakeFiles/samples_gpu.dir/sample_shape_replacement.cpp.o
[ 79%] Building CXX object CMakeFiles/samples_gpu.dir/home/firtoz/work/2026/box3d-wasm/box3d/samples/host/camera.cpp.o
[ 80%] Building CXX object CMakeFiles/samples_gpu.dir/home/firtoz/work/2026/box3d-wasm/box3d/samples/host/gui.cpp.o
[ 81%] Building CXX object CMakeFiles/samples_gpu.dir/home/firtoz/work/2026/box3d-wasm/box3d/samples/host/imgui_impl.cpp.o
[ 81%] Building C object CMakeFiles/samples_gpu.dir/home/firtoz/work/2026/box3d-wasm/box3d/samples/host/sokol_app_impl.c.o
[ 82%] Building CXX object CMakeFiles/samples_gpu.dir/sample_bench.cpp.o
[ 83%] Building CXX object CMakeFiles/samples_gpu.dir/home/firtoz/work/2026/box3d-wasm/box3d/samples/mesh_loader.cpp.o
[ 84%] Building CXX object CMakeFiles/samples_gpu.dir/home/firtoz/work/2026/box3d-wasm/box3d/samples/mover.cpp.o
[ 84%] Building CXX object CMakeFiles/samples_gpu.dir/home/firtoz/work/2026/box3d-wasm/box3d/samples/sample_benchmark.cpp.o
[ 85%] Building CXX object CMakeFiles/samples_gpu.dir/home/firtoz/work/2026/box3d-wasm/box3d/samples/sample_bodies.cpp.o
[ 86%] Building CXX object CMakeFiles/samples_gpu.dir/sample_character_loading.cpp.o
[ 87%] Building CXX object CMakeFiles/samples_gpu.dir/home/firtoz/work/2026/box3d-wasm/box3d/samples/sample_collision.cpp.o
[ 87%] Building CXX object CMakeFiles/samples_gpu.dir/home/firtoz/work/2026/box3d-wasm/box3d/samples/sample_compound.cpp.o
[ 88%] Building CXX object CMakeFiles/samples_gpu.dir/sample_continuous_bench.cpp.o
[ 89%] Building CXX object CMakeFiles/samples_gpu.dir/home/firtoz/work/2026/box3d-wasm/box3d/samples/sample_determinism.cpp.o
[ 90%] Building CXX object CMakeFiles/samples_gpu.dir/home/firtoz/work/2026/box3d-wasm/box3d/samples/sample_events.cpp.o
[ 90%] Building CXX object CMakeFiles/samples_gpu.dir/home/firtoz/work/2026/box3d-wasm/box3d/samples/sample_geometry.cpp.o
[ 91%] Building CXX object CMakeFiles/samples_gpu.dir/home/firtoz/work/2026/box3d-wasm/box3d/samples/sample_issues.cpp.o
[ 92%] Building CXX object CMakeFiles/samples_gpu.dir/sample_joint_bench.cpp.o
[ 93%] Building CXX object CMakeFiles/samples_gpu.dir/home/firtoz/work/2026/box3d-wasm/box3d/samples/sample_manifold.cpp.o
[ 93%] Building CXX object CMakeFiles/samples_gpu.dir/home/firtoz/work/2026/box3d-wasm/box3d/samples/sample_mesh.cpp.o
[ 94%] Building CXX object CMakeFiles/samples_gpu.dir/home/firtoz/work/2026/box3d-wasm/box3d/samples/sample_ragdoll.cpp.o
[ 95%] Building CXX object CMakeFiles/samples_gpu.dir/home/firtoz/work/2026/box3d-wasm/box3d/samples/sample_replay.cpp.o
[ 96%] Building CXX object CMakeFiles/samples_gpu.dir/home/firtoz/work/2026/box3d-wasm/box3d/samples/sample_robustness.cpp.o
[ 96%] Building CXX object CMakeFiles/samples_gpu.dir/home/firtoz/work/2026/box3d-wasm/box3d/samples/sample_shapes.cpp.o
[ 97%] Building CXX object CMakeFiles/samples_gpu.dir/home/firtoz/work/2026/box3d-wasm/box3d/samples/sample_stacking.cpp.o
[ 98%] Building CXX object CMakeFiles/samples_gpu.dir/home/firtoz/work/2026/box3d-wasm/box3d/samples/sample_tree.cpp.o
[ 99%] Building CXX object CMakeFiles/samples_gpu.dir/home/firtoz/work/2026/box3d-wasm/box3d/samples/sample_world.cpp.o
[ 99%] Building CXX object CMakeFiles/samples_gpu.dir/sample_stats.cpp.o
[100%] Linking CXX executable bin/samples_gpu
[100%] Built target samples_gpu
