gpu pr09-floor-village capture/health pass
gpu pr09-floor-tile-floor capture/health pass
gpu pr09-floor-mesh-tile capture/health pass
gpu pr09-floor-single-box capture/health pass
gpu pr09-floor-mesh-grid capture/health pass
gpu pr09-floor-village capture/health pass
gpu pr09-floor-tile-floor capture/health pass
gpu pr09-floor-mesh-tile capture/health pass
gpu pr09-floor-single-box capture/health pass
gpu pr09-floor-mesh-grid capture/health pass
gpu pr09-floor-village capture/health pass
gpu pr09-floor-tile-floor capture/health pass
gpu pr09-floor-mesh-tile capture/health pass
gpu pr09-floor-single-box capture/health pass
gpu pr09-floor-mesh-grid capture/health pass
gpu pr09-floor-village capture/health pass
gpu pr09-floor-tile-floor capture/health pass
gpu pr09-floor-mesh-tile capture/health pass
gpu pr09-floor-single-box capture/health pass
gpu pr09-floor-mesh-grid capture/health pass
