   Compiling gpu-physics v0.1.0 (/home/firtoz/work/2026/box3d-wasm/experiments/gpu-physics)
warning: variable does not need to be mutable
    --> src/headless.rs:1116:13
     |
1116 |         let mut run_bp_stages: Vec<String> = Vec::new();
     |             ----^^^^^^^^^^^^^
     |             |
     |             help: remove this `mut`
     |
     = note: `#[warn(unused_mut)]` (part of `#[warn(unused)]`) on by default

error[E0282]: type annotations needed
   --> src/api/world/native_diagnostics.rs:236:17
    |
236 |                 parts[destination].push(host);
    |                 ^^^^^^^^^^^^^^^^^^ cannot infer type

warning: unused variable: `can_replay`
    --> src/sim.rs:3167:13
     |
3167 |         let can_replay=false;
     |             ^^^^^^^^^^ help: if this is intentional, prefix it with an underscore: `_can_replay`
     |
     = note: `#[warn(unused_variables)]` (part of `#[warn(unused)]`) on by default

warning: unused variable: `b`
    --> src/headless.rs:1135:24
     |
1135 |                 for (i,b) in states.iter().enumerate().filter(|(_,b)| b.inv_mass > 0.0) {
     |                        ^ help: if this is intentional, prefix it with an underscore: `_b`

warning: variable does not need to be mutable
  --> src/app.rs:36:9
   |
36 |     let mut render = gpu.clone();
   |         ----^^^^^^
   |         |
   |         help: remove this `mut`

For more information about this error, try `rustc --explain E0282`.
warning: `gpu-physics` (lib) generated 4 warnings
error: could not compile `gpu-physics` (lib) due to 1 previous error; 4 warnings emitted
