0 0 1 0.49999994 -0.192000017 0.934903204 0.298482805 1 0
0 1 0 0 0 0 0 0 0
query 0 1 1 1 1 0.499999493
refit 0 1 1 1 1 0.500001907
mover-cast 0 0.438749999
support 0 0.254930407 3.82247708e-05
1 0 1 0.49999994 -0.192000017 0.934903204 0.298482805 1 0
1 1 0 0 0 0 0 0 0
query 1 1 1 1 1 0.499999493
refit 1 1 1 1 1 0.499999672
mover-cast 1 0.438749999
support 1 0.25492993 8.53594429e-06
2 0 1 0.5 0.192000017 -0.934903204 -0.298482805 1 0
2 1 0 0 0 0 0 0 0
query 2 1 1 1 1 0.499998987
refit 2 1 1 1 1 0.500000119
mover-cast 2 0.438749999
support 2 0.254930139 1.79694871e-05
3 0 1 0.5 0.192000017 -0.934903204 -0.298482805 1 0
3 1 0 0 0 0 0 0 0
query 3 1 1 1 1 0.500000119
refit 3 1 1 1 1 0.500000119
mover-cast 3 0.438749999
support 3 0.254929125 4.54232249e-05
4 0 1 0.499999881 -0.192000017 0.934903204 0.298482805 1 0
4 1 0 0 0 0 0 0 0
query 4 1 1 1 1 0.499998987
refit 4 1 1 1 1 0.500001252
mover-cast 4 0.43874976
support 4 0.254930317 3.9466544e-05
5 0 1 0.500000119 -0.192000017 0.934903204 0.298482805 1 0
5 1 0 0 0 0 0 0 0
query 5 1 1 1 1 0.500001252
refit 5 1 1 1 1 0.500003517
mover-cast 5 0.438749999
support 5 0.254929394 2.72618618e-05
6 0 1 0.50000006 0.192000017 -0.934903204 -0.298482805 1 0
6 1 0 0 0 0 0 0 0
query 6 1 1 1 1 0.499999493
refit 6 1 1 1 1 0.500000775
mover-cast 6 0.438749999
support 6 0.254929483 8.53891834e-06
7 0 1 0.499999821 0.192000017 -0.934903204 -0.298482805 1 0
7 1 0 0 0 0 0 0 0
query 7 1 1 1 1 0.499999493
refit 7 1 1 1 1 0.499999672
mover-cast 7 0.43874976
support 7 0.254929781 4.81475854e-06
