0 0 1 0.5 -0.290297091 0.862725437 -0.414043903 1 0
0 1 0 0 0 0 0 0 0
query 0 1 1 1 1 0.500001907
refit 0 1 1 1 1 0.49999994
mover-cast 0 0.43874982
support 0 0.254928678 0.000166697646
1 0 1 0.499999732 -0.0732126459 0.907307804 -0.414043903 1 0
1 1 0 0 0 0 0 0 0
query 1 1 1 1 1 0.499997079
refit 1 1 1 1 1 0.499997079
mover-cast 1 0.438749582
support 1 0.254930079 3.82977123e-05
2 0 1 0.50000006 -0.00662978739 -0.518532038 -0.855032504 1 0
2 1 0 0 0 0 0 0 0
query 2 1 1 1 1 0.500000536
refit 2 1 1 1 1 0.500000536
mover-cast 2 0.438749999
support 2 0.254929632 2.87045495e-05
3 0 1 0.50000006 0.210454643 -0.473949641 -0.855032504 1 0
3 1 0 0 0 0 0 0 0
query 3 1 1 1 1 0.500000536
refit 3 1 1 1 1 0.500000536
mover-cast 3 0.438749999
support 3 0.254929811 1.56087735e-05
4 0 1 0.499999911 -0.210454643 0.473949641 0.855032504 1 0
4 1 0 0 0 0 0 0 0
query 4 1 1 1 1 0.499999017
refit 4 1 1 1 1 0.499999017
mover-cast 4 0.438750058
support 4 0.254930258 1.14610175e-05
5 0 1 0.50000006 0.00662978739 0.518532038 0.855032504 1 0
5 1 0 0 0 0 0 0 0
query 5 1 1 1 1 0.499999017
refit 5 1 1 1 1 0.499999017
mover-cast 5 0.438750237
support 5 0.254929423 5.40348774e-05
6 0 1 0.5 0.0732126459 -0.907307804 0.414043903 1 0
6 1 0 0 0 0 0 0 0
query 6 1 1 1 1 0.499998629
refit 6 1 1 1 1 0.499998629
mover-cast 6 0.43874988
support 6 0.254929036 8.39349523e-05
7 0 1 0.5 0.290297091 -0.862725437 0.414043903 1 0
7 1 0 0 0 0 0 0 0
query 7 1 1 1 1 0.499998629
refit 7 1 1 1 1 0.499998629
mover-cast 7 0.43874988
support 7 0.254929751 7.17167222e-06
