warning: variable does not need to be mutable
    --> src/headless.rs:1116:13
     |
1116 |         let mut run_bp_stages: Vec<String> = Vec::new();
     |             ----^^^^^^^^^^^^^
     |             |
     |             help: remove this `mut`
     |
     = note: `#[warn(unused_mut)]` (part of `#[warn(unused)]`) on by default

warning: unused variable: `can_replay`
    --> src/sim.rs:3167:13
     |
3167 |         let can_replay=false;
     |             ^^^^^^^^^^ help: if this is intentional, prefix it with an underscore: `_can_replay`
     |
     = note: `#[warn(unused_variables)]` (part of `#[warn(unused)]`) on by default

warning: variable does not need to be mutable
  --> src/dispatch_gpu_tests.rs:86:9
   |
86 |     let mut modes = vec!["direct", "indirect"];
   |         ----^^^^^
   |         |
   |         help: remove this `mut`

warning: unused variable: `b`
    --> src/headless.rs:1135:24
     |
1135 |                 for (i,b) in states.iter().enumerate().filter(|(_,b)| b.inv_mass > 0.0) {
     |                        ^ help: if this is intentional, prefix it with an underscore: `_b`

warning: variable does not need to be mutable
  --> src/app.rs:36:9
   |
36 |     let mut render = gpu.clone();
   |         ----^^^^^^
   |         |
   |         help: remove this `mut`

warning: field `full_replay_test_override` is never read
   --> src/sim.rs:649:5
    |
633 | pub struct GpuSim {
    |            ------ field in this struct
...
649 |     full_replay_test_override: Option<bool>,
    |     ^^^^^^^^^^^^^^^^^^^^^^^^^
    |
    = note: `#[warn(dead_code)]` (part of `#[warn(unused)]`) on by default

warning: methods `uses_batched_graph_test`, `physics_replay_hits`, and `set_full_replay_test` are never used
    --> src/sim.rs:2804:19
     |
1046 | impl GpuSim {
     | ----------- methods in this implementation
...
2804 |     pub(crate) fn uses_batched_graph_test(&self) -> bool { self.batched_graph_eligible() }
     |                   ^^^^^^^^^^^^^^^^^^^^^^^
...
3088 |     pub(crate) fn physics_replay_hits(&self)->u64{self.physics_replay_hits}
     |                   ^^^^^^^^^^^^^^^^^^^
3089 |     #[cfg(test)]
3090 |     pub(crate) fn set_full_replay_test(&mut self,enabled:bool){self.full_replay_test_override=Some(enabled);}
     |                   ^^^^^^^^^^^^^^^^^^^^

warning: `gpu-physics` (lib test) generated 7 warnings (run `cargo fix --lib -p gpu-physics --tests` to apply 5 suggestions)
    Finished `release` profile [optimized] target(s) in 0.15s
  Executable unittests src/lib.rs (target/samples/release/deps/gpu_physics-3d41ead5d77a28bb)
