sokol(level warn) (no message)
[gfx/info] GPU: llvmpipe (LLVM 22.1.8, 256 bits) (Mesa)
sokol-capacity: 65536 debug shapes and opaque instances per stream
GPU adapter: NVIDIA GeForce RTX 4070 SUPER | backend=Vulkan driver=NVIDIA
GPU features: subgroups
GPU limits: storage bind 2048.0 MiB, buffer 17592186044416.0 MiB
gpu-alloc scene generation=1 bodies=256 shapes=256 hull_points=64 hull_planes=64 hull_edges=64 hull_topology=64 mesh_vertices=64 mesh_triangles=64 mesh_nodes=64 materials=256 joints=16 scene_heap_bytes=237568 max=536870912
physics-pipeline-cache: loaded 5809448 bytes
gpu-alloc scene generation=0 bodies=256 shapes=256 hull_points=64 hull_planes=64 hull_edges=64 hull_topology=64 mesh_vertices=64 mesh_triangles=64 mesh_nodes=64 materials=256 joints=16 scene_heap_bytes=237568 max=536870912
gpu-scene-input shapes=2 mesh_vertices=0 mesh_triangles=0 scene_heap_bytes=237568
GPU pose export: Vulkan opaque FD 37 (28672 bytes)
physics-pipeline-cache: save 10663148 bytes, success=true
gpu-loading: ready after 2.613 s, 73 loading frames, world 1:1 (no physics steps)
GPU pose import skipped: different or unknown GPU UUID; using current CPU pose mirrors
startup: scene=0.090 ms gpu=1120.368 ms first-scene-frame=3182.659 ms loading-frames=73
physics-pipeline-cache: save 10840768 bytes, success=true
gpu-alloc scene generation=1 bodies=256 shapes=256 hull_points=64 hull_planes=64 hull_edges=64 hull_topology=64 mesh_vertices=64 mesh_triangles=64 mesh_nodes=64 materials=256 joints=16 scene_heap_bytes=237568 max=536870912
gpu-alloc scene generation=0 bodies=256 shapes=256 hull_points=64 hull_planes=64 hull_edges=64 hull_topology=64 mesh_vertices=64 mesh_triangles=64 mesh_nodes=64 materials=256 joints=16 scene_heap_bytes=237568 max=536870912
gpu-scene-input shapes=2 mesh_vertices=0 mesh_triangles=0 scene_heap_bytes=237568
GPU pose export: Vulkan opaque FD 37 (28672 bytes)
gpu-loading: ready after 0.039 s, 3 loading frames, world 1:2 (no physics steps)
startup: scene=19.666 ms gpu=2.372 ms first-scene-frame=141.783 ms loading-frames=3
samples: 1623 frames, 0 sokol errors
