=== Box3D CPU metrics + dumps ===
oracle mixed-topology
  dump /home/firtoz/work/2026/box3d-wasm/experiments/gpu-physics/recordings/snapshots/000-box3d-cpu/.dumps/mixed-topology.bin
  bodies=12290 wall=8177.5 ms (27.258 ms/step, profile 27.257)
wrote /home/firtoz/work/2026/box3d-wasm/experiments/gpu-physics/recordings/snapshots/000-box3d-cpu/metrics-mixed-topology.json
=== replay mixed-topology → /home/firtoz/work/2026/box3d-wasm/experiments/gpu-physics/recordings/snapshots/000-box3d-cpu/mixed-topology.mp4 ===
[2026-10-02T00:12:45Z WARN  wgpu_hal::vulkan::instance] Unable to find extension: VK_EXT_physical_device_drm
GPU adapter: NVIDIA GeForce RTX 4070 SUPER | backend=Vulkan driver=NVIDIA
GPU features: subgroups
GPU limits: storage bind 2048.0 MiB, buffer 17592186044416.0 MiB
replay frame 0/300 → /home/firtoz/work/2026/box3d-wasm/experiments/gpu-physics/recordings/snapshots/000-box3d-cpu/mixed-topology.mp4
replay frame 30/300 → /home/firtoz/work/2026/box3d-wasm/experiments/gpu-physics/recordings/snapshots/000-box3d-cpu/mixed-topology.mp4
replay frame 60/300 → /home/firtoz/work/2026/box3d-wasm/experiments/gpu-physics/recordings/snapshots/000-box3d-cpu/mixed-topology.mp4
replay frame 90/300 → /home/firtoz/work/2026/box3d-wasm/experiments/gpu-physics/recordings/snapshots/000-box3d-cpu/mixed-topology.mp4
replay frame 120/300 → /home/firtoz/work/2026/box3d-wasm/experiments/gpu-physics/recordings/snapshots/000-box3d-cpu/mixed-topology.mp4
replay frame 150/300 → /home/firtoz/work/2026/box3d-wasm/experiments/gpu-physics/recordings/snapshots/000-box3d-cpu/mixed-topology.mp4
replay frame 180/300 → /home/firtoz/work/2026/box3d-wasm/experiments/gpu-physics/recordings/snapshots/000-box3d-cpu/mixed-topology.mp4
replay frame 210/300 → /home/firtoz/work/2026/box3d-wasm/experiments/gpu-physics/recordings/snapshots/000-box3d-cpu/mixed-topology.mp4
replay frame 240/300 → /home/firtoz/work/2026/box3d-wasm/experiments/gpu-physics/recordings/snapshots/000-box3d-cpu/mixed-topology.mp4
replay frame 270/300 → /home/firtoz/work/2026/box3d-wasm/experiments/gpu-physics/recordings/snapshots/000-box3d-cpu/mixed-topology.mp4
wrote /home/firtoz/work/2026/box3d-wasm/experiments/gpu-physics/recordings/snapshots/000-box3d-cpu/mixed-topology.mp4 (300 frames @ 30 fps)
wrote /home/firtoz/work/2026/box3d-wasm/experiments/gpu-physics/compare/snapshots.js (10 snapshot(s))
viewer: bun run compare  # http://127.0.0.1:8766/
clips:  /home/firtoz/work/2026/box3d-wasm/experiments/gpu-physics/recordings/snapshots/000-box3d-cpu
