GPU adapter: NVIDIA GeForce RTX 4070 SUPER | backend=Vulkan driver=NVIDIA
GPU features: subgroups
GPU limits: storage bind 2048.0 MiB, buffer 17592186044416.0 MiB
gpu-alloc scene generation=1 bodies=752 shapes=752 hull_points=64 hull_planes=64 hull_edges=64 hull_topology=64 mesh_vertices=64 mesh_triangles=64 mesh_nodes=64 materials=752 joints=16 scene_heap_bytes=428032 max=536870912
physics-pipeline-cache: loaded 7371495 bytes
gpu-alloc scene generation=0 bodies=752 shapes=752 hull_points=64 hull_planes=64 hull_edges=64 hull_topology=64 mesh_vertices=64 mesh_triangles=64 mesh_nodes=64 materials=752 joints=16 scene_heap_bytes=428032 max=536870912
gpu-scene-input shapes=602 mesh_vertices=0 mesh_triangles=0 scene_heap_bytes=428032
GPU pose export: Vulkan opaque FD 23 (84224 bytes)
physics-pipeline-cache: save 7371495 bytes, success=true
gpu-alloc scene generation=1 bodies=752 shapes=752 hull_points=64 hull_planes=64 hull_edges=64 hull_topology=64 mesh_vertices=64 mesh_triangles=64 mesh_nodes=64 materials=752 joints=16 scene_heap_bytes=428032 max=536870912
gpu-alloc scene generation=0 bodies=752 shapes=752 hull_points=64 hull_planes=64 hull_edges=64 hull_topology=64 mesh_vertices=64 mesh_triangles=64 mesh_nodes=64 materials=752 joints=16 scene_heap_bytes=428032 max=536870912
gpu-scene-input shapes=602 mesh_vertices=0 mesh_triangles=0 scene_heap_bytes=428032
GPU pose export: Vulkan opaque FD 23 (84224 bytes)
gpu-alloc scene generation=1 bodies=5687 shapes=5687 hull_points=64 hull_planes=64 hull_edges=64 hull_topology=64 mesh_vertices=64 mesh_triangles=64 mesh_nodes=64 materials=5687 joints=16 scene_heap_bytes=2323072 max=536870912
gpu-alloc scene generation=0 bodies=5687 shapes=5687 hull_points=64 hull_planes=64 hull_edges=64 hull_topology=64 mesh_vertices=64 mesh_triangles=64 mesh_nodes=64 materials=5687 joints=16 scene_heap_bytes=2323072 max=536870912
gpu-scene-input shapes=5431 mesh_vertices=0 mesh_triangles=0 scene_heap_bytes=2323072
GPU pose export: Vulkan opaque FD 23 (637184 bytes)
gpu-alloc scene generation=1 bodies=5687 shapes=5687 hull_points=64 hull_planes=64 hull_edges=64 hull_topology=64 mesh_vertices=64 mesh_triangles=64 mesh_nodes=64 materials=5687 joints=16 scene_heap_bytes=2323072 max=536870912
gpu-alloc scene generation=0 bodies=5687 shapes=5687 hull_points=64 hull_planes=64 hull_edges=64 hull_topology=64 mesh_vertices=64 mesh_triangles=64 mesh_nodes=64 materials=5687 joints=16 scene_heap_bytes=2323072 max=536870912
gpu-scene-input shapes=5431 mesh_vertices=0 mesh_triangles=0 scene_heap_bytes=2323072
GPU pose export: Vulkan opaque FD 23 (637184 bytes)
GPU adapter: NVIDIA GeForce RTX 4070 SUPER | backend=Vulkan driver=NVIDIA
GPU features: subgroups
GPU limits: storage bind 2048.0 MiB, buffer 17592186044416.0 MiB
gpu-alloc scene generation=1 bodies=256 shapes=256 hull_points=64 hull_planes=64 hull_edges=64 hull_topology=64 mesh_vertices=64 mesh_triangles=64 mesh_nodes=64 materials=256 joints=16 scene_heap_bytes=237568 max=536870912
physics-pipeline-cache: loaded 7371495 bytes
gpu-alloc scene generation=0 bodies=256 shapes=256 hull_points=64 hull_planes=64 hull_edges=64 hull_topology=64 mesh_vertices=64 mesh_triangles=64 mesh_nodes=64 materials=256 joints=16 scene_heap_bytes=237568 max=536870912
gpu-scene-input shapes=14 mesh_vertices=0 mesh_triangles=0 scene_heap_bytes=237568
GPU pose export: Vulkan opaque FD 23 (28672 bytes)
physics-pipeline-cache: save 7371495 bytes, success=true
gpu-alloc scene generation=1 bodies=256 shapes=256 hull_points=64 hull_planes=64 hull_edges=64 hull_topology=64 mesh_vertices=64 mesh_triangles=64 mesh_nodes=64 materials=256 joints=16 scene_heap_bytes=237568 max=536870912
gpu-alloc scene generation=0 bodies=256 shapes=256 hull_points=64 hull_planes=64 hull_edges=64 hull_topology=64 mesh_vertices=64 mesh_triangles=64 mesh_nodes=64 materials=256 joints=16 scene_heap_bytes=237568 max=536870912
gpu-scene-input shapes=14 mesh_vertices=0 mesh_triangles=0 scene_heap_bytes=237568
GPU pose export: Vulkan opaque FD 23 (28672 bytes)
gpu-alloc scene generation=1 bodies=256 shapes=256 hull_points=64 hull_planes=64 hull_edges=64 hull_topology=64 mesh_vertices=64 mesh_triangles=64 mesh_nodes=64 materials=256 joints=16 scene_heap_bytes=237568 max=536870912
gpu-alloc scene generation=0 bodies=256 shapes=256 hull_points=64 hull_planes=64 hull_edges=64 hull_topology=64 mesh_vertices=64 mesh_triangles=64 mesh_nodes=64 materials=256 joints=16 scene_heap_bytes=237568 max=536870912
gpu-scene-input shapes=14 mesh_vertices=0 mesh_triangles=0 scene_heap_bytes=237568
GPU pose export: Vulkan opaque FD 23 (28672 bytes)
gpu-alloc scene generation=1 bodies=256 shapes=256 hull_points=64 hull_planes=64 hull_edges=64 hull_topology=64 mesh_vertices=64 mesh_triangles=64 mesh_nodes=64 materials=256 joints=16 scene_heap_bytes=237568 max=536870912
gpu-alloc scene generation=0 bodies=256 shapes=256 hull_points=64 hull_planes=64 hull_edges=64 hull_topology=64 mesh_vertices=64 mesh_triangles=64 mesh_nodes=64 materials=256 joints=16 scene_heap_bytes=237568 max=536870912
gpu-scene-input shapes=14 mesh_vertices=0 mesh_triangles=0 scene_heap_bytes=237568
GPU pose export: Vulkan opaque FD 23 (28672 bytes)
GPU adapter: NVIDIA GeForce RTX 4070 SUPER | backend=Vulkan driver=NVIDIA
GPU features: subgroups
GPU limits: storage bind 2048.0 MiB, buffer 17592186044416.0 MiB
gpu-alloc scene generation=1 bodies=256 shapes=256 hull_points=64 hull_planes=64 hull_edges=64 hull_topology=64 mesh_vertices=64 mesh_triangles=64 mesh_nodes=64 materials=256 joints=16 scene_heap_bytes=237568 max=536870912
physics-pipeline-cache: loaded 7371495 bytes
gpu-alloc scene generation=0 bodies=256 shapes=256 hull_points=64 hull_planes=64 hull_edges=64 hull_topology=64 mesh_vertices=64 mesh_triangles=64 mesh_nodes=64 materials=256 joints=16 scene_heap_bytes=237568 max=536870912
gpu-scene-input shapes=29 mesh_vertices=0 mesh_triangles=0 scene_heap_bytes=237568
GPU pose export: Vulkan opaque FD 23 (28672 bytes)
physics-pipeline-cache: save 7371495 bytes, success=true
gpu-alloc scene generation=1 bodies=256 shapes=256 hull_points=64 hull_planes=64 hull_edges=64 hull_topology=64 mesh_vertices=64 mesh_triangles=64 mesh_nodes=64 materials=256 joints=16 scene_heap_bytes=237568 max=536870912
gpu-alloc scene generation=0 bodies=256 shapes=256 hull_points=64 hull_planes=64 hull_edges=64 hull_topology=64 mesh_vertices=64 mesh_triangles=64 mesh_nodes=64 materials=256 joints=16 scene_heap_bytes=237568 max=536870912
gpu-scene-input shapes=29 mesh_vertices=0 mesh_triangles=0 scene_heap_bytes=237568
GPU pose export: Vulkan opaque FD 23 (28672 bytes)
GPU adapter: NVIDIA GeForce RTX 4070 SUPER | backend=Vulkan driver=NVIDIA
GPU features: subgroups
GPU limits: storage bind 2048.0 MiB, buffer 17592186044416.0 MiB
gpu-alloc scene generation=1 bodies=256 shapes=256 hull_points=64 hull_planes=64 hull_edges=64 hull_topology=64 mesh_vertices=64 mesh_triangles=64 mesh_nodes=64 materials=256 joints=16 scene_heap_bytes=237568 max=536870912
physics-pipeline-cache: loaded 7371495 bytes
gpu-alloc scene generation=0 bodies=256 shapes=256 hull_points=64 hull_planes=64 hull_edges=64 hull_topology=64 mesh_vertices=64 mesh_triangles=64 mesh_nodes=64 materials=256 joints=16 scene_heap_bytes=237568 max=536870912
gpu-scene-input shapes=2 mesh_vertices=0 mesh_triangles=0 scene_heap_bytes=237568
GPU pose export: Vulkan opaque FD 23 (28672 bytes)
physics-pipeline-cache: save 7371495 bytes, success=true
gpu-alloc scene generation=1 bodies=256 shapes=256 hull_points=64 hull_planes=64 hull_edges=64 hull_topology=64 mesh_vertices=64 mesh_triangles=64 mesh_nodes=64 materials=256 joints=16 scene_heap_bytes=237568 max=536870912
gpu-alloc scene generation=0 bodies=256 shapes=256 hull_points=64 hull_planes=64 hull_edges=64 hull_topology=64 mesh_vertices=64 mesh_triangles=64 mesh_nodes=64 materials=256 joints=16 scene_heap_bytes=237568 max=536870912
gpu-scene-input shapes=2 mesh_vertices=0 mesh_triangles=0 scene_heap_bytes=237568
GPU pose export: Vulkan opaque FD 23 (28672 bytes)
GPU adapter: NVIDIA GeForce RTX 4070 SUPER | backend=Vulkan driver=NVIDIA
GPU features: subgroups
GPU limits: storage bind 2048.0 MiB, buffer 17592186044416.0 MiB
gpu-alloc scene generation=1 bodies=15257 shapes=15257 hull_points=64 hull_planes=64 hull_edges=64 hull_topology=64 mesh_vertices=64 mesh_triangles=64 mesh_nodes=64 materials=15257 joints=16 scene_heap_bytes=5997952 max=536870912
physics-pipeline-cache: loaded 7371495 bytes
gpu-alloc scene generation=0 bodies=15257 shapes=15257 hull_points=64 hull_planes=64 hull_edges=64 hull_topology=64 mesh_vertices=64 mesh_triangles=64 mesh_nodes=64 materials=15257 joints=16 scene_heap_bytes=5997952 max=536870912
gpu-scene-input shapes=15001 mesh_vertices=0 mesh_triangles=0 scene_heap_bytes=5997952
GPU pose export: Vulkan opaque FD 23 (1708800 bytes)
physics-pipeline-cache: save 7371495 bytes, success=true
gpu-alloc scene generation=1 bodies=15257 shapes=15257 hull_points=64 hull_planes=64 hull_edges=64 hull_topology=64 mesh_vertices=64 mesh_triangles=64 mesh_nodes=64 materials=15257 joints=16 scene_heap_bytes=5997952 max=536870912
gpu-alloc scene generation=0 bodies=15257 shapes=15257 hull_points=64 hull_planes=64 hull_edges=64 hull_topology=64 mesh_vertices=64 mesh_triangles=64 mesh_nodes=64 materials=15257 joints=16 scene_heap_bytes=5997952 max=536870912
gpu-scene-input shapes=15001 mesh_vertices=0 mesh_triangles=0 scene_heap_bytes=5997952
GPU pose export: Vulkan opaque FD 23 (1708800 bytes)
gpu-alloc scene generation=1 bodies=15257 shapes=15257 hull_points=64 hull_planes=64 hull_edges=64 hull_topology=64 mesh_vertices=64 mesh_triangles=64 mesh_nodes=64 materials=15257 joints=16 scene_heap_bytes=5997952 max=536870912
gpu-alloc scene generation=0 bodies=15257 shapes=15257 hull_points=64 hull_planes=64 hull_edges=64 hull_topology=64 mesh_vertices=64 mesh_triangles=64 mesh_nodes=64 materials=15257 joints=16 scene_heap_bytes=5997952 max=536870912
gpu-scene-input shapes=15001 mesh_vertices=0 mesh_triangles=0 scene_heap_bytes=5997952
GPU pose export: Vulkan opaque FD 23 (1708800 bytes)
gpu-alloc scene generation=1 bodies=15257 shapes=15257 hull_points=64 hull_planes=64 hull_edges=64 hull_topology=64 mesh_vertices=64 mesh_triangles=64 mesh_nodes=64 materials=15257 joints=16 scene_heap_bytes=5997952 max=536870912
gpu-alloc scene generation=0 bodies=15257 shapes=15257 hull_points=64 hull_planes=64 hull_edges=64 hull_topology=64 mesh_vertices=64 mesh_triangles=64 mesh_nodes=64 materials=15257 joints=16 scene_heap_bytes=5997952 max=536870912
gpu-scene-input shapes=15001 mesh_vertices=0 mesh_triangles=0 scene_heap_bytes=5997952
GPU pose export: Vulkan opaque FD 23 (1708800 bytes)
gpu-alloc scene generation=1 bodies=15257 shapes=15257 hull_points=64 hull_planes=64 hull_edges=64 hull_topology=64 mesh_vertices=64 mesh_triangles=64 mesh_nodes=64 materials=15257 joints=16 scene_heap_bytes=5997952 max=536870912
gpu-alloc scene generation=0 bodies=15257 shapes=15257 hull_points=64 hull_planes=64 hull_edges=64 hull_topology=64 mesh_vertices=64 mesh_triangles=64 mesh_nodes=64 materials=15257 joints=16 scene_heap_bytes=5997952 max=536870912
gpu-scene-input shapes=15001 mesh_vertices=0 mesh_triangles=0 scene_heap_bytes=5997952
GPU pose export: Vulkan opaque FD 23 (1708800 bytes)
gpu-alloc scene generation=1 bodies=15257 shapes=15257 hull_points=64 hull_planes=64 hull_edges=64 hull_topology=64 mesh_vertices=64 mesh_triangles=64 mesh_nodes=64 materials=15257 joints=16 scene_heap_bytes=5997952 max=536870912
gpu-alloc scene generation=0 bodies=15257 shapes=15257 hull_points=64 hull_planes=64 hull_edges=64 hull_topology=64 mesh_vertices=64 mesh_triangles=64 mesh_nodes=64 materials=15257 joints=16 scene_heap_bytes=5997952 max=536870912
gpu-scene-input shapes=15001 mesh_vertices=0 mesh_triangles=0 scene_heap_bytes=5997952
GPU pose export: Vulkan opaque FD 23 (1708800 bytes)
step 1: max position/rotation/velocity/omega errors [0.0, 0.0, 0.0, 0.0]
step 65: max position/rotation/velocity/omega errors [0.0, 0.0, 0.0, 0.0]
step 78: max position/rotation/velocity/omega errors [0.0, 0.0, 0.0, 0.0]
step 79: max position/rotation/velocity/omega errors [0.0, 0.0, 0.0, 0.0]
step 90: max position/rotation/velocity/omega errors [0.0, 0.0, 0.0, 0.0]
step 150: max position/rotation/velocity/omega errors [0.0, 0.0, 0.0, 0.0]
step 330: max position/rotation/velocity/omega errors [0.0, 0.0, 0.0, 0.0]
step 1: max position/rotation/velocity/omega errors [0.0, 0.0, 0.0, 0.0]
step 65: max position/rotation/velocity/omega errors [0.0, 0.0, 0.0, 0.0]
step 78: max position/rotation/velocity/omega errors [0.0, 0.0, 0.0, 0.0]
step 79: max position/rotation/velocity/omega errors [0.0, 0.0, 0.0, 0.0]
step 90: max position/rotation/velocity/omega errors [0.0, 0.0, 0.0, 0.0]
step 150: max position/rotation/velocity/omega errors [0.0, 0.0, 0.0, 0.0]
step 330: max position/rotation/velocity/omega errors [0.0, 0.0, 0.0, 0.0]
step 1: max position/rotation/velocity/omega errors [0.0, 0.0, 0.0, 0.0]
step 65: max position/rotation/velocity/omega errors [0.0, 0.0, 0.0, 0.0]
step 78: max position/rotation/velocity/omega errors [0.0, 0.0, 0.0, 0.0]
step 79: max position/rotation/velocity/omega errors [0.0, 0.0, 0.0, 0.0]
step 90: max position/rotation/velocity/omega errors [0.0, 0.0, 0.0, 0.0]
step 150: max position/rotation/velocity/omega errors [0.0, 0.0, 0.0, 0.0]
step 330: max position/rotation/velocity/omega errors [0.0, 0.0, 0.0, 0.0]
step 1: max position/rotation/velocity/omega errors [0.0, 0.0, 0.0, 0.0]
step 65: max position/rotation/velocity/omega errors [0.0, 0.0, 0.0, 0.0]
step 78: max position/rotation/velocity/omega errors [0.0, 0.0, 0.0, 0.0]
step 79: max position/rotation/velocity/omega errors [0.0, 0.0, 0.0, 0.0]
step 90: max position/rotation/velocity/omega errors [0.0, 0.0, 0.0, 0.0]
step 150: max position/rotation/velocity/omega errors [0.0, 0.0, 0.0, 0.0]
step 330: max position/rotation/velocity/omega errors [0.0, 0.0, 0.0, 0.0]
GPU adapter: NVIDIA GeForce RTX 4070 SUPER | backend=Vulkan driver=NVIDIA
GPU features: subgroups
GPU limits: storage bind 2048.0 MiB, buffer 17592186044416.0 MiB
gpu-alloc scene generation=1 bodies=30257 shapes=30257 hull_points=64 hull_planes=64 hull_edges=64 hull_topology=64 mesh_vertices=64 mesh_triangles=64 mesh_nodes=64 materials=30257 joints=16 scene_heap_bytes=11757952 max=536870912
physics-pipeline-cache: loaded 7371495 bytes
gpu-alloc scene generation=0 bodies=30257 shapes=30257 hull_points=64 hull_planes=64 hull_edges=64 hull_topology=64 mesh_vertices=64 mesh_triangles=64 mesh_nodes=64 materials=30257 joints=16 scene_heap_bytes=11757952 max=536870912
gpu-scene-input shapes=30001 mesh_vertices=0 mesh_triangles=0 scene_heap_bytes=11757952
GPU pose export: Vulkan opaque FD 23 (3388928 bytes)
30,000 falling cubes: 100305 spatial entries, no capacity loss
physics-pipeline-cache: save 7371495 bytes, success=true
GPU adapter: NVIDIA GeForce RTX 4070 SUPER | backend=Vulkan driver=NVIDIA
GPU features: subgroups
GPU limits: storage bind 2048.0 MiB, buffer 17592186044416.0 MiB
gpu-alloc scene generation=1 bodies=880 shapes=880 hull_points=64 hull_planes=64 hull_edges=64 hull_topology=64 mesh_vertices=64 mesh_triangles=64 mesh_nodes=64 materials=880 joints=16 scene_heap_bytes=477184 max=536870912
physics-pipeline-cache: loaded 7371495 bytes
gpu-alloc scene generation=0 bodies=880 shapes=880 hull_points=64 hull_planes=64 hull_edges=64 hull_topology=64 mesh_vertices=64 mesh_triangles=64 mesh_nodes=64 materials=880 joints=16 scene_heap_bytes=477184 max=536870912
gpu-scene-input shapes=704 mesh_vertices=0 mesh_triangles=0 scene_heap_bytes=477184
GPU pose export: Vulkan opaque FD 23 (98560 bytes)
gpu-alloc scene generation=0 bodies=880 shapes=880 hull_points=64 hull_planes=64 hull_edges=64 hull_topology=64 mesh_vertices=64 mesh_triangles=64 mesh_nodes=64 materials=880 joints=16 scene_heap_bytes=477184 max=536870912
gpu-scene-input shapes=705 mesh_vertices=0 mesh_triangles=0 scene_heap_bytes=477184
gpu-alloc scene generation=0 bodies=880 shapes=880 hull_points=64 hull_planes=64 hull_edges=64 hull_topology=64 mesh_vertices=64 mesh_triangles=64 mesh_nodes=64 materials=880 joints=16 scene_heap_bytes=477184 max=536870912
gpu-scene-input shapes=704 mesh_vertices=0 mesh_triangles=0 scene_heap_bytes=477184
physics-pipeline-cache: save 7371495 bytes, success=true
gpu-alloc scene generation=1 bodies=880 shapes=880 hull_points=64 hull_planes=64 hull_edges=64 hull_topology=64 mesh_vertices=64 mesh_triangles=64 mesh_nodes=64 materials=880 joints=16 scene_heap_bytes=477184 max=536870912
gpu-alloc scene generation=0 bodies=880 shapes=880 hull_points=64 hull_planes=64 hull_edges=64 hull_topology=64 mesh_vertices=64 mesh_triangles=64 mesh_nodes=64 materials=880 joints=16 scene_heap_bytes=477184 max=536870912
gpu-scene-input shapes=704 mesh_vertices=0 mesh_triangles=0 scene_heap_bytes=477184
GPU pose export: Vulkan opaque FD 23 (98560 bytes)
GPU adapter: NVIDIA GeForce RTX 4070 SUPER | backend=Vulkan driver=NVIDIA
GPU features: subgroups
GPU limits: storage bind 2048.0 MiB, buffer 17592186044416.0 MiB
gpu-alloc scene generation=1 bodies=256 shapes=256 hull_points=64 hull_planes=64 hull_edges=64 hull_topology=64 mesh_vertices=64 mesh_triangles=64 mesh_nodes=64 materials=256 joints=16 scene_heap_bytes=237568 max=536870912
physics-pipeline-cache: loaded 7371495 bytes
gpu-alloc scene generation=0 bodies=256 shapes=256 hull_points=64 hull_planes=64 hull_edges=64 hull_topology=64 mesh_vertices=64 mesh_triangles=64 mesh_nodes=64 materials=256 joints=16 scene_heap_bytes=237568 max=536870912
gpu-scene-input shapes=2 mesh_vertices=0 mesh_triangles=0 scene_heap_bytes=237568
GPU pose export: Vulkan opaque FD 23 (28672 bytes)
gpu-alloc scene generation=0 bodies=256 shapes=256 hull_points=64 hull_planes=64 hull_edges=64 hull_topology=64 mesh_vertices=64 mesh_triangles=64 mesh_nodes=64 materials=256 joints=16 scene_heap_bytes=237568 max=536870912
gpu-scene-input shapes=3 mesh_vertices=0 mesh_triangles=0 scene_heap_bytes=237568
physics-pipeline-cache: save 7371495 bytes, success=true
GPU adapter: NVIDIA GeForce RTX 4070 SUPER | backend=Vulkan driver=NVIDIA
GPU features: subgroups
GPU limits: storage bind 2048.0 MiB, buffer 17592186044416.0 MiB
gpu-alloc scene generation=1 bodies=15257 shapes=15257 hull_points=64 hull_planes=64 hull_edges=64 hull_topology=64 mesh_vertices=64 mesh_triangles=64 mesh_nodes=64 materials=15257 joints=16 scene_heap_bytes=5997952 max=536870912
physics-pipeline-cache: loaded 7371495 bytes
gpu-alloc scene generation=0 bodies=15257 shapes=15257 hull_points=64 hull_planes=64 hull_edges=64 hull_topology=64 mesh_vertices=64 mesh_triangles=64 mesh_nodes=64 materials=15257 joints=16 scene_heap_bytes=5997952 max=536870912
gpu-scene-input shapes=15001 mesh_vertices=0 mesh_triangles=0 scene_heap_bytes=5997952
GPU pose export: Vulkan opaque FD 23 (1708800 bytes)
physics-pipeline-cache: save 7371495 bytes, success=true
gpu-alloc scene generation=1 bodies=15257 shapes=15257 hull_points=64 hull_planes=64 hull_edges=64 hull_topology=64 mesh_vertices=64 mesh_triangles=64 mesh_nodes=64 materials=15257 joints=16 scene_heap_bytes=5997952 max=536870912
gpu-alloc scene generation=0 bodies=15257 shapes=15257 hull_points=64 hull_planes=64 hull_edges=64 hull_topology=64 mesh_vertices=64 mesh_triangles=64 mesh_nodes=64 materials=15257 joints=16 scene_heap_bytes=5997952 max=536870912
gpu-scene-input shapes=15001 mesh_vertices=0 mesh_triangles=0 scene_heap_bytes=5997952
GPU pose export: Vulkan opaque FD 23 (1708800 bytes)
GPU adapter: NVIDIA GeForce RTX 4070 SUPER | backend=Vulkan driver=NVIDIA
GPU features: subgroups
GPU limits: storage bind 2048.0 MiB, buffer 17592186044416.0 MiB
gpu-alloc scene generation=1 bodies=4354 shapes=4354 hull_points=64 hull_planes=64 hull_edges=64 hull_topology=64 mesh_vertices=64 mesh_triangles=64 mesh_nodes=64 materials=4354 joints=16 scene_heap_bytes=1811200 max=536870912
physics-pipeline-cache: loaded 7371495 bytes
gpu-alloc scene generation=0 bodies=4354 shapes=4354 hull_points=64 hull_planes=64 hull_edges=64 hull_topology=64 mesh_vertices=64 mesh_triangles=64 mesh_nodes=64 materials=4354 joints=16 scene_heap_bytes=1811200 max=536870912
gpu-scene-input shapes=4098 mesh_vertices=0 mesh_triangles=0 scene_heap_bytes=1811200
GPU pose export: Vulkan opaque FD 23 (487680 bytes)
physics-pipeline-cache: save 7371495 bytes, success=true
gpu-alloc scene generation=1 bodies=4354 shapes=4354 hull_points=64 hull_planes=64 hull_edges=64 hull_topology=64 mesh_vertices=64 mesh_triangles=64 mesh_nodes=64 materials=4354 joints=16 scene_heap_bytes=1811200 max=536870912
gpu-alloc scene generation=0 bodies=4354 shapes=4354 hull_points=64 hull_planes=64 hull_edges=64 hull_topology=64 mesh_vertices=64 mesh_triangles=64 mesh_nodes=64 materials=4354 joints=16 scene_heap_bytes=1811200 max=536870912
gpu-scene-input shapes=4098 mesh_vertices=0 mesh_triangles=0 scene_heap_bytes=1811200
GPU pose export: Vulkan opaque FD 23 (487680 bytes)
gpu-alloc scene generation=1 bodies=4354 shapes=4354 hull_points=64 hull_planes=64 hull_edges=64 hull_topology=64 mesh_vertices=64 mesh_triangles=64 mesh_nodes=64 materials=4354 joints=16 scene_heap_bytes=1811200 max=536870912
gpu-alloc scene generation=0 bodies=4354 shapes=4354 hull_points=64 hull_planes=64 hull_edges=64 hull_topology=64 mesh_vertices=64 mesh_triangles=64 mesh_nodes=64 materials=4354 joints=16 scene_heap_bytes=1811200 max=536870912
gpu-scene-input shapes=4098 mesh_vertices=0 mesh_triangles=0 scene_heap_bytes=1811200
GPU pose export: Vulkan opaque FD 23 (487680 bytes)
gpu-alloc scene generation=1 bodies=4354 shapes=4354 hull_points=64 hull_planes=64 hull_edges=64 hull_topology=64 mesh_vertices=64 mesh_triangles=64 mesh_nodes=64 materials=4354 joints=16 scene_heap_bytes=1811200 max=536870912
gpu-alloc scene generation=0 bodies=4354 shapes=4354 hull_points=64 hull_planes=64 hull_edges=64 hull_topology=64 mesh_vertices=64 mesh_triangles=64 mesh_nodes=64 materials=4354 joints=16 scene_heap_bytes=1811200 max=536870912
gpu-scene-input shapes=4098 mesh_vertices=0 mesh_triangles=0 scene_heap_bytes=1811200
GPU pose export: Vulkan opaque FD 23 (487680 bytes)
independent 4096 bodies global max state difference 0
independent 4096 bodies repeat max state difference 0
independent 4096 bodies component max state difference 0
GPU adapter: NVIDIA GeForce RTX 4070 SUPER | backend=Vulkan driver=NVIDIA
GPU features: subgroups
GPU limits: storage bind 2048.0 MiB, buffer 17592186044416.0 MiB
gpu-alloc scene generation=1 bodies=15257 shapes=15257 hull_points=64 hull_planes=64 hull_edges=64 hull_topology=64 mesh_vertices=64 mesh_triangles=64 mesh_nodes=64 materials=15257 joints=16 scene_heap_bytes=5997952 max=536870912
physics-pipeline-cache: loaded 7371495 bytes
gpu-alloc scene generation=0 bodies=15257 shapes=15257 hull_points=64 hull_planes=64 hull_edges=64 hull_topology=64 mesh_vertices=64 mesh_triangles=64 mesh_nodes=64 materials=15257 joints=16 scene_heap_bytes=5997952 max=536870912
gpu-scene-input shapes=15001 mesh_vertices=0 mesh_triangles=0 scene_heap_bytes=5997952
GPU pose export: Vulkan opaque FD 23 (1708800 bytes)
gpu-alloc scene generation=0 bodies=15257 shapes=15257 hull_points=64 hull_planes=64 hull_edges=64 hull_topology=64 mesh_vertices=64 mesh_triangles=64 mesh_nodes=64 materials=15257 joints=16 scene_heap_bytes=5997952 max=536870912
gpu-scene-input shapes=15002 mesh_vertices=0 mesh_triangles=0 scene_heap_bytes=5997952
physics-pipeline-cache: save 7371495 bytes, success=true
GPU adapter: NVIDIA GeForce RTX 4070 SUPER | backend=Vulkan driver=NVIDIA
GPU features: subgroups
GPU limits: storage bind 2048.0 MiB, buffer 17592186044416.0 MiB
gpu-alloc scene generation=1 bodies=12546 shapes=12546 hull_points=64 hull_planes=64 hull_edges=64 hull_topology=64 mesh_vertices=64 mesh_triangles=64 mesh_nodes=64 materials=12546 joints=16 scene_heap_bytes=4956928 max=536870912
physics-pipeline-cache: loaded 7371495 bytes
gpu-alloc scene generation=0 bodies=12546 shapes=12546 hull_points=64 hull_planes=64 hull_edges=64 hull_topology=64 mesh_vertices=64 mesh_triangles=64 mesh_nodes=64 materials=12546 joints=16 scene_heap_bytes=4956928 max=536870912
gpu-scene-input shapes=12290 mesh_vertices=0 mesh_triangles=0 scene_heap_bytes=4956928
GPU pose export: Vulkan opaque FD 23 (1405184 bytes)
physics-pipeline-cache: save 7371495 bytes, success=true
gpu-alloc scene generation=1 bodies=12546 shapes=12546 hull_points=64 hull_planes=64 hull_edges=64 hull_topology=64 mesh_vertices=64 mesh_triangles=64 mesh_nodes=64 materials=12546 joints=16 scene_heap_bytes=4956928 max=536870912
gpu-alloc scene generation=0 bodies=12546 shapes=12546 hull_points=64 hull_planes=64 hull_edges=64 hull_topology=64 mesh_vertices=64 mesh_triangles=64 mesh_nodes=64 materials=12546 joints=16 scene_heap_bytes=4956928 max=536870912
gpu-scene-input shapes=12290 mesh_vertices=0 mesh_triangles=0 scene_heap_bytes=4956928
GPU pose export: Vulkan opaque FD 23 (1405184 bytes)
gpu-alloc scene generation=1 bodies=12546 shapes=12546 hull_points=64 hull_planes=64 hull_edges=64 hull_topology=64 mesh_vertices=64 mesh_triangles=64 mesh_nodes=64 materials=12546 joints=16 scene_heap_bytes=4956928 max=536870912
gpu-alloc scene generation=0 bodies=12546 shapes=12546 hull_points=64 hull_planes=64 hull_edges=64 hull_topology=64 mesh_vertices=64 mesh_triangles=64 mesh_nodes=64 materials=12546 joints=16 scene_heap_bytes=4956928 max=536870912
gpu-scene-input shapes=12290 mesh_vertices=0 mesh_triangles=0 scene_heap_bytes=4956928
GPU pose export: Vulkan opaque FD 23 (1405184 bytes)
GPU adapter: NVIDIA GeForce RTX 4070 SUPER | backend=Vulkan driver=NVIDIA
GPU features: subgroups
GPU limits: storage bind 2048.0 MiB, buffer 17592186044416.0 MiB
gpu-alloc scene generation=1 bodies=12546 shapes=12546 hull_points=64 hull_planes=64 hull_edges=64 hull_topology=64 mesh_vertices=64 mesh_triangles=64 mesh_nodes=64 materials=12546 joints=16 scene_heap_bytes=4956928 max=536870912
physics-pipeline-cache: loaded 7371495 bytes
gpu-alloc scene generation=0 bodies=12546 shapes=12546 hull_points=64 hull_planes=64 hull_edges=64 hull_topology=64 mesh_vertices=64 mesh_triangles=64 mesh_nodes=64 materials=12546 joints=16 scene_heap_bytes=4956928 max=536870912
gpu-scene-input shapes=12290 mesh_vertices=0 mesh_triangles=0 scene_heap_bytes=4956928
GPU pose export: Vulkan opaque FD 23 (1405184 bytes)
physics-pipeline-cache: save 7371495 bytes, success=true
gpu-alloc scene generation=1 bodies=12546 shapes=12546 hull_points=64 hull_planes=64 hull_edges=64 hull_topology=64 mesh_vertices=64 mesh_triangles=64 mesh_nodes=64 materials=12546 joints=16 scene_heap_bytes=4956928 max=536870912
gpu-alloc scene generation=0 bodies=12546 shapes=12546 hull_points=64 hull_planes=64 hull_edges=64 hull_topology=64 mesh_vertices=64 mesh_triangles=64 mesh_nodes=64 materials=12546 joints=16 scene_heap_bytes=4956928 max=536870912
gpu-scene-input shapes=12290 mesh_vertices=0 mesh_triangles=0 scene_heap_bytes=4956928
GPU pose export: Vulkan opaque FD 23 (1405184 bytes)
gpu-alloc scene generation=1 bodies=12546 shapes=12546 hull_points=64 hull_planes=64 hull_edges=64 hull_topology=64 mesh_vertices=64 mesh_triangles=64 mesh_nodes=64 materials=12546 joints=16 scene_heap_bytes=4956928 max=536870912
gpu-alloc scene generation=0 bodies=12546 shapes=12546 hull_points=64 hull_planes=64 hull_edges=64 hull_topology=64 mesh_vertices=64 mesh_triangles=64 mesh_nodes=64 materials=12546 joints=16 scene_heap_bytes=4956928 max=536870912
gpu-scene-input shapes=12290 mesh_vertices=0 mesh_triangles=0 scene_heap_bytes=4956928
GPU pose export: Vulkan opaque FD 23 (1405184 bytes)
gpu-alloc scene generation=1 bodies=12546 shapes=12546 hull_points=64 hull_planes=64 hull_edges=64 hull_topology=64 mesh_vertices=64 mesh_triangles=64 mesh_nodes=64 materials=12546 joints=16 scene_heap_bytes=4956928 max=536870912
gpu-alloc scene generation=0 bodies=12546 shapes=12546 hull_points=64 hull_planes=64 hull_edges=64 hull_topology=64 mesh_vertices=64 mesh_triangles=64 mesh_nodes=64 materials=12546 joints=16 scene_heap_bytes=4956928 max=536870912
gpu-scene-input shapes=12290 mesh_vertices=0 mesh_triangles=0 scene_heap_bytes=4956928
GPU pose export: Vulkan opaque FD 23 (1405184 bytes)
mixed topology component worst difference 0
mixed topology automatic worst difference 0
mixed topology repeat worst difference 0
GPU adapter: NVIDIA GeForce RTX 4070 SUPER | backend=Vulkan driver=NVIDIA
GPU features: subgroups
GPU limits: storage bind 2048.0 MiB, buffer 17592186044416.0 MiB
gpu-alloc scene generation=1 bodies=256 shapes=256 hull_points=64 hull_planes=64 hull_edges=64 hull_topology=64 mesh_vertices=64 mesh_triangles=64 mesh_nodes=64 materials=256 joints=16 scene_heap_bytes=237568 max=536870912
physics-pipeline-cache: loaded 7371495 bytes
gpu-alloc scene generation=0 bodies=256 shapes=256 hull_points=64 hull_planes=64 hull_edges=64 hull_topology=64 mesh_vertices=64 mesh_triangles=64 mesh_nodes=64 materials=256 joints=16 scene_heap_bytes=237568 max=536870912
gpu-scene-input shapes=2 mesh_vertices=12 mesh_triangles=6 scene_heap_bytes=237568
GPU pose export: Vulkan opaque FD 23 (28672 bytes)
gpu-alloc scene generation=0 bodies=256 shapes=256 hull_points=64 hull_planes=64 hull_edges=64 hull_topology=64 mesh_vertices=64 mesh_triangles=64 mesh_nodes=64 materials=256 joints=16 scene_heap_bytes=237568 max=536870912
gpu-scene-input shapes=3 mesh_vertices=12 mesh_triangles=6 scene_heap_bytes=237568
gpu-alloc scene generation=0 bodies=256 shapes=256 hull_points=64 hull_planes=64 hull_edges=64 hull_topology=64 mesh_vertices=64 mesh_triangles=64 mesh_nodes=64 materials=256 joints=16 scene_heap_bytes=237568 max=536870912
gpu-scene-input shapes=3 mesh_vertices=12 mesh_triangles=6 scene_heap_bytes=237568
gpu-alloc scene generation=0 bodies=256 shapes=256 hull_points=64 hull_planes=64 hull_edges=64 hull_topology=64 mesh_vertices=64 mesh_triangles=64 mesh_nodes=64 materials=256 joints=16 scene_heap_bytes=237568 max=536870912
gpu-scene-input shapes=3 mesh_vertices=12 mesh_triangles=6 scene_heap_bytes=237568
gpu-alloc scene generation=0 bodies=256 shapes=256 hull_points=64 hull_planes=64 hull_edges=64 hull_topology=64 mesh_vertices=64 mesh_triangles=64 mesh_nodes=64 materials=256 joints=16 scene_heap_bytes=237568 max=536870912
gpu-scene-input shapes=3 mesh_vertices=12 mesh_triangles=6 scene_heap_bytes=237568
physics-pipeline-cache: save 7371495 bytes, success=true
GPU adapter: NVIDIA GeForce RTX 4070 SUPER | backend=Vulkan driver=NVIDIA
GPU features: subgroups
GPU limits: storage bind 2048.0 MiB, buffer 17592186044416.0 MiB
gpu-alloc scene generation=1 bodies=256 shapes=256 hull_points=64 hull_planes=64 hull_edges=64 hull_topology=64 mesh_vertices=64 mesh_triangles=64 mesh_nodes=64 materials=256 joints=16 scene_heap_bytes=237568 max=536870912
physics-pipeline-cache: loaded 7371495 bytes
gpu-alloc scene generation=0 bodies=256 shapes=256 hull_points=64 hull_planes=64 hull_edges=64 hull_topology=64 mesh_vertices=64 mesh_triangles=64 mesh_nodes=64 materials=256 joints=16 scene_heap_bytes=237568 max=536870912
gpu-scene-input shapes=2 mesh_vertices=0 mesh_triangles=0 scene_heap_bytes=237568
GPU pose export: Vulkan opaque FD 23 (28672 bytes)
gpu-alloc scene generation=0 bodies=256 shapes=256 hull_points=64 hull_planes=64 hull_edges=64 hull_topology=64 mesh_vertices=64 mesh_triangles=64 mesh_nodes=64 materials=256 joints=16 scene_heap_bytes=237568 max=536870912
gpu-scene-input shapes=3 mesh_vertices=0 mesh_triangles=0 scene_heap_bytes=237568
live contact ordering disabled: proxy topology changed
physics-pipeline-cache: save 7414835 bytes, success=true
GPU adapter: NVIDIA GeForce RTX 4070 SUPER | backend=Vulkan driver=NVIDIA
GPU features: subgroups
GPU limits: storage bind 2048.0 MiB, buffer 17592186044416.0 MiB
gpu-alloc scene generation=1 bodies=256 shapes=256 hull_points=64 hull_planes=64 hull_edges=64 hull_topology=64 mesh_vertices=64 mesh_triangles=64 mesh_nodes=64 materials=256 joints=16 scene_heap_bytes=237568 max=536870912
physics-pipeline-cache: loaded 7414835 bytes
gpu-alloc scene generation=0 bodies=256 shapes=256 hull_points=64 hull_planes=64 hull_edges=64 hull_topology=64 mesh_vertices=64 mesh_triangles=64 mesh_nodes=64 materials=256 joints=16 scene_heap_bytes=237568 max=536870912
gpu-scene-input shapes=4 mesh_vertices=0 mesh_triangles=0 scene_heap_bytes=237568
GPU pose export: Vulkan opaque FD 23 (28672 bytes)
physics-pipeline-cache: save 7414835 bytes, success=true
GPU adapter: NVIDIA GeForce RTX 4070 SUPER | backend=Vulkan driver=NVIDIA
GPU features: subgroups
GPU limits: storage bind 2048.0 MiB, buffer 17592186044416.0 MiB
gpu-alloc scene generation=1 bodies=256 shapes=256 hull_points=64 hull_planes=64 hull_edges=64 hull_topology=64 mesh_vertices=64 mesh_triangles=64 mesh_nodes=64 materials=256 joints=16 scene_heap_bytes=237568 max=536870912
physics-pipeline-cache: loaded 7414835 bytes
gpu-alloc scene generation=0 bodies=256 shapes=256 hull_points=64 hull_planes=64 hull_edges=64 hull_topology=64 mesh_vertices=64 mesh_triangles=64 mesh_nodes=64 materials=256 joints=16 scene_heap_bytes=237568 max=536870912
gpu-scene-input shapes=1 mesh_vertices=0 mesh_triangles=0 scene_heap_bytes=237568
GPU pose export: Vulkan opaque FD 23 (28672 bytes)
gpu-alloc scene generation=3 bodies=512 shapes=256 hull_points=64 hull_planes=64 hull_edges=64 hull_topology=64 mesh_vertices=64 mesh_triangles=64 mesh_nodes=64 materials=256 joints=16 scene_heap_bytes=274432 max=536870912
gpu-alloc scene generation=0 bodies=512 shapes=256 hull_points=64 hull_planes=64 hull_edges=64 hull_topology=64 mesh_vertices=64 mesh_triangles=64 mesh_nodes=64 materials=256 joints=16 scene_heap_bytes=274432 max=536870912
gpu-scene-input shapes=1 mesh_vertices=0 mesh_triangles=0 scene_heap_bytes=274432
GPU pose export: Vulkan opaque FD 24 (57344 bytes)
gpu-alloc scene generation=0 bodies=512 shapes=256 hull_points=64 hull_planes=64 hull_edges=64 hull_topology=64 mesh_vertices=64 mesh_triangles=64 mesh_nodes=64 materials=256 joints=16 scene_heap_bytes=274432 max=536870912
gpu-scene-input shapes=0 mesh_vertices=0 mesh_triangles=0 scene_heap_bytes=274432
live contact ordering disabled: proxy topology changed
physics-pipeline-cache: save 7414835 bytes, success=true
gpu-alloc scene generation=1 bodies=256 shapes=256 hull_points=64 hull_planes=64 hull_edges=64 hull_topology=64 mesh_vertices=64 mesh_triangles=64 mesh_nodes=64 materials=256 joints=16 scene_heap_bytes=237568 max=536870912
gpu-alloc scene generation=0 bodies=256 shapes=256 hull_points=64 hull_planes=64 hull_edges=64 hull_topology=64 mesh_vertices=64 mesh_triangles=64 mesh_nodes=64 materials=256 joints=16 scene_heap_bytes=237568 max=536870912
gpu-scene-input shapes=1 mesh_vertices=0 mesh_triangles=0 scene_heap_bytes=237568
GPU pose export: Vulkan opaque FD 23 (28672 bytes)
gpu-alloc scene generation=3 bodies=512 shapes=256 hull_points=64 hull_planes=64 hull_edges=64 hull_topology=64 mesh_vertices=64 mesh_triangles=64 mesh_nodes=64 materials=256 joints=16 scene_heap_bytes=274432 max=536870912
gpu-alloc scene generation=0 bodies=512 shapes=256 hull_points=64 hull_planes=64 hull_edges=64 hull_topology=64 mesh_vertices=64 mesh_triangles=64 mesh_nodes=64 materials=256 joints=16 scene_heap_bytes=274432 max=536870912
gpu-scene-input shapes=1 mesh_vertices=0 mesh_triangles=0 scene_heap_bytes=274432
GPU pose export: Vulkan opaque FD 24 (57344 bytes)
live contact ordering disabled: explicit proxy movement
GPU adapter: NVIDIA GeForce RTX 4070 SUPER | backend=Vulkan driver=NVIDIA
GPU features: subgroups
GPU limits: storage bind 2048.0 MiB, buffer 17592186044416.0 MiB
gpu-alloc scene generation=1 bodies=256 shapes=256 hull_points=64 hull_planes=64 hull_edges=64 hull_topology=64 mesh_vertices=64 mesh_triangles=64 mesh_nodes=64 materials=256 joints=16 scene_heap_bytes=237568 max=536870912
physics-pipeline-cache: loaded 7414835 bytes
gpu-alloc scene generation=0 bodies=256 shapes=256 hull_points=64 hull_planes=64 hull_edges=64 hull_topology=64 mesh_vertices=64 mesh_triangles=64 mesh_nodes=64 materials=256 joints=16 scene_heap_bytes=237568 max=536870912
gpu-scene-input shapes=2 mesh_vertices=0 mesh_triangles=0 scene_heap_bytes=237568
GPU pose export: Vulkan opaque FD 23 (28672 bytes)
physics-pipeline-cache: save 7414835 bytes, success=true
GPU adapter: NVIDIA GeForce RTX 4070 SUPER | backend=Vulkan driver=NVIDIA
GPU features: subgroups
GPU limits: storage bind 2048.0 MiB, buffer 17592186044416.0 MiB
gpu-alloc scene generation=1 bodies=256 shapes=256 hull_points=64 hull_planes=64 hull_edges=64 hull_topology=64 mesh_vertices=64 mesh_triangles=64 mesh_nodes=64 materials=256 joints=16 scene_heap_bytes=237568 max=536870912
physics-pipeline-cache: loaded 7414835 bytes
gpu-alloc scene generation=0 bodies=256 shapes=256 hull_points=64 hull_planes=64 hull_edges=64 hull_topology=64 mesh_vertices=64 mesh_triangles=64 mesh_nodes=64 materials=256 joints=16 scene_heap_bytes=237568 max=536870912
gpu-scene-input shapes=1 mesh_vertices=0 mesh_triangles=0 scene_heap_bytes=237568
GPU pose export: Vulkan opaque FD 23 (28672 bytes)
physics-pipeline-cache: save 7414835 bytes, success=true
GPU adapter: NVIDIA GeForce RTX 4070 SUPER | backend=Vulkan driver=NVIDIA
GPU features: subgroups
GPU limits: storage bind 2048.0 MiB, buffer 17592186044416.0 MiB
gpu-alloc scene generation=1 bodies=40008 shapes=256 hull_points=64 hull_planes=64 hull_edges=64 hull_topology=64 mesh_vertices=64 mesh_triangles=64 mesh_nodes=64 materials=256 joints=16 scene_heap_bytes=5961856 max=536870912
physics-pipeline-cache: loaded 7414835 bytes
gpu-alloc scene generation=0 bodies=40008 shapes=256 hull_points=64 hull_planes=64 hull_edges=64 hull_topology=64 mesh_vertices=64 mesh_triangles=64 mesh_nodes=64 materials=256 joints=16 scene_heap_bytes=5961856 max=536870912
gpu-scene-input shapes=2 mesh_vertices=0 mesh_triangles=0 scene_heap_bytes=5961856
GPU pose export: Vulkan opaque FD 23 (4481024 bytes)
physics-pipeline-cache: save 7414835 bytes, success=true
GPU adapter: NVIDIA GeForce RTX 4070 SUPER | backend=Vulkan driver=NVIDIA
GPU features: subgroups
GPU limits: storage bind 2048.0 MiB, buffer 17592186044416.0 MiB
gpu-alloc scene generation=1 bodies=256 shapes=256 hull_points=64 hull_planes=64 hull_edges=64 hull_topology=64 mesh_vertices=64 mesh_triangles=64 mesh_nodes=64 materials=256 joints=16 scene_heap_bytes=237568 max=536870912
physics-pipeline-cache: loaded 7414835 bytes
gpu-alloc scene generation=0 bodies=256 shapes=256 hull_points=64 hull_planes=64 hull_edges=64 hull_topology=64 mesh_vertices=64 mesh_triangles=64 mesh_nodes=64 materials=256 joints=16 scene_heap_bytes=237568 max=536870912
gpu-scene-input shapes=1 mesh_vertices=0 mesh_triangles=0 scene_heap_bytes=237568
GPU pose export: Vulkan opaque FD 23 (28672 bytes)

*** GPU PHYSICS FAILED ***
material callback table exceeded the 32-probe shader lookup bound

physics-pipeline-cache: save 7414835 bytes, success=true
gpu-alloc scene generation=1 bodies=256 shapes=256 hull_points=64 hull_planes=64 hull_edges=64 hull_topology=64 mesh_vertices=64 mesh_triangles=64 mesh_nodes=64 materials=256 joints=16 scene_heap_bytes=237568 max=536870912
gpu-alloc scene generation=0 bodies=256 shapes=256 hull_points=64 hull_planes=64 hull_edges=64 hull_topology=64 mesh_vertices=64 mesh_triangles=64 mesh_nodes=64 materials=256 joints=16 scene_heap_bytes=237568 max=536870912
gpu-scene-input shapes=1 mesh_vertices=0 mesh_triangles=0 scene_heap_bytes=237568
GPU pose export: Vulkan opaque FD 23 (28672 bytes)

*** GPU PHYSICS FAILED ***
material callbacks exceed the supported 4096 shape-pair table

GPU adapter: NVIDIA GeForce RTX 4070 SUPER | backend=Vulkan driver=NVIDIA
GPU features: subgroups
GPU limits: storage bind 2048.0 MiB, buffer 17592186044416.0 MiB
gpu-alloc scene generation=1 bodies=256 shapes=256 hull_points=64 hull_planes=64 hull_edges=64 hull_topology=64 mesh_vertices=64 mesh_triangles=64 mesh_nodes=64 materials=256 joints=16 scene_heap_bytes=237568 max=536870912
physics-pipeline-cache: loaded 7414835 bytes
gpu-alloc scene generation=0 bodies=256 shapes=256 hull_points=64 hull_planes=64 hull_edges=64 hull_topology=64 mesh_vertices=64 mesh_triangles=64 mesh_nodes=64 materials=256 joints=16 scene_heap_bytes=237568 max=536870912
gpu-scene-input shapes=2 mesh_vertices=0 mesh_triangles=0 scene_heap_bytes=237568
GPU pose export: Vulkan opaque FD 23 (28672 bytes)
physics-pipeline-cache: save 7414835 bytes, success=true
GPU adapter: NVIDIA GeForce RTX 4070 SUPER | backend=Vulkan driver=NVIDIA
GPU features: subgroups
GPU limits: storage bind 2048.0 MiB, buffer 17592186044416.0 MiB
gpu-alloc scene generation=1 bodies=256 shapes=256 hull_points=64 hull_planes=64 hull_edges=64 hull_topology=64 mesh_vertices=64 mesh_triangles=64 mesh_nodes=64 materials=256 joints=16 scene_heap_bytes=237568 max=536870912
physics-pipeline-cache: loaded 7414835 bytes
gpu-alloc scene generation=0 bodies=256 shapes=256 hull_points=64 hull_planes=64 hull_edges=64 hull_topology=64 mesh_vertices=64 mesh_triangles=64 mesh_nodes=64 materials=256 joints=16 scene_heap_bytes=237568 max=536870912
gpu-scene-input shapes=2 mesh_vertices=0 mesh_triangles=0 scene_heap_bytes=237568
GPU pose export: Vulkan opaque FD 23 (28672 bytes)
physics-pipeline-cache: save 7414835 bytes, success=true
GPU adapter: NVIDIA GeForce RTX 4070 SUPER | backend=Vulkan driver=NVIDIA
GPU features: subgroups
GPU limits: storage bind 2048.0 MiB, buffer 17592186044416.0 MiB
gpu-alloc scene generation=1 bodies=256 shapes=256 hull_points=64 hull_planes=64 hull_edges=64 hull_topology=64 mesh_vertices=64 mesh_triangles=64 mesh_nodes=64 materials=256 joints=16 scene_heap_bytes=237568 max=536870912
physics-pipeline-cache: loaded 7414835 bytes
gpu-alloc scene generation=0 bodies=256 shapes=256 hull_points=64 hull_planes=64 hull_edges=64 hull_topology=64 mesh_vertices=64 mesh_triangles=64 mesh_nodes=64 materials=256 joints=16 scene_heap_bytes=237568 max=536870912
gpu-scene-input shapes=2 mesh_vertices=0 mesh_triangles=0 scene_heap_bytes=237568
GPU pose export: Vulkan opaque FD 23 (28672 bytes)
physics-pipeline-cache: save 7414835 bytes, success=true
GPU adapter: NVIDIA GeForce RTX 4070 SUPER | backend=Vulkan driver=NVIDIA
GPU features: subgroups
GPU limits: storage bind 2048.0 MiB, buffer 17592186044416.0 MiB
gpu-alloc scene generation=1 bodies=256 shapes=256 hull_points=64 hull_planes=64 hull_edges=64 hull_topology=64 mesh_vertices=64 mesh_triangles=64 mesh_nodes=64 materials=256 joints=16 scene_heap_bytes=237568 max=536870912
physics-pipeline-cache: loaded 7414835 bytes
gpu-alloc scene generation=0 bodies=256 shapes=256 hull_points=64 hull_planes=64 hull_edges=64 hull_topology=64 mesh_vertices=64 mesh_triangles=64 mesh_nodes=64 materials=256 joints=16 scene_heap_bytes=237568 max=536870912
gpu-scene-input shapes=2 mesh_vertices=0 mesh_triangles=0 scene_heap_bytes=237568
GPU pose export: Vulkan opaque FD 23 (28672 bytes)
physics-pipeline-cache: save 7414835 bytes, success=true
GPU adapter: NVIDIA GeForce RTX 4070 SUPER | backend=Vulkan driver=NVIDIA
GPU features: subgroups
GPU limits: storage bind 2048.0 MiB, buffer 17592186044416.0 MiB
gpu-alloc scene generation=1 bodies=256 shapes=256 hull_points=64 hull_planes=64 hull_edges=64 hull_topology=64 mesh_vertices=64 mesh_triangles=64 mesh_nodes=64 materials=256 joints=16 scene_heap_bytes=237568 max=536870912
physics-pipeline-cache: loaded 7414835 bytes
gpu-alloc scene generation=0 bodies=256 shapes=256 hull_points=64 hull_planes=64 hull_edges=64 hull_topology=64 mesh_vertices=64 mesh_triangles=64 mesh_nodes=64 materials=256 joints=16 scene_heap_bytes=237568 max=536870912
gpu-scene-input shapes=2 mesh_vertices=0 mesh_triangles=0 scene_heap_bytes=237568
GPU pose export: Vulkan opaque FD 23 (28672 bytes)
physics-pipeline-cache: save 7414835 bytes, success=true
GPU adapter: NVIDIA GeForce RTX 4070 SUPER | backend=Vulkan driver=NVIDIA
GPU features: subgroups
GPU limits: storage bind 2048.0 MiB, buffer 17592186044416.0 MiB
gpu-alloc scene generation=1 bodies=256 shapes=256 hull_points=64 hull_planes=64 hull_edges=64 hull_topology=64 mesh_vertices=64 mesh_triangles=64 mesh_nodes=64 materials=256 joints=16 scene_heap_bytes=237568 max=536870912
physics-pipeline-cache: loaded 7414835 bytes
gpu-alloc scene generation=0 bodies=256 shapes=256 hull_points=64 hull_planes=64 hull_edges=64 hull_topology=64 mesh_vertices=64 mesh_triangles=64 mesh_nodes=64 materials=256 joints=16 scene_heap_bytes=237568 max=536870912
gpu-scene-input shapes=2 mesh_vertices=0 mesh_triangles=0 scene_heap_bytes=237568
GPU pose export: Vulkan opaque FD 23 (28672 bytes)
physics-pipeline-cache: save 7414835 bytes, success=true
GPU adapter: NVIDIA GeForce RTX 4070 SUPER | backend=Vulkan driver=NVIDIA
GPU features: subgroups
GPU limits: storage bind 2048.0 MiB, buffer 17592186044416.0 MiB
gpu-alloc scene generation=1 bodies=256 shapes=256 hull_points=64 hull_planes=64 hull_edges=64 hull_topology=64 mesh_vertices=64 mesh_triangles=64 mesh_nodes=64 materials=256 joints=16 scene_heap_bytes=237568 max=536870912
physics-pipeline-cache: loaded 7414835 bytes
gpu-alloc scene generation=0 bodies=256 shapes=256 hull_points=64 hull_planes=64 hull_edges=64 hull_topology=64 mesh_vertices=64 mesh_triangles=64 mesh_nodes=64 materials=256 joints=16 scene_heap_bytes=237568 max=536870912
gpu-scene-input shapes=2 mesh_vertices=0 mesh_triangles=0 scene_heap_bytes=237568
GPU pose export: Vulkan opaque FD 23 (28672 bytes)
physics-pipeline-cache: save 7414835 bytes, success=true
GPU adapter: NVIDIA GeForce RTX 4070 SUPER | backend=Vulkan driver=NVIDIA
GPU features: subgroups
GPU limits: storage bind 2048.0 MiB, buffer 17592186044416.0 MiB
gpu-alloc scene generation=1 bodies=256 shapes=256 hull_points=64 hull_planes=64 hull_edges=64 hull_topology=64 mesh_vertices=64 mesh_triangles=64 mesh_nodes=64 materials=256 joints=16 scene_heap_bytes=237568 max=536870912
physics-pipeline-cache: loaded 7414835 bytes
gpu-alloc scene generation=0 bodies=256 shapes=256 hull_points=64 hull_planes=64 hull_edges=64 hull_topology=64 mesh_vertices=64 mesh_triangles=64 mesh_nodes=64 materials=256 joints=16 scene_heap_bytes=237568 max=536870912
gpu-scene-input shapes=2 mesh_vertices=0 mesh_triangles=0 scene_heap_bytes=237568
GPU pose export: Vulkan opaque FD 23 (28672 bytes)
physics-pipeline-cache: save 7414835 bytes, success=true
GPU adapter: NVIDIA GeForce RTX 4070 SUPER | backend=Vulkan driver=NVIDIA
GPU features: subgroups
GPU limits: storage bind 2048.0 MiB, buffer 17592186044416.0 MiB
gpu-alloc scene generation=1 bodies=256 shapes=256 hull_points=64 hull_planes=64 hull_edges=64 hull_topology=64 mesh_vertices=64 mesh_triangles=64 mesh_nodes=64 materials=256 joints=16 scene_heap_bytes=237568 max=536870912
physics-pipeline-cache: loaded 7414835 bytes
gpu-alloc scene generation=0 bodies=256 shapes=256 hull_points=64 hull_planes=64 hull_edges=64 hull_topology=64 mesh_vertices=64 mesh_triangles=64 mesh_nodes=64 materials=256 joints=16 scene_heap_bytes=237568 max=536870912
gpu-scene-input shapes=2 mesh_vertices=0 mesh_triangles=0 scene_heap_bytes=237568
GPU pose export: Vulkan opaque FD 23 (28672 bytes)
physics-pipeline-cache: save 7414835 bytes, success=true
GPU adapter: NVIDIA GeForce RTX 4070 SUPER | backend=Vulkan driver=NVIDIA
GPU features: subgroups
GPU limits: storage bind 2048.0 MiB, buffer 17592186044416.0 MiB
gpu-alloc scene generation=1 bodies=256 shapes=256 hull_points=64 hull_planes=64 hull_edges=64 hull_topology=64 mesh_vertices=64 mesh_triangles=64 mesh_nodes=64 materials=256 joints=16 scene_heap_bytes=237568 max=536870912
physics-pipeline-cache: loaded 7414835 bytes
gpu-alloc scene generation=0 bodies=256 shapes=256 hull_points=64 hull_planes=64 hull_edges=64 hull_topology=64 mesh_vertices=64 mesh_triangles=64 mesh_nodes=64 materials=256 joints=16 scene_heap_bytes=237568 max=536870912
gpu-scene-input shapes=1 mesh_vertices=0 mesh_triangles=0 scene_heap_bytes=237568
GPU pose export: Vulkan opaque FD 23 (28672 bytes)
physics-pipeline-cache: save 7414835 bytes, success=true
GPU adapter: NVIDIA GeForce RTX 4070 SUPER | backend=Vulkan driver=NVIDIA
GPU features: subgroups
GPU limits: storage bind 2048.0 MiB, buffer 17592186044416.0 MiB
gpu-alloc scene generation=1 bodies=256 shapes=256 hull_points=64 hull_planes=64 hull_edges=64 hull_topology=64 mesh_vertices=64 mesh_triangles=64 mesh_nodes=64 materials=256 joints=16 scene_heap_bytes=237568 max=536870912
physics-pipeline-cache: loaded 7414835 bytes
gpu-alloc scene generation=0 bodies=256 shapes=256 hull_points=64 hull_planes=64 hull_edges=64 hull_topology=64 mesh_vertices=64 mesh_triangles=64 mesh_nodes=64 materials=256 joints=16 scene_heap_bytes=237568 max=536870912
gpu-scene-input shapes=2 mesh_vertices=0 mesh_triangles=0 scene_heap_bytes=237568
GPU pose export: Vulkan opaque FD 23 (28672 bytes)
physics-pipeline-cache: save 7414835 bytes, success=true
GPU adapter: NVIDIA GeForce RTX 4070 SUPER | backend=Vulkan driver=NVIDIA
GPU features: subgroups
GPU limits: storage bind 2048.0 MiB, buffer 17592186044416.0 MiB
gpu-alloc scene generation=1 bodies=256 shapes=256 hull_points=64 hull_planes=64 hull_edges=64 hull_topology=64 mesh_vertices=64 mesh_triangles=64 mesh_nodes=64 materials=256 joints=16 scene_heap_bytes=237568 max=536870912
physics-pipeline-cache: loaded 7414835 bytes
gpu-alloc scene generation=0 bodies=256 shapes=256 hull_points=64 hull_planes=64 hull_edges=64 hull_topology=64 mesh_vertices=64 mesh_triangles=64 mesh_nodes=64 materials=256 joints=16 scene_heap_bytes=237568 max=536870912
gpu-scene-input shapes=1 mesh_vertices=0 mesh_triangles=0 scene_heap_bytes=237568
GPU pose export: Vulkan opaque FD 23 (28672 bytes)
physics-pipeline-cache: save 7414835 bytes, success=true
GPU adapter: NVIDIA GeForce RTX 4070 SUPER | backend=Vulkan driver=NVIDIA
GPU features: subgroups
GPU limits: storage bind 2048.0 MiB, buffer 17592186044416.0 MiB
gpu-alloc scene generation=1 bodies=256 shapes=256 hull_points=64 hull_planes=64 hull_edges=64 hull_topology=64 mesh_vertices=64 mesh_triangles=64 mesh_nodes=64 materials=256 joints=16 scene_heap_bytes=237568 max=536870912
physics-pipeline-cache: loaded 7414835 bytes
gpu-alloc scene generation=0 bodies=256 shapes=256 hull_points=64 hull_planes=64 hull_edges=64 hull_topology=64 mesh_vertices=64 mesh_triangles=64 mesh_nodes=64 materials=256 joints=16 scene_heap_bytes=237568 max=536870912
gpu-scene-input shapes=2 mesh_vertices=0 mesh_triangles=0 scene_heap_bytes=237568
GPU pose export: Vulkan opaque FD 23 (28672 bytes)
physics-pipeline-cache: save 7414835 bytes, success=true
GPU adapter: NVIDIA GeForce RTX 4070 SUPER | backend=Vulkan driver=NVIDIA
GPU features: subgroups
GPU limits: storage bind 2048.0 MiB, buffer 17592186044416.0 MiB
GPU adapter: NVIDIA GeForce RTX 4070 SUPER | backend=Vulkan driver=NVIDIA
GPU features: subgroups
GPU limits: storage bind 2048.0 MiB, buffer 17592186044416.0 MiB
GPU adapter: NVIDIA GeForce RTX 4070 SUPER | backend=Vulkan driver=NVIDIA
GPU features: subgroups
GPU limits: storage bind 2048.0 MiB, buffer 17592186044416.0 MiB
GPU adapter: NVIDIA GeForce RTX 4070 SUPER | backend=Vulkan driver=NVIDIA
GPU features: subgroups
GPU limits: storage bind 2048.0 MiB, buffer 17592186044416.0 MiB
GPU adapter: NVIDIA GeForce RTX 4070 SUPER | backend=Vulkan driver=NVIDIA
GPU features: subgroups
GPU limits: storage bind 2048.0 MiB, buffer 17592186044416.0 MiB
rain-triangle412 case=0 normal_count=[0.35718808, 0.108696416, 0.9276863, 1.0] point=[0.04826588, 0.0058121737, -0.49496835, 0.015834846] admission_feature=[1.0, 2.0, 0.0, 0.0]
rain-triangle412 case=1 normal_count=[0.34519896, 0.07905083, 0.9351945, 1.0] point=[0.048849028, 0.008176199, -0.49670428, 0.01821585] admission_feature=[1.0, 2.0, 0.0, 0.0]
GPU adapter: NVIDIA GeForce RTX 4070 SUPER | backend=Vulkan driver=NVIDIA
GPU features: subgroups
GPU limits: storage bind 2048.0 MiB, buffer 17592186044416.0 MiB
GPU adapter: NVIDIA GeForce RTX 4070 SUPER | backend=Vulkan driver=NVIDIA
GPU features: subgroups
GPU limits: storage bind 2048.0 MiB, buffer 17592186044416.0 MiB
GPU adapter: NVIDIA GeForce RTX 4070 SUPER | backend=Vulkan driver=NVIDIA
GPU features: subgroups
GPU limits: storage bind 2048.0 MiB, buffer 17592186044416.0 MiB
GPU adapter: NVIDIA GeForce RTX 4070 SUPER | backend=Vulkan driver=NVIDIA
GPU features: subgroups
GPU limits: storage bind 2048.0 MiB, buffer 17592186044416.0 MiB
GPU adapter: NVIDIA GeForce RTX 4070 SUPER | backend=Vulkan driver=NVIDIA
GPU features: subgroups
GPU limits: storage bind 2048.0 MiB, buffer 17592186044416.0 MiB
GPU adapter: NVIDIA GeForce RTX 4070 SUPER | backend=Vulkan driver=NVIDIA
GPU features: subgroups
GPU limits: storage bind 2048.0 MiB, buffer 17592186044416.0 MiB
GPU adapter: NVIDIA GeForce RTX 4070 SUPER | backend=Vulkan driver=NVIDIA
GPU features: subgroups
GPU limits: storage bind 2048.0 MiB, buffer 17592186044416.0 MiB
SIMD inertia against captured scalar mesh oracle: 8 / 16 differ
GPU adapter: NVIDIA GeForce RTX 4070 SUPER | backend=Vulkan driver=NVIDIA
GPU features: subgroups
GPU limits: storage bind 2048.0 MiB, buffer 17592186044416.0 MiB
GPU adapter: NVIDIA GeForce RTX 4070 SUPER | backend=Vulkan driver=NVIDIA
GPU features: subgroups
GPU limits: storage bind 2048.0 MiB, buffer 17592186044416.0 MiB
GPU adapter: NVIDIA GeForce RTX 4070 SUPER | backend=Vulkan driver=NVIDIA
GPU features: subgroups
GPU limits: storage bind 2048.0 MiB, buffer 17592186044416.0 MiB
GPU adapter: NVIDIA GeForce RTX 4070 SUPER | backend=Vulkan driver=NVIDIA
GPU features: subgroups
GPU limits: storage bind 2048.0 MiB, buffer 17592186044416.0 MiB
GPU adapter: NVIDIA GeForce RTX 4070 SUPER | backend=Vulkan driver=NVIDIA
GPU features: subgroups
GPU limits: storage bind 2048.0 MiB, buffer 17592186044416.0 MiB
GPU adapter: NVIDIA GeForce RTX 4070 SUPER | backend=Vulkan driver=NVIDIA
GPU features: subgroups
GPU limits: storage bind 2048.0 MiB, buffer 17592186044416.0 MiB
GPU adapter: NVIDIA GeForce RTX 4070 SUPER | backend=Vulkan driver=NVIDIA
GPU features: subgroups
GPU limits: storage bind 2048.0 MiB, buffer 17592186044416.0 MiB
GPU adapter: NVIDIA GeForce RTX 4070 SUPER | backend=Vulkan driver=NVIDIA
GPU features: subgroups
GPU limits: storage bind 2048.0 MiB, buffer 17592186044416.0 MiB
GPU adapter: NVIDIA GeForce RTX 4070 SUPER | backend=Vulkan driver=NVIDIA
GPU features: subgroups
GPU limits: storage bind 2048.0 MiB, buffer 17592186044416.0 MiB
GPU adapter: NVIDIA GeForce RTX 4070 SUPER | backend=Vulkan driver=NVIDIA
GPU features: subgroups
GPU limits: storage bind 2048.0 MiB, buffer 17592186044416.0 MiB
GPU adapter: NVIDIA GeForce RTX 4070 SUPER | backend=Vulkan driver=NVIDIA
GPU features: subgroups
GPU limits: storage bind 2048.0 MiB, buffer 17592186044416.0 MiB
GPU adapter: NVIDIA GeForce RTX 4070 SUPER | backend=Vulkan driver=NVIDIA
GPU features: subgroups
GPU limits: storage bind 2048.0 MiB, buffer 17592186044416.0 MiB
GPU adapter: NVIDIA GeForce RTX 4070 SUPER | backend=Vulkan driver=NVIDIA
GPU features: subgroups
GPU limits: storage bind 2048.0 MiB, buffer 17592186044416.0 MiB
GPU adapter: NVIDIA GeForce RTX 4070 SUPER | backend=Vulkan driver=NVIDIA
GPU features: subgroups
GPU limits: storage bind 2048.0 MiB, buffer 17592186044416.0 MiB
GPU adapter: NVIDIA GeForce RTX 4070 SUPER | backend=Vulkan driver=NVIDIA
GPU features: subgroups
GPU limits: storage bind 2048.0 MiB, buffer 17592186044416.0 MiB
physics-pipeline-cache: loaded 7414835 bytes
gpu-alloc scene generation=0 bodies=256 shapes=256 hull_points=64 hull_planes=64 hull_edges=64 hull_topology=64 mesh_vertices=64 mesh_triangles=64 mesh_nodes=64 materials=256 joints=16 scene_heap_bytes=237568 max=536870912
gpu-scene-input shapes=0 mesh_vertices=0 mesh_triangles=0 scene_heap_bytes=237568
GPU pose export: Vulkan opaque FD 23 (28672 bytes)
physics-pipeline-cache: save 7414835 bytes, success=true
GPU adapter: NVIDIA GeForce RTX 4070 SUPER | backend=Vulkan driver=NVIDIA
GPU features: subgroups
GPU limits: storage bind 2048.0 MiB, buffer 17592186044416.0 MiB
physics-pipeline-cache: loaded 7414835 bytes
gpu-alloc scene generation=0 bodies=256 shapes=256 hull_points=64 hull_planes=64 hull_edges=64 hull_topology=64 mesh_vertices=64 mesh_triangles=64 mesh_nodes=64 materials=256 joints=16 scene_heap_bytes=237568 max=536870912
gpu-scene-input shapes=0 mesh_vertices=0 mesh_triangles=0 scene_heap_bytes=237568
GPU pose export: Vulkan opaque FD 23 (28672 bytes)
physics-pipeline-cache: save 7414835 bytes, success=true
GPU adapter: NVIDIA GeForce RTX 4070 SUPER | backend=Vulkan driver=NVIDIA
GPU features: subgroups
GPU limits: storage bind 2048.0 MiB, buffer 17592186044416.0 MiB
physics-pipeline-cache: loaded 7414835 bytes
gpu-alloc scene generation=0 bodies=256 shapes=256 hull_points=64 hull_planes=64 hull_edges=64 hull_topology=64 mesh_vertices=64 mesh_triangles=64 mesh_nodes=64 materials=256 joints=16 scene_heap_bytes=237568 max=536870912
gpu-scene-input shapes=0 mesh_vertices=0 mesh_triangles=0 scene_heap_bytes=237568
GPU pose export: Vulkan opaque FD 23 (28672 bytes)
gpu-alloc scene generation=0 bodies=8449 shapes=256 hull_points=64 hull_planes=64 hull_edges=64 hull_topology=64 mesh_vertices=64 mesh_triangles=64 mesh_nodes=64 materials=256 joints=16 scene_heap_bytes=1417360 max=536870912
gpu-scene-input shapes=0 mesh_vertices=0 mesh_triangles=0 scene_heap_bytes=1417360
GPU pose export: Vulkan opaque FD 24 (946432 bytes)
physics-pipeline-cache: save 7414835 bytes, success=true
