
running 1 test
test api::world::contact_metrics_tests::world_contact_metrics_track_mutations_callbacks_and_world_reuse ... GPU adapter: NVIDIA GeForce RTX 4070 SUPER | backend=Vulkan driver=NVIDIA
GPU features: subgroups
GPU limits: storage bind 2048.0 MiB, buffer 17592186044416.0 MiB
gpu-alloc scene generation=1 bodies=256 shapes=256 hull_points=64 hull_planes=64 hull_edges=64 hull_topology=64 mesh_vertices=64 mesh_triangles=64 mesh_nodes=64 materials=256 joints=16 scene_heap_bytes=237568 max=536870912
physics-pipeline-cache: loaded 21759116 bytes
gpu-alloc scene generation=0 bodies=256 shapes=256 hull_points=64 hull_planes=64 hull_edges=64 hull_topology=64 mesh_vertices=64 mesh_triangles=64 mesh_nodes=64 materials=256 joints=16 scene_heap_bytes=237568 max=536870912
gpu-scene-input shapes=2 mesh_vertices=0 mesh_triangles=0 scene_heap_bytes=237568
GPU pose export: Vulkan opaque FD 23 (28672 bytes)
gpu-alloc scene generation=0 bodies=256 shapes=256 hull_points=64 hull_planes=64 hull_edges=64 hull_topology=64 mesh_vertices=64 mesh_triangles=64 mesh_nodes=64 materials=256 joints=16 scene_heap_bytes=237568 max=536870912
gpu-scene-input shapes=3 mesh_vertices=0 mesh_triangles=0 scene_heap_bytes=237568
physics-pipeline-cache: save 21759116 bytes, success=true
gpu-alloc scene generation=1 bodies=256 shapes=256 hull_points=64 hull_planes=64 hull_edges=64 hull_topology=64 mesh_vertices=64 mesh_triangles=64 mesh_nodes=64 materials=256 joints=16 scene_heap_bytes=237568 max=536870912
gpu-alloc scene generation=0 bodies=256 shapes=256 hull_points=64 hull_planes=64 hull_edges=64 hull_topology=64 mesh_vertices=64 mesh_triangles=64 mesh_nodes=64 materials=256 joints=16 scene_heap_bytes=237568 max=536870912
gpu-scene-input shapes=2 mesh_vertices=0 mesh_triangles=0 scene_heap_bytes=237568
GPU pose export: Vulkan opaque FD 23 (28672 bytes)
gpu-alloc scene generation=0 bodies=256 shapes=256 hull_points=64 hull_planes=64 hull_edges=64 hull_topology=64 mesh_vertices=64 mesh_triangles=64 mesh_nodes=64 materials=256 joints=16 scene_heap_bytes=237568 max=536870912
gpu-scene-input shapes=3 mesh_vertices=0 mesh_triangles=0 scene_heap_bytes=237568
ok

test result: ok. 1 passed; 0 failed; 0 ignored; 0 measured; 412 filtered out; finished in 0.88s

