[ 50%] Building C object CMakeFiles/gpu_samples_api.dir/api-sources/samples_stubs.c.o
[ 25%] Building C object CMakeFiles/gpu_samples_api.dir/api-sources/shim.c.o
[ 50%] Building C object CMakeFiles/gpu_samples_api.dir/home/firtoz/work/2026/box3d-wasm/experiments/gpu-physics/c_abi/gpu_gl_poses.c.o
[ 75%] Building C object CMakeFiles/gpu_samples_api.dir/api-sources/samples_api.c.o
[100%] Linking C static library libgpu_samples_api.a
[100%] Built target gpu_samples_api
[  0%] Building C object box3d_src/CMakeFiles/box3d.dir/__/api-sources/aabb.c.o
[  2%] Building C object box3d_src/CMakeFiles/box3d.dir/__/api-sources/bitset.c.o
[  7%] Building C object box3d_src/CMakeFiles/box3d.dir/__/api-sources/block_allocator.c.o
[  7%] Building C object box3d_src/CMakeFiles/box3d.dir/__/api-sources/arena_allocator.c.o
[ 10%] Building C object box3d_src/CMakeFiles/box3d.dir/__/api-sources/body.c.o
[ 10%] Building C object box3d_src/CMakeFiles/box3d.dir/__/api-sources/broad_phase.c.o
[ 13%] Building C object box3d_src/CMakeFiles/box3d.dir/__/api-sources/capsule.c.o
[ 15%] Building C object box3d_src/CMakeFiles/box3d.dir/__/api-sources/compound.c.o
/home/firtoz/work/2026/box3d-wasm/experiments/gpu-physics/artifacts/production-readiness/pr02-diagnostics/c/ordinary-gpu/cmake/api-sources/body.c:137:13: warning: ‘b3DestroyBodyContacts’ defined but not used [-Wunused-function]
  137 | static void b3DestroyBodyContacts( b3World* world, b3Body* body, bool wakeBodies )
      |             ^~~~~~~~~~~~~~~~~~~~~
/home/firtoz/work/2026/box3d-wasm/experiments/gpu-physics/artifacts/production-readiness/pr02-diagnostics/c/ordinary-gpu/cmake/api-sources/body.c:100:13: warning: ‘b3RemoveBodyFromIsland’ defined but not used [-Wunused-function]
  100 | static void b3RemoveBodyFromIsland( b3World* world, b3Body* body )
      |             ^~~~~~~~~~~~~~~~~~~~~~
/home/firtoz/work/2026/box3d-wasm/experiments/gpu-physics/artifacts/production-readiness/pr02-diagnostics/c/ordinary-gpu/cmake/api-sources/body.c:87:13: warning: ‘b3CreateIslandForBody’ defined but not used [-Wunused-function]
   87 | static void b3CreateIslandForBody( b3World* world, int setIndex, b3Body* body )
      |             ^~~~~~~~~~~~~~~~~~~~~
/home/firtoz/work/2026/box3d-wasm/experiments/gpu-physics/artifacts/production-readiness/pr02-diagnostics/c/ordinary-gpu/cmake/api-sources/compound.c:260:17: warning: no previous prototype for ‘__real_b3CreateCompound’ [-Wmissing-prototypes]
  260 | b3CompoundData* __real_b3CreateCompound( const b3CompoundDef* def )
      |                 ^~~~~~~~~~~~~~~~~~~~~~~
[ 15%] Building C object box3d_src/CMakeFiles/box3d.dir/__/api-sources/constraint_graph.c.o
[ 18%] Building C object box3d_src/CMakeFiles/box3d.dir/__/api-sources/contact.c.o
[ 21%] Building C object box3d_src/CMakeFiles/box3d.dir/__/api-sources/contact_solver.c.o
/home/firtoz/work/2026/box3d-wasm/experiments/gpu-physics/artifacts/production-readiness/pr02-diagnostics/c/ordinary-gpu/cmake/api-sources/contact.c:54:19: warning: ‘b3GetContactFullId’ defined but not used [-Wunused-function]
   54 | static b3Contact* b3GetContactFullId( b3World* world, b3ContactId contactId )
      |                   ^~~~~~~~~~~~~~~~~~
[ 23%] Building C object box3d_src/CMakeFiles/box3d.dir/__/api-sources/convex_manifold.c.o
[ 23%] Building C object box3d_src/CMakeFiles/box3d.dir/__/api-sources/core.c.o
/home/firtoz/work/2026/box3d-wasm/experiments/gpu-physics/artifacts/production-readiness/pr02-diagnostics/c/ordinary-gpu/cmake/api-sources/core.c:132:19: warning: ‘b3_freeFcn’ defined but not used [-Wunused-variable]
  132 | static b3FreeFcn* b3_freeFcn = NULL;
      |                   ^~~~~~~~~~
/home/firtoz/work/2026/box3d-wasm/experiments/gpu-physics/artifacts/production-readiness/pr02-diagnostics/c/ordinary-gpu/cmake/api-sources/core.c:131:20: warning: ‘b3_allocFcn’ defined but not used [-Wunused-variable]
  131 | static b3AllocFcn* b3_allocFcn = NULL;
      |                    ^~~~~~~~~~~
/home/firtoz/work/2026/box3d-wasm/experiments/gpu-physics/artifacts/production-readiness/pr02-diagnostics/c/ordinary-gpu/cmake/api-sources/core.c:53:14: warning: ‘b3_stallThreshold’ defined but not used [-Wunused-variable]
   53 | static float b3_stallThreshold = FLT_MAX;
      |              ^~~~~~~~~~~~~~~~~
/home/firtoz/work/2026/box3d-wasm/experiments/gpu-physics/artifacts/production-readiness/pr02-diagnostics/c/ordinary-gpu/cmake/api-sources/core.c:40:14: warning: ‘b3_lengthUnitsPerMeter’ defined but not used [-Wunused-variable]
   40 | static float b3_lengthUnitsPerMeter = 1.0f;
      |              ^~~~~~~~~~~~~~~~~~~~~~
[ 26%] Building C object box3d_src/CMakeFiles/box3d.dir/__/api-sources/distance.c.o
/home/firtoz/work/2026/box3d-wasm/experiments/gpu-physics/artifacts/production-readiness/pr02-diagnostics/c/ordinary-gpu/cmake/api-sources/distance.c:1622:13: warning: ‘b3ForceFixedAxis’ defined but not used [-Wunused-function]
 1622 | static void b3ForceFixedAxis( b3SeparationFunction* fcn, float beta )
      |             ^~~~~~~~~~~~~~~~
/home/firtoz/work/2026/box3d-wasm/experiments/gpu-physics/artifacts/production-readiness/pr02-diagnostics/c/ordinary-gpu/cmake/api-sources/distance.c:1564:14: warning: ‘b3EvaluateSeparation’ defined but not used [-Wunused-function]
 1564 | static float b3EvaluateSeparation( b3SeparationFunction* fcn, int index1, int index2, float beta )
      |              ^~~~~~~~~~~~~~~~~~~~
/home/firtoz/work/2026/box3d-wasm/experiments/gpu-physics/artifacts/production-readiness/pr02-diagnostics/c/ordinary-gpu/cmake/api-sources/distance.c:1483:14: warning: ‘b3FindMinSeparation’ defined but not used [-Wunused-function]
 1483 | static float b3FindMinSeparation( b3SeparationFunction* fcn, int* indexA, int* indexB, float t )
      |              ^~~~~~~~~~~~~~~~~~~
/home/firtoz/work/2026/box3d-wasm/experiments/gpu-physics/artifacts/production-readiness/pr02-diagnostics/c/ordinary-gpu/cmake/api-sources/distance.c:1249:29: warning: ‘b3MakeSeparationFunction’ defined but not used [-Wunused-function]
 1249 | static b3SeparationFunction b3MakeSeparationFunction( const b3SimplexCache cache, const b3ShapeProxy* proxyA,
      |                             ^~~~~~~~~~~~~~~~~~~~~~~~
/home/firtoz/work/2026/box3d-wasm/experiments/gpu-physics/artifacts/production-readiness/pr02-diagnostics/c/ordinary-gpu/cmake/api-sources/distance.c:674:13: warning: ‘b3ComputeWitnessPoints’ defined but not used [-Wunused-function]
  674 | static void b3ComputeWitnessPoints( const b3Simplex* simplex, b3Vec3* vertexA, b3Vec3* vertexB )
      |             ^~~~~~~~~~~~~~~~~~~~~~
/home/firtoz/work/2026/box3d-wasm/experiments/gpu-physics/artifacts/production-readiness/pr02-diagnostics/c/ordinary-gpu/cmake/api-sources/distance.c:361:13: warning: ‘b3SolveSimplex4’ defined but not used [-Wunused-function]
  361 | static bool b3SolveSimplex4( b3Simplex* simplex )
      |             ^~~~~~~~~~~~~~~
/home/firtoz/work/2026/box3d-wasm/experiments/gpu-physics/artifacts/production-readiness/pr02-diagnostics/c/ordinary-gpu/cmake/api-sources/distance.c:230:13: warning: ‘b3SolveSimplex3’ defined but not used [-Wunused-function]
  230 | static bool b3SolveSimplex3( b3Simplex* simplex )
      |             ^~~~~~~~~~~~~~~
/home/firtoz/work/2026/box3d-wasm/experiments/gpu-physics/artifacts/production-readiness/pr02-diagnostics/c/ordinary-gpu/cmake/api-sources/distance.c:176:13: warning: ‘b3SolveSimplex2’ defined but not used [-Wunused-function]
  176 | static bool b3SolveSimplex2( b3Simplex* simplex )
      |             ^~~~~~~~~~~~~~~
/home/firtoz/work/2026/box3d-wasm/experiments/gpu-physics/artifacts/production-readiness/pr02-diagnostics/c/ordinary-gpu/cmake/api-sources/distance.c:164:13: warning: ‘b3WriteCache’ defined but not used [-Wunused-function]
  164 | static void b3WriteCache( b3SimplexCache* cache, const b3Simplex* simplex )
      |             ^~~~~~~~~~~~
[ 28%] Building C object box3d_src/CMakeFiles/box3d.dir/__/api-sources/distance_joint.c.o
[ 31%] Building C object box3d_src/CMakeFiles/box3d.dir/__/api-sources/dynamic_tree.c.o
[ 31%] Building C object box3d_src/CMakeFiles/box3d.dir/__/api-sources/height_field.c.o
[ 34%] Building C object box3d_src/CMakeFiles/box3d.dir/__/api-sources/hull.c.o
/home/firtoz/work/2026/box3d-wasm/experiments/gpu-physics/artifacts/production-readiness/pr02-diagnostics/c/ordinary-gpu/cmake/api-sources/hull.c:2726:24: warning: ‘s_boxHull’ defined but not used [-Wunused-const-variable=]
 2726 | static const b3BoxHull s_boxHull = {
      |                        ^~~~~~~~~
/home/firtoz/work/2026/box3d-wasm/experiments/gpu-physics/artifacts/production-readiness/pr02-diagnostics/c/ordinary-gpu/cmake/api-sources/hull.c:1916:13: warning: ‘b3UpdateHullBulkProperties’ defined but not used [-Wunused-function]
 1916 | static bool b3UpdateHullBulkProperties( b3HullData* hull )
      |             ^~~~~~~~~~~~~~~~~~~~~~~~~~
/home/firtoz/work/2026/box3d-wasm/experiments/gpu-physics/artifacts/production-readiness/pr02-diagnostics/c/ordinary-gpu/cmake/api-sources/hull.c:1895:13: warning: ‘b3UpdateHullBounds’ defined but not used [-Wunused-function]
 1895 | static void b3UpdateHullBounds( b3HullData* hull )
      |             ^~~~~~~~~~~~~~~~~~
/home/firtoz/work/2026/box3d-wasm/experiments/gpu-physics/artifacts/production-readiness/pr02-diagnostics/c/ordinary-gpu/cmake/api-sources/hull.c:1621:15: warning: ‘b3GetHullSoaNormalsWrite’ defined but not used [-Wunused-function]
 1621 | static float* b3GetHullSoaNormalsWrite( b3HullData* hull )
      |               ^~~~~~~~~~~~~~~~~~~~~~~~
/home/firtoz/work/2026/box3d-wasm/experiments/gpu-physics/artifacts/production-readiness/pr02-diagnostics/c/ordinary-gpu/cmake/api-sources/hull.c:1612:15: warning: ‘b3GetHullSoaVerticesWrite’ defined but not used [-Wunused-function]
 1612 | static float* b3GetHullSoaVerticesWrite( b3HullData* hull )
      |               ^~~~~~~~~~~~~~~~~~~~~~~~~
/home/firtoz/work/2026/box3d-wasm/experiments/gpu-physics/artifacts/production-readiness/pr02-diagnostics/c/ordinary-gpu/cmake/api-sources/hull.c:1603:24: warning: ‘b3GetHullEdgesWrite’ defined but not used [-Wunused-function]
 1603 | static b3HullHalfEdge* b3GetHullEdgesWrite( b3HullData* hull )
      |                        ^~~~~~~~~~~~~~~~~~~
/home/firtoz/work/2026/box3d-wasm/experiments/gpu-physics/artifacts/production-readiness/pr02-diagnostics/c/ordinary-gpu/cmake/api-sources/hull.c:1594:22: warning: ‘b3GetHullVerticesWrite’ defined but not used [-Wunused-function]
 1594 | static b3HullVertex* b3GetHullVerticesWrite( b3HullData* hull )
      |                      ^~~~~~~~~~~~~~~~~~~~~~
/home/firtoz/work/2026/box3d-wasm/experiments/gpu-physics/artifacts/production-readiness/pr02-diagnostics/c/ordinary-gpu/cmake/api-sources/hull.c:1585:17: warning: ‘b3GetHullPlanesWrite’ defined but not used [-Wunused-function]
 1585 | static b3Plane* b3GetHullPlanesWrite( b3HullData* hull )
      |                 ^~~~~~~~~~~~~~~~~~~~
/home/firtoz/work/2026/box3d-wasm/experiments/gpu-physics/artifacts/production-readiness/pr02-diagnostics/c/ordinary-gpu/cmake/api-sources/hull.c:1576:16: warning: ‘b3GetHullPointsWrite’ defined but not used [-Wunused-function]
 1576 | static b3Vec3* b3GetHullPointsWrite( b3HullData* hull )
      |                ^~~~~~~~~~~~~~~~~~~~
/home/firtoz/work/2026/box3d-wasm/experiments/gpu-physics/artifacts/production-readiness/pr02-diagnostics/c/ordinary-gpu/cmake/api-sources/hull.c:1547:13: warning: ‘b3HullBuilder_Init’ defined but not used [-Wunused-function]
 1547 | static void b3HullBuilder_Init( b3HullBuilder* b, char* mem, const b3HullWorkSizes* s )
      |             ^~~~~~~~~~~~~~~~~~
/home/firtoz/work/2026/box3d-wasm/experiments/gpu-physics/artifacts/production-readiness/pr02-diagnostics/c/ordinary-gpu/cmake/api-sources/hull.c:1493:24: warning: ‘b3ComputeHullWorkSizes’ defined but not used [-Wunused-function]
 1493 | static b3HullWorkSizes b3ComputeHullWorkSizes( int pointCount, int clampedMaxCount )
      |                        ^~~~~~~~~~~~~~~~~~~~~~
/home/firtoz/work/2026/box3d-wasm/experiments/gpu-physics/artifacts/production-readiness/pr02-diagnostics/c/ordinary-gpu/cmake/api-sources/hull.c:1429:13: warning: ‘b3HullBuilder_Construct’ defined but not used [-Wunused-function]
 1429 | static bool b3HullBuilder_Construct( b3HullBuilder* b, const b3Vec3* points, int pointCount, int maxVertexCount, b3Vec3 origin,
      |             ^~~~~~~~~~~~~~~~~~~~~~~
[ 36%] Building C object box3d_src/CMakeFiles/box3d.dir/__/api-sources/id_pool.c.o
[ 39%] Building C object box3d_src/CMakeFiles/box3d.dir/__/api-sources/island.c.o
[ 39%] Building C object box3d_src/CMakeFiles/box3d.dir/__/api-sources/joint.c.o
/home/firtoz/work/2026/box3d-wasm/experiments/gpu-physics/artifacts/production-readiness/pr02-diagnostics/c/ordinary-gpu/cmake/api-sources/joint.c:336:13: warning: ‘b3DestroyContactsBetweenBodies’ defined but not used [-Wunused-function]
  336 | static void b3DestroyContactsBetweenBodies( b3World* world, b3Body* bodyA, b3Body* bodyB )
      |             ^~~~~~~~~~~~~~~~~~~~~~~~~~~~~~
/home/firtoz/work/2026/box3d-wasm/experiments/gpu-physics/artifacts/production-readiness/pr02-diagnostics/c/ordinary-gpu/cmake/api-sources/joint.c:158:20: warning: ‘b3CreateJoint’ defined but not used [-Wunused-function]
  158 | static b3JointPair b3CreateJoint( b3World* world, const b3JointDef* def, b3JointType type )
      |                    ^~~~~~~~~~~~~
/home/firtoz/work/2026/box3d-wasm/experiments/gpu-physics/artifacts/production-readiness/pr02-diagnostics/c/ordinary-gpu/cmake/api-sources/joint.c:23:19: warning: ‘b3DefaultJointDef’ defined but not used [-Wunused-function]
   23 | static b3JointDef b3DefaultJointDef( void )
      |                   ^~~~~~~~~~~~~~~~~
[ 42%] Building C object box3d_src/CMakeFiles/box3d.dir/__/api-sources/manifold.c.o
[ 44%] Building C object box3d_src/CMakeFiles/box3d.dir/__/api-sources/math_functions.c.o
[ 47%] Building C object box3d_src/CMakeFiles/box3d.dir/__/api-sources/mesh.c.o
[ 47%] Building C object box3d_src/CMakeFiles/box3d.dir/__/api-sources/mesh_contact.c.o
[ 50%] Building C object box3d_src/CMakeFiles/box3d.dir/__/api-sources/motor_joint.c.o
[ 52%] Building C object box3d_src/CMakeFiles/box3d.dir/__/api-sources/mover.c.o
[ 55%] Building C object box3d_src/CMakeFiles/box3d.dir/__/api-sources/name_cache.c.o
[ 55%] Building C object box3d_src/CMakeFiles/box3d.dir/__/api-sources/parallel_for.c.o
[ 57%] Building C object box3d_src/CMakeFiles/box3d.dir/__/api-sources/parallel_joint.c.o
[ 60%] Building C object box3d_src/CMakeFiles/box3d.dir/__/api-sources/physics_world.c.o
/home/firtoz/work/2026/box3d-wasm/experiments/gpu-physics/artifacts/production-readiness/pr02-diagnostics/c/ordinary-gpu/cmake/api-sources/physics_world.c:3346:13: warning: ‘ExplosionCallback’ defined but not used [-Wunused-function]
 3346 | static bool ExplosionCallback( int proxyId, uint64_t userData, void* context )
      |             ^~~~~~~~~~~~~~~~~
/home/firtoz/work/2026/box3d-wasm/experiments/gpu-physics/artifacts/production-readiness/pr02-diagnostics/c/ordinary-gpu/cmake/api-sources/physics_world.c:3182:14: warning: ‘MoverCastCallback’ defined but not used [-Wunused-function]
 3182 | static float MoverCastCallback( const b3BoxCastInput* input, int proxyId, uint64_t userData, void* context )
      |              ^~~~~~~~~~~~~~~~~
/home/firtoz/work/2026/box3d-wasm/experiments/gpu-physics/artifacts/production-readiness/pr02-diagnostics/c/ordinary-gpu/cmake/api-sources/physics_world.c:3047:14: warning: ‘b3ShapeCastCallback’ defined but not used [-Wunused-function]
 3047 | static float b3ShapeCastCallback( const b3BoxCastInput* input, int proxyId, uint64_t userData, void* context )
      |              ^~~~~~~~~~~~~~~~~~~
/home/firtoz/work/2026/box3d-wasm/experiments/gpu-physics/artifacts/production-readiness/pr02-diagnostics/c/ordinary-gpu/cmake/api-sources/physics_world.c:2958:14: warning: ‘b3RayCastClosestFcn’ defined but not used [-Wunused-function]
 2958 | static float b3RayCastClosestFcn( b3ShapeId shapeId, b3Pos point, b3Vec3 normal, float fraction, uint64_t userMaterialId,
      |              ^~~~~~~~~~~~~~~~~~~
/home/firtoz/work/2026/box3d-wasm/experiments/gpu-physics/artifacts/production-readiness/pr02-diagnostics/c/ordinary-gpu/cmake/api-sources/physics_world.c:2847:14: warning: ‘RayCastCallback’ defined but not used [-Wunused-function]
 2847 | static float RayCastCallback( const b3RayCastInput* input, int proxyId, uint64_t userData, void* context )
      |              ^~~~~~~~~~~~~~~
/home/firtoz/work/2026/box3d-wasm/experiments/gpu-physics/artifacts/production-readiness/pr02-diagnostics/c/ordinary-gpu/cmake/api-sources/physics_world.c:2750:13: warning: ‘TreeCollideCallback’ defined but not used [-Wunused-function]
 2750 | static bool TreeCollideCallback( int proxyId, uint64_t userData, void* context )
      |             ^~~~~~~~~~~~~~~~~~~
/home/firtoz/work/2026/box3d-wasm/experiments/gpu-physics/artifacts/production-readiness/pr02-diagnostics/c/ordinary-gpu/cmake/api-sources/physics_world.c:2655:13: warning: ‘b3TreeOverlapCallback’ defined but not used [-Wunused-function]
 2655 | static bool b3TreeOverlapCallback( int proxyId, uint64_t userData, void* context )
      |             ^~~~~~~~~~~~~~~~~~~~~
/home/firtoz/work/2026/box3d-wasm/experiments/gpu-physics/artifacts/production-readiness/pr02-diagnostics/c/ordinary-gpu/cmake/api-sources/physics_world.c:2576:13: warning: ‘TreeQueryCallback’ defined but not used [-Wunused-function]
 2576 | static bool TreeQueryCallback( int proxyId, uint64_t userData, void* context )
      |             ^~~~~~~~~~~~~~~~~
/home/firtoz/work/2026/box3d-wasm/experiments/gpu-physics/artifacts/production-readiness/pr02-diagnostics/c/ordinary-gpu/cmake/api-sources/physics_world.c:1215:13: warning: ‘DrawQueryCallback’ defined but not used [-Wunused-function]
 1215 | static bool DrawQueryCallback( int proxyId, uint64_t userData, void* context )
      |             ^~~~~~~~~~~~~~~~~
/home/firtoz/work/2026/box3d-wasm/experiments/gpu-physics/artifacts/production-readiness/pr02-diagnostics/c/ordinary-gpu/cmake/api-sources/physics_world.c:820:13: warning: ‘b3Collide’ defined but not used [-Wunused-function]
  820 | static void b3Collide( b3StepContext* context )
      |             ^~~~~~~~~
/home/firtoz/work/2026/box3d-wasm/experiments/gpu-physics/artifacts/production-readiness/pr02-diagnostics/c/ordinary-gpu/cmake/api-sources/physics_world.c:190:13: warning: ‘b3DestroyWorkerContexts’ defined but not used [-Wunused-function]
  190 | static void b3DestroyWorkerContexts( b3World* world )
      |             ^~~~~~~~~~~~~~~~~~~~~~~
/home/firtoz/work/2026/box3d-wasm/experiments/gpu-physics/artifacts/production-readiness/pr02-diagnostics/c/ordinary-gpu/cmake/api-sources/physics_world.c:166:13: warning: ‘b3CreateWorkerContexts’ defined but not used [-Wunused-function]
  166 | static void b3CreateWorkerContexts( b3World* world )
      |             ^~~~~~~~~~~~~~~~~~~~~~
/home/firtoz/work/2026/box3d-wasm/experiments/gpu-physics/artifacts/production-readiness/pr02-diagnostics/c/ordinary-gpu/cmake/api-sources/physics_world.c:160:14: warning: ‘b3DefaultRestitutionCallback’ defined but not used [-Wunused-function]
  160 | static float b3DefaultRestitutionCallback( float restitutionA, uint64_t materialA, float restitutionB, uint64_t materialB )
      |              ^~~~~~~~~~~~~~~~~~~~~~~~~~~~
/home/firtoz/work/2026/box3d-wasm/experiments/gpu-physics/artifacts/production-readiness/pr02-diagnostics/c/ordinary-gpu/cmake/api-sources/physics_world.c:154:14: warning: ‘b3DefaultFrictionCallback’ defined but not used [-Wunused-function]
  154 | static float b3DefaultFrictionCallback( float frictionA, uint64_t materialA, float frictionB, uint64_t materialB )
      |              ^~~~~~~~~~~~~~~~~~~~~~~~~
/home/firtoz/work/2026/box3d-wasm/experiments/gpu-physics/artifacts/production-readiness/pr02-diagnostics/c/ordinary-gpu/cmake/api-sources/physics_world.c:148:13: warning: ‘b3DefaultFinishTaskFcn’ defined but not used [-Wunused-function]
  148 | static void b3DefaultFinishTaskFcn( void* userTask, void* userContext )
      |             ^~~~~~~~~~~~~~~~~~~~~~
/home/firtoz/work/2026/box3d-wasm/experiments/gpu-physics/artifacts/production-readiness/pr02-diagnostics/c/ordinary-gpu/cmake/api-sources/physics_world.c:141:14: warning: ‘b3DefaultAddTaskFcn’ defined but not used [-Wunused-function]
  141 | static void* b3DefaultAddTaskFcn( b3TaskCallback* task, void* taskContext, void* userContext, const char* name )
      |              ^~~~~~~~~~~~~~~~~~~
[ 63%] Building C object box3d_src/CMakeFiles/box3d.dir/__/api-sources/prismatic_joint.c.o
[ 63%] Building C object box3d_src/CMakeFiles/box3d.dir/__/api-sources/recording.c.o
[ 65%] Building C object box3d_src/CMakeFiles/box3d.dir/__/api-sources/recording_replay.c.o
/home/firtoz/work/2026/box3d-wasm/experiments/gpu-physics/artifacts/production-readiness/pr02-diagnostics/c/ordinary-gpu/cmake/api-sources/recording_replay.c:3351:13: warning: ‘b3RecDrawProxy’ defined but not used [-Wunused-function]
 3351 | static void b3RecDrawProxy( b3DebugDraw* draw, b3Pos basePos, const b3RecDrawQuery* q, b3HexColor color )
      |             ^~~~~~~~~~~~~~
/home/firtoz/work/2026/box3d-wasm/experiments/gpu-physics/artifacts/production-readiness/pr02-diagnostics/c/ordinary-gpu/cmake/api-sources/recording_replay.c:3331:13: warning: ‘b3RecDrawHitBounds’ defined but not used [-Wunused-function]
 3331 | static void b3RecDrawHitBounds( const b3RecPlayer* player, const b3RecDrawQuery* q, b3DebugDraw* draw, b3HexColor color )
      |             ^~~~~~~~~~~~~~~~~~
/home/firtoz/work/2026/box3d-wasm/experiments/gpu-physics/artifacts/production-readiness/pr02-diagnostics/c/ordinary-gpu/cmake/api-sources/recording_replay.c:3324:19: warning: ‘b3RecQuerySelColor’ defined but not used [-Wunused-function]
 3324 | static b3HexColor b3RecQuerySelColor( bool selected, b3HexColor base )
      |                   ^~~~~~~~~~~~~~~~~~
/home/firtoz/work/2026/box3d-wasm/experiments/gpu-physics/artifacts/production-readiness/pr02-diagnostics/c/ordinary-gpu/cmake/api-sources/recording_replay.c:2714:18: warning: ‘b3RecPlayerCreateWorld’ defined but not used [-Wunused-function]
 2714 | static b3WorldId b3RecPlayerCreateWorld( const b3RecPlayer* player )
      |                  ^~~~~~~~~~~~~~~~~~~~~~
/home/firtoz/work/2026/box3d-wasm/experiments/gpu-physics/artifacts/production-readiness/pr02-diagnostics/c/ordinary-gpu/cmake/api-sources/recording_replay.c:2687:13: warning: ‘b3RecPlayerRestoreKeyframe’ defined but not used [-Wunused-function]
 2687 | static void b3RecPlayerRestoreKeyframe( b3RecPlayer* player, const b3RecKeyframe* kf )
      |             ^~~~~~~~~~~~~~~~~~~~~~~~~~
/home/firtoz/work/2026/box3d-wasm/experiments/gpu-physics/artifacts/production-readiness/pr02-diagnostics/c/ordinary-gpu/cmake/api-sources/recording_replay.c:2612:13: warning: ‘b3RecCaptureKeyframe’ defined but not used [-Wunused-function]
 2612 | static void b3RecCaptureKeyframe( b3RecPlayer* player )
      |             ^~~~~~~~~~~~~~~~~~~~
/home/firtoz/work/2026/box3d-wasm/experiments/gpu-physics/artifacts/production-readiness/pr02-diagnostics/c/ordinary-gpu/cmake/api-sources/recording_replay.c:2589:13: warning: ‘b3RecSeedKeyframeRegistry’ defined but not used [-Wunused-function]
 2589 | static void b3RecSeedKeyframeRegistry( b3RecPlayer* player )
      |             ^~~~~~~~~~~~~~~~~~~~~~~~~
/home/firtoz/work/2026/box3d-wasm/experiments/gpu-physics/artifacts/production-readiness/pr02-diagnostics/c/ordinary-gpu/cmake/api-sources/recording_replay.c:2529:13: warning: ‘b3RecScanFile’ defined but not used [-Wunused-function]
 2529 | static void b3RecScanFile( b3RecPlayer* player )
      |             ^~~~~~~~~~~~~
/home/firtoz/work/2026/box3d-wasm/experiments/gpu-physics/artifacts/production-readiness/pr02-diagnostics/c/ordinary-gpu/cmake/api-sources/recording_replay.c:2499:13: warning: ‘b3RecFreeSlots’ defined but not used [-Wunused-function]
 2499 | static void b3RecFreeSlots( b3RegistrySlot* slots, int slotCount )
      |             ^~~~~~~~~~~~~~
/home/firtoz/work/2026/box3d-wasm/experiments/gpu-physics/artifacts/production-readiness/pr02-diagnostics/c/ordinary-gpu/cmake/api-sources/recording_replay.c:2403:13: warning: ‘b3RecLoadSlots’ defined but not used [-Wunused-function]
 2403 | static bool b3RecLoadSlots( b3RecReader* rdr, const void* data, int size, uint64_t registryOffset, uint64_t registryByteCount )
      |             ^~~~~~~~~~~~~~
/home/firtoz/work/2026/box3d-wasm/experiments/gpu-physics/artifacts/production-readiness/pr02-diagnostics/c/ordinary-gpu/cmake/api-sources/recording_replay.c:2307:13: warning: ‘b3RecSeedFrame0BodyIds’ defined but not used [-Wunused-function]
 2307 | static void b3RecSeedFrame0BodyIds( b3RecPlayer* player )
      |             ^~~~~~~~~~~~~~~~~~~~~~
/home/firtoz/work/2026/box3d-wasm/experiments/gpu-physics/artifacts/production-readiness/pr02-diagnostics/c/ordinary-gpu/cmake/api-sources/recording_replay.c:2125:12: warning: ‘b3RecDispatchOne’ defined but not used [-Wunused-function]
 2125 | static int b3RecDispatchOne( b3RecReader* rdr )
      |            ^~~~~~~~~~~~~~~~
[ 68%] Building C object box3d_src/CMakeFiles/box3d.dir/__/api-sources/revolute_joint.c.o
[ 71%] Building C object box3d_src/CMakeFiles/box3d.dir/__/api-sources/scheduler.c.o
[ 71%] Building C object box3d_src/CMakeFiles/box3d.dir/__/api-sources/sensor.c.o
[ 73%] Building C object box3d_src/CMakeFiles/box3d.dir/__/api-sources/shape.c.o
/home/firtoz/work/2026/box3d-wasm/experiments/gpu-physics/artifacts/production-readiness/pr02-diagnostics/c/ordinary-gpu/cmake/api-sources/shape.c:1354:13: warning: ‘b3ResetProxy’ defined but not used [-Wunused-function]
 1354 | static void b3ResetProxy( b3World* world, b3Shape* shape, bool wakeBodies, bool destroyProxy )
      |             ^~~~~~~~~~~~
/home/firtoz/work/2026/box3d-wasm/experiments/gpu-physics/artifacts/production-readiness/pr02-diagnostics/c/ordinary-gpu/cmake/api-sources/shape.c:480:13: warning: ‘b3DestroyShapeInternal’ defined but not used [-Wunused-function]
  480 | static void b3DestroyShapeInternal( b3World* world, b3Shape* shape, b3Body* body, bool wakeBodies )
      |             ^~~~~~~~~~~~~~~~~~~~~~
/home/firtoz/work/2026/box3d-wasm/experiments/gpu-physics/artifacts/production-readiness/pr02-diagnostics/c/ordinary-gpu/cmake/api-sources/shape.c:255:18: warning: ‘b3CreateShape’ defined but not used [-Wunused-function]
  255 | static b3ShapeId b3CreateShape( b3BodyId bodyId, const b3ShapeDef* def, const void* geometry, b3ShapeType shapeType,
      |                  ^~~~~~~~~~~~~
/home/firtoz/work/2026/box3d-wasm/experiments/gpu-physics/artifacts/production-readiness/pr02-diagnostics/c/ordinary-gpu/cmake/api-sources/shape.c:19:17: warning: ‘b3GetShape’ defined but not used [-Wunused-function]
   19 | static b3Shape* b3GetShape( b3World* world, b3ShapeId shapeId )
      |                 ^~~~~~~~~~
[ 76%] Building C object box3d_src/CMakeFiles/box3d.dir/__/api-sources/simd.c.o
[ 78%] Building C object box3d_src/CMakeFiles/box3d.dir/__/api-sources/solver.c.o
[ 78%] Building C object box3d_src/CMakeFiles/box3d.dir/__/api-sources/solver_set.c.o
[ 81%] Building C object box3d_src/CMakeFiles/box3d.dir/__/api-sources/sphere.c.o
[ 84%] Building C object box3d_src/CMakeFiles/box3d.dir/__/api-sources/spherical_joint.c.o
[ 86%] Building C object box3d_src/CMakeFiles/box3d.dir/__/api-sources/table.c.o
[ 86%] Building C object box3d_src/CMakeFiles/box3d.dir/__/api-sources/timer.c.o
[ 89%] Building C object box3d_src/CMakeFiles/box3d.dir/__/api-sources/triangle_manifold.c.o
[ 92%] Building C object box3d_src/CMakeFiles/box3d.dir/__/api-sources/types.c.o
[ 94%] Building C object box3d_src/CMakeFiles/box3d.dir/__/api-sources/wheel_joint.c.o
[ 94%] Building C object box3d_src/CMakeFiles/box3d.dir/__/api-sources/weld_joint.c.o
[ 97%] Building C object box3d_src/CMakeFiles/box3d.dir/__/api-sources/world_snapshot.c.o
In function ‘b3DesTree’,
    inlined from ‘b3DeserializeIntoShell’ at /home/firtoz/work/2026/box3d-wasm/experiments/gpu-physics/artifacts/production-readiness/pr02-diagnostics/c/ordinary-gpu/cmake/api-sources/world_snapshot.c:1308:4:
/home/firtoz/work/2026/box3d-wasm/experiments/gpu-physics/artifacts/production-readiness/pr02-diagnostics/c/ordinary-gpu/cmake/api-sources/world_snapshot.c:329:23: warning: ‘version’ may be used uninitialized [-Wmaybe-uninitialized]
  329 |         tree->version = version;
      |         ~~~~~~~~~~~~~~^~~~~~~~~
/home/firtoz/work/2026/box3d-wasm/experiments/gpu-physics/artifacts/production-readiness/pr02-diagnostics/c/ordinary-gpu/cmake/api-sources/world_snapshot.c: In function ‘b3DeserializeIntoShell’:
/home/firtoz/work/2026/box3d-wasm/experiments/gpu-physics/artifacts/production-readiness/pr02-diagnostics/c/ordinary-gpu/cmake/api-sources/world_snapshot.c:297:18: note: ‘version’ was declared here
  297 |         uint64_t version;
      |                  ^~~~~~~
[100%] Linking C static library libbox3d.a
[100%] Built target box3d
