
running 63 tests
test api::query::tests::ccd_targets_separation_instead_of_outer_tolerance_shell ... ok
test api::query::tests::convex_overlap_and_cast ... ok
test api::query::tests::direct_compound_ray_rejects_stale_parent ... ok
test api::query::tests::exhausted_toi_keeps_the_last_safe_advance ... ok
test api::query::tests::gpu_convex_sweeps_match_cpu_conservative_advancement ... ok
test api::query::tests::mesh_ccd_glancing_rotation_uses_centroid_plane_filter_except_for_sensors ... ok
test api::query::tests::mesh_ccd_initial_tip_contact_still_stops_centroid_crossing ... ok
test api::query::tests::mesh_ccd_keeps_positive_toi_with_degenerate_witness_normal ... ok
test api::query::tests::mesh_ccd_rotating_capsule_matches_native_root_tolerance ... ok
test api::query::tests::mover_deep_overlap_primitives_and_hull ... ok
test api::query::tests::native_toi_mesh_preserves_clipped_interval_and_traversal_order ... ok
test api::query::tests::native_toi_sweeps_match_impact_captures ... ok
test api::query::tests::near_shell_parallel_ccd_sweep_is_not_truncated ... ok
test api::query::tests::plane_solver_and_clipping_match_box3d ... ok
test api::query::tests::query_filter_ignores_groups ... ok
test api::query::tests::ray_snapshot_prunes_and_retains_owned_compound_candidates ... ok
test api::query::tests::spatial_snapshot_preserves_hits_and_child_order_after_refit ... ok
test api::query::tests::sphere_ray_hit_miss_and_initial_overlap ... ok
test api::world::ccd_pose_precision_tests::ccd_origin_interpolation_matches_native_captures ... ok
test api::world::ccd_pose_precision_tests::ccd_pose_interpolation_matches_native_captures ... ok
test api::world::ccd_pose_precision_tests::retained_ccd_origin_survives_mass_changes_and_is_replaced_by_teleport ... ok
test api::world::ccd_pose_precision_tests::transform_setter_preserves_rain_origin_with_offset_mass_center ... ok
test api::world::contact_api::determinism_tests::unread_root_handle_retires_after_mesh_scratch_reuse ... ok
test api::world::convex_ccd_integration_tests::ccd_landing_refreshes_empty_contact_inside_speculative_shell ... ok
test api::world::mesh_instance_tests::raw_mesh_instances_share_gpu_ranges_and_preserve_affine_support ... ok
test api::world::mesh_shared_snapshot_tests::mesh_snapshots_share_storage_and_survive_replacement_and_destruction ... ok
test api::world::speculative_policy_tests::speculative_mesh_controls_capture_complete_step_state ... ok
test api::world::speculative_policy_tests::speculative_world_policy_survives_zero_steps_diagnostics_and_lifetimes ... ok
test api::world::state_trace::host_state_trace::tests::trace_captures_host_configuration_query_cache_and_ccd_history ... ok
test api::world::state_trace::tests::trace_captures_timing_window_replay_policy ... ok
test api::world::state_trace::tests::trace_validates_uploaded_mesh_tree_relationships ... ok
test gpu_invariants::box_mesh_support_inside_face_without_corner_hits ... ok
test gpu_invariants::capsule_mesh_contact_uses_capsule_local_frame ... ok
test gpu_invariants::capsule_mesh_friction_uses_cpu_scalar_order ... ok
test gpu_invariants::capsule_mesh_keeps_face_admitted_by_closest_distance ... ok
test gpu_invariants::capsule_mesh_preserves_distinct_seam_witnesses ... ok
test gpu_invariants::capsule_mesh_reduces_complete_cluster ... ok
test gpu_invariants::capsule_mesh_solves_face_patch_before_tentative_edge ... ok
test gpu_invariants::collision_pipeline_tracks_mesh_add_remove ... ok
test gpu_invariants::fast_mesh_refresh_preserves_slow_and_nonmesh_recycling ... ok
test gpu_invariants::flat_mesh_does_not_create_pairs_above_native_fat_bounds ... ok
test gpu_invariants::gpu_closest_ray_mesh_height_and_oracle_primitives ... ok
test gpu_invariants::kinematic_mesh_supports_dynamic_box ... ok
test gpu_invariants::later_mesh_bvh_offsets_are_nodes_not_packed_vectors ... ok
test gpu_invariants::locked_hull_rests_on_triangle_mesh ... ok
test gpu_invariants::mesh_contacts_use_all_hull_vertices_not_first_eight ... ok
test gpu_invariants::mesh_drop_thin_box_contact_at_captured_pose ... ok
test gpu_invariants::mesh_face_retains_separated_points_for_rotating_impact ... ok
test gpu_invariants::mesh_ground_does_not_skip_general_static_sort ... ok
test gpu_invariants::mesh_hull_backside_uses_cpu_linear_slop ... ok
test gpu_invariants::pre_solve_veto_disables_all_mesh_patches_and_can_reenable_at_rest ... ok
test gpu_invariants::rejected_mesh_wall_cannot_replace_floor_manifold_normal ... ok
test gpu_invariants::tentative_mesh_edge_cannot_hide_confirmed_floor ... ok
test native_precision::tests::native_mesh_base_separation_matches_cpu ... ok
test native_precision::tests::native_mesh_inertia_matches_cpu ... ok
test native_precision::tests::native_mesh_rolling_matches_cpu ... ok
test sim::manifold_chain_tests::gear_mesh_reduction_keeps_both_native_penetrating_witnesses ... ok
test sim::manifold_chain_tests::generated_mesh_list_publishes_root_and_children ... ok
test sim::manifold_chain_tests::manifold_pool_is_available_for_mesh_patch_growth_without_new_pairs ... ok
test sim::manifold_chain_tests::mesh_clipping_preserves_incoming_and_outgoing_feature_edges ... ok
test sim::manifold_chain_tests::mesh_point_history_requires_full_triangle_and_feature_identity ... ok
test sim::manifold_chain_tests::mesh_point_reduction_carries_triangle_and_feature_with_retained_witness ... ok
test sim::manifold_chain_tests::root_free_scan_preserves_lowest_slots_and_mesh_pool ... ok

test result: ok. 63 passed; 0 failed; 0 ignored; 0 measured; 354 filtered out; finished in 18.32s

