unavailable b3CreatePlayer errno=95
unavailable b3CreateRecording errno=95
unavailable b3DestroyPlayer errno=95
unavailable b3DestroyRecording errno=95
unavailable b3LoadRecordingFromFile errno=95
unavailable b3RecPlayer_DrawFrameQueries errno=95
unavailable b3RecPlayer_GetBodyCount errno=95
unavailable b3RecPlayer_GetBodyId errno=95
unavailable b3RecPlayer_GetDivergeFrame errno=95
unavailable b3RecPlayer_GetFrame errno=95
unavailable b3RecPlayer_GetFrameCount errno=95
unavailable b3RecPlayer_GetFrameQuery errno=95
unavailable b3RecPlayer_GetFrameQueryCount errno=95
unavailable b3RecPlayer_GetFrameQueryHit errno=95
unavailable b3RecPlayer_GetInfo errno=95
unavailable b3RecPlayer_GetKeyframeBudget errno=95
unavailable b3RecPlayer_GetKeyframeBytes errno=95
unavailable b3RecPlayer_GetKeyframeInterval errno=95
unavailable b3RecPlayer_GetKeyframeMinInterval errno=95
unavailable b3RecPlayer_GetWorldId errno=95
unavailable b3RecPlayer_HasDiverged errno=95
unavailable b3RecPlayer_IsAtEnd errno=95
unavailable b3RecPlayer_IsAtPreStep errno=95
unavailable b3RecPlayer_Restart errno=95
unavailable b3RecPlayer_SeekFrame errno=95
unavailable b3RecPlayer_SetDebugShapeCallbacks errno=95
unavailable b3RecPlayer_SetKeyframePolicy errno=95
unavailable b3RecPlayer_SetWorkerCount errno=95
unavailable b3RecPlayer_StepFrame errno=95
unavailable b3RecPlayer_SubStepFrame errno=95
unavailable b3Recording_GetData errno=95
unavailable b3Recording_GetSize errno=95
unavailable b3SaveRecordingToFile errno=95
unavailable b3ValidateReplay errno=95
unavailable b3World_GetWorkerCount errno=95
unavailable b3World_RebuildStaticTree errno=95
unavailable b3World_SetWorkerCount errno=95
unavailable b3World_StartRecording errno=95
unavailable b3World_StopRecording errno=95
unavailable b3CreateRecording errno=95
unavailable b3SaveRecordingToFile errno=95
unavailable b3World_GetWorkerCount errno=95
PASS all 39 unavailable operations; null recording, no file, sticky and thread-local errors
