-- Box3D using Unix
nfd Platform: PLATFORM_LINUX
nfd Compiler: COMPILER_GNU
Using GTK version: 3.24.52
-- Configuring done (0.8s)
-- Generating done (0.1s)
-- Build files have been written to: /home/firtoz/work/2026/box3d-wasm/experiments/gpu-physics/artifacts/production-readiness/pr02-diagnostics/c/ordinary-both/cmake
[  0%] Built target shaders
[  1%] Building CXX object CMakeFiles/imgui.dir/home/firtoz/work/2026/box3d-wasm/box3d/.fetchcontent-cache/imgui-src/imgui.cpp.o
[  4%] Built target gpu_samples_api
[ 30%] Built target box3d
[ 30%] Building CXX object CMakeFiles/imgui.dir/home/firtoz/work/2026/box3d-wasm/box3d/.fetchcontent-cache/imgui-src/imgui_draw.cpp.o
[ 30%] Linking CXX static library libnfd.a
[ 57%] Built target box3d_cpu_original
[ 57%] Building C object box3d_gfx/CMakeFiles/gfx.dir/__/split-gfx/arena.c.o
[ 58%] Built target nfd
[ 59%] Built target gen_box3d_cpu
[ 59%] Building C object box3d_shared/CMakeFiles/shared.dir/benchmarks.c.o
[ 60%] Building C object box3d_gfx/CMakeFiles/gfx.dir/__/split-gfx/debug_adapter.c.o
[ 61%] Building C object box3d_shared/CMakeFiles/shared.dir/determinism.c.o
[ 61%] Building C object box3d_shared/CMakeFiles/shared.dir/overflow_color.c.o
[ 61%] Building C object box3d_gfx/CMakeFiles/gfx.dir/__/split-gfx/debug_shapes.c.o
[ 62%] Building C object box3d_shared/CMakeFiles/shared.dir/stability.c.o
[ 62%] Building C object box3d_shared/CMakeFiles/shared.dir/utils.c.o
[ 63%] Building C object box3d_shared/CMakeFiles/shared.dir/__/diagnostic-human.c.o
[ 64%] Linking C static library libshared.a
[ 64%] Built target shared
[ 66%] Built target gpu_both_api
[ 67%] Building C object box3d_gfx/CMakeFiles/gfx.dir/__/split-gfx/draw.c.o
[ 67%] Building C object box3d_gfx/CMakeFiles/gfx.dir/__/split-gfx/edges.c.o
[ 68%] Building C object box3d_gfx/CMakeFiles/gfx.dir/__/split-gfx/fonts.c.o
[ 68%] Building C object box3d_gfx/CMakeFiles/gfx.dir/__/split-gfx/geometry_registry.c.o
[ 69%] Building C object box3d_gfx/CMakeFiles/gfx.dir/__/split-gfx/gtao.c.o
[ 70%] Building CXX object CMakeFiles/imgui.dir/home/firtoz/work/2026/box3d-wasm/box3d/.fetchcontent-cache/imgui-src/imgui_tables.cpp.o
[ 70%] Building C object box3d_gfx/CMakeFiles/gfx.dir/__/split-gfx/highlight_mask.c.o
[ 71%] Building C object box3d_gfx/CMakeFiles/gfx.dir/__/split-gfx/highlight_outline.c.o
[ 72%] Building C object box3d_gfx/CMakeFiles/gfx.dir/__/split-gfx/highlight_target.c.o
[ 72%] Building C object box3d_gfx/CMakeFiles/gfx.dir/__/split-gfx/ibl.c.o
[ 73%] Building C object box3d_gfx/CMakeFiles/gfx.dir/__/split-gfx/overlay.c.o
[ 73%] Building C object box3d_gfx/CMakeFiles/gfx.dir/__/split-gfx/renderer.c.o
[ 74%] Building C object box3d_gfx/CMakeFiles/gfx.dir/__/split-gfx/scene_target.c.o
[ 74%] Building C object box3d_gfx/CMakeFiles/gfx.dir/__/split-gfx/shadow.c.o
[ 75%] Building C object box3d_gfx/CMakeFiles/gfx.dir/__/split-gfx/sky.c.o
[ 75%] Building CXX object CMakeFiles/imgui.dir/home/firtoz/work/2026/box3d-wasm/box3d/.fetchcontent-cache/imgui-src/imgui_widgets.cpp.o
[ 75%] Building C object box3d_gfx/CMakeFiles/gfx.dir/sokol_impl.c.o
[ 76%] Building CXX object CMakeFiles/imgui.dir/home/firtoz/work/2026/box3d-wasm/box3d/.fetchcontent-cache/imgui-src/imgui_demo.cpp.o
[ 77%] Building C object box3d_gfx/CMakeFiles/gfx.dir/__/split-gfx/text.c.o
[ 77%] Building C object box3d_gfx/CMakeFiles/gfx.dir/__/split-gfx/tone_map.c.o
[ 78%] Building C object box3d_gfx/CMakeFiles/gfx.dir/__/split-gfx/world_text.c.o
[ 78%] Building C object box3d_gfx/CMakeFiles/gfx.dir/home/firtoz/work/2026/box3d-wasm/experiments/gpu-physics/native-samples/sokol_capacity.c.o
[ 79%] Building C object box3d_gfx/CMakeFiles/gfx.dir/home/firtoz/work/2026/box3d-wasm/experiments/gpu-physics/native-samples/sokol_split_stream.c.o
[ 79%] Linking C static library libgfx.a
[ 79%] Built target gfx
[ 79%] Linking CXX static library libimgui.a
[ 79%] Built target imgui
[ 80%] Building CXX object CMakeFiles/implot.dir/home/firtoz/work/2026/box3d-wasm/box3d/.fetchcontent-cache/implot-src/implot_items.cpp.o
[ 80%] Building CXX object CMakeFiles/implot.dir/home/firtoz/work/2026/box3d-wasm/box3d/.fetchcontent-cache/implot-src/implot.cpp.o
[ 81%] Building CXX object CMakeFiles/implot.dir/home/firtoz/work/2026/box3d-wasm/box3d/.fetchcontent-cache/implot-src/implot_demo.cpp.o
/home/firtoz/work/2026/box3d-wasm/box3d/.fetchcontent-cache/implot-src/implot.cpp: In function ‘bool ImPlot::UpdateInput(ImPlotPlot&)’:
/home/firtoz/work/2026/box3d-wasm/box3d/.fetchcontent-cache/implot-src/implot.cpp:1839:46: warning: bitwise operation between different enumeration types ‘ImGuiButtonFlags_’ and ‘ImGuiButtonFlagsPrivate_’ is deprecated [-Wdeprecated-enum-enum-conversion]
 1838 |     const ImGuiButtonFlags plot_button_flags = ImGuiButtonFlags_AllowOverlap
      |                                                ~~~~~~~~~~~~~~~~~~~~~~~~~~~~~
 1839 |                                              | ImGuiButtonFlags_PressedOnClick
      |                                              ^~~~~~~~~~~~~~~~~~~~~~~~~~~~~~~~~
/home/firtoz/work/2026/box3d-wasm/box3d/.fetchcontent-cache/implot-src/implot.cpp: In function ‘void ImPlot::EndPlot()’:
/home/firtoz/work/2026/box3d-wasm/box3d/.fetchcontent-cache/implot-src/implot.cpp:3053:53: warning: bitwise operation between different enumeration types ‘ImGuiButtonFlags_’ and ‘ImGuiButtonFlagsPrivate_’ is deprecated [-Wdeprecated-enum-enum-conversion]
 3052 |         const ImGuiButtonFlags legend_button_flags = ImGuiButtonFlags_AllowOverlap
      |                                                      ~~~~~~~~~~~~~~~~~~~~~~~~~~~~~
 3053 |                                                     | ImGuiButtonFlags_PressedOnClick
      |                                                     ^~~~~~~~~~~~~~~~~~~~~~~~~~~~~~~~~
/home/firtoz/work/2026/box3d-wasm/box3d/.fetchcontent-cache/implot-src/implot.cpp: In function ‘void ImPlot::EndSubplots()’:
/home/firtoz/work/2026/box3d-wasm/box3d/.fetchcontent-cache/implot-src/implot.cpp:3576:53: warning: bitwise operation between different enumeration types ‘ImGuiButtonFlags_’ and ‘ImGuiButtonFlagsPrivate_’ is deprecated [-Wdeprecated-enum-enum-conversion]
 3575 |         const ImGuiButtonFlags legend_button_flags = ImGuiButtonFlags_AllowOverlap
      |                                                      ~~~~~~~~~~~~~~~~~~~~~~~~~~~~~
 3576 |                                                     | ImGuiButtonFlags_PressedOnClick
      |                                                     ^~~~~~~~~~~~~~~~~~~~~~~~~~~~~~~~~
[ 81%] Linking CXX static library libimplot.a
[ 81%] Built target implot
[ 82%] Generating main_bench.cpp, sample_bench.cpp, sample_continuous_bench.cpp, sample_joint_bench.cpp, sample_character_loading.cpp
[ 82%] Building CXX object CMakeFiles/samples_both.dir/main_bench.cpp.o
[ 83%] Building CXX object CMakeFiles/samples_both.dir/sample_gpu_bench.cpp.o
[ 84%] Building CXX object CMakeFiles/samples_both.dir/sokol_bench_hooks.cpp.o
[ 84%] Building CXX object CMakeFiles/samples_both.dir/sokol_loading.cpp.o
[ 85%] Building CXX object CMakeFiles/samples_both.dir/sample_shape_replacement.cpp.o
[ 85%] Building CXX object CMakeFiles/samples_both.dir/home/firtoz/work/2026/box3d-wasm/box3d/samples/host/camera.cpp.o
[ 86%] Building CXX object CMakeFiles/samples_both.dir/home/firtoz/work/2026/box3d-wasm/box3d/samples/host/gui.cpp.o
[ 86%] Building CXX object CMakeFiles/samples_both.dir/home/firtoz/work/2026/box3d-wasm/box3d/samples/host/imgui_impl.cpp.o
[ 87%] Building C object CMakeFiles/samples_both.dir/home/firtoz/work/2026/box3d-wasm/box3d/samples/host/sokol_app_impl.c.o
[ 87%] Building CXX object CMakeFiles/samples_both.dir/sample_bench.cpp.o
[ 88%] Building CXX object CMakeFiles/samples_both.dir/home/firtoz/work/2026/box3d-wasm/box3d/samples/mesh_loader.cpp.o
[ 88%] Building CXX object CMakeFiles/samples_both.dir/home/firtoz/work/2026/box3d-wasm/box3d/samples/mover.cpp.o
[ 89%] Building CXX object CMakeFiles/samples_both.dir/home/firtoz/work/2026/box3d-wasm/box3d/samples/sample_benchmark.cpp.o
[ 89%] Building CXX object CMakeFiles/samples_both.dir/home/firtoz/work/2026/box3d-wasm/box3d/samples/sample_bodies.cpp.o
[ 90%] Building CXX object CMakeFiles/samples_both.dir/sample_character_loading.cpp.o
[ 90%] Building CXX object CMakeFiles/samples_both.dir/home/firtoz/work/2026/box3d-wasm/box3d/samples/sample_collision.cpp.o
[ 91%] Building CXX object CMakeFiles/samples_both.dir/home/firtoz/work/2026/box3d-wasm/box3d/samples/sample_compound.cpp.o
[ 91%] Building CXX object CMakeFiles/samples_both.dir/sample_continuous_bench.cpp.o
[ 92%] Building CXX object CMakeFiles/samples_both.dir/home/firtoz/work/2026/box3d-wasm/box3d/samples/sample_determinism.cpp.o
[ 92%] Building CXX object CMakeFiles/samples_both.dir/home/firtoz/work/2026/box3d-wasm/box3d/samples/sample_events.cpp.o
[ 93%] Building CXX object CMakeFiles/samples_both.dir/home/firtoz/work/2026/box3d-wasm/box3d/samples/sample_geometry.cpp.o
[ 94%] Building CXX object CMakeFiles/samples_both.dir/home/firtoz/work/2026/box3d-wasm/box3d/samples/sample_issues.cpp.o
[ 94%] Building CXX object CMakeFiles/samples_both.dir/sample_joint_bench.cpp.o
[ 95%] Building CXX object CMakeFiles/samples_both.dir/home/firtoz/work/2026/box3d-wasm/box3d/samples/sample_manifold.cpp.o
[ 95%] Building CXX object CMakeFiles/samples_both.dir/home/firtoz/work/2026/box3d-wasm/box3d/samples/sample_mesh.cpp.o
[ 96%] Building CXX object CMakeFiles/samples_both.dir/home/firtoz/work/2026/box3d-wasm/box3d/samples/sample_ragdoll.cpp.o
[ 96%] Building CXX object CMakeFiles/samples_both.dir/home/firtoz/work/2026/box3d-wasm/box3d/samples/sample_replay.cpp.o
[ 97%] Building CXX object CMakeFiles/samples_both.dir/home/firtoz/work/2026/box3d-wasm/box3d/samples/sample_robustness.cpp.o
[ 97%] Building CXX object CMakeFiles/samples_both.dir/home/firtoz/work/2026/box3d-wasm/box3d/samples/sample_shapes.cpp.o
[ 98%] Building CXX object CMakeFiles/samples_both.dir/home/firtoz/work/2026/box3d-wasm/box3d/samples/sample_stacking.cpp.o
[ 98%] Building CXX object CMakeFiles/samples_both.dir/home/firtoz/work/2026/box3d-wasm/box3d/samples/sample_tree.cpp.o
[ 99%] Building CXX object CMakeFiles/samples_both.dir/home/firtoz/work/2026/box3d-wasm/box3d/samples/sample_world.cpp.o
[ 99%] Building CXX object CMakeFiles/samples_both.dir/sample_stats.cpp.o
[100%] Linking CXX executable bin/samples_both
[100%] Built target samples_both
