case sub=1 kind=0
default-on contacts=1 y=0.50999999 vy=0
transition-off contacts=1 y=0.50999999 vy=0
transition-off contacts=1 y=0.50999999 vy=0
transition-on contacts=1 y=0.50999999 vy=0
transition-on contacts=1 y=0.50999999 vy=0
transition-off contacts=1 y=0.50999999 vy=0
transition-on contacts=1 y=0.50999999 vy=0
case sub=1 kind=1
default-on contacts=1 y=0.50999999 vy=0
transition-off contacts=1 y=0.50999999 vy=0
transition-off contacts=1 y=0.50999999 vy=0
transition-on contacts=1 y=0.50999999 vy=0
transition-on contacts=1 y=0.50999999 vy=0
transition-off contacts=1 y=0.50999999 vy=0
transition-on contacts=1 y=0.50999999 vy=0
case sub=1 kind=2
default-on contacts=1 y=0.50999999 vy=0
transition-off contacts=1 y=0.50999999 vy=0
transition-off contacts=1 y=0.50999999 vy=0
transition-on contacts=1 y=0.50999999 vy=0
transition-on contacts=1 y=0.50999999 vy=0
transition-off contacts=1 y=0.50999999 vy=0
transition-on contacts=1 y=0.50999999 vy=0
case sub=1 kind=3
default-on contacts=1 y=0.50999999 vy=0
transition-off contacts=1 y=0.50999999 vy=0
transition-off contacts=1 y=0.50999999 vy=0
transition-on contacts=1 y=0.50999999 vy=0
transition-on contacts=1 y=0.50999999 vy=0
transition-off contacts=1 y=0.50999999 vy=0
transition-on contacts=1 y=0.50999999 vy=0
flags sub=1 kind=0 convex=0 mesh=0
shape-flags contacts=0 y=0.50999999 vy=0
flags sub=1 kind=0 convex=0 mesh=1
shape-flags contacts=0 y=0.50999999 vy=0
flags sub=1 kind=0 convex=1 mesh=0
shape-flags contacts=0 y=0.50999999 vy=0
flags sub=1 kind=0 convex=1 mesh=1
shape-flags contacts=1 y=0.50999999 vy=0
flags sub=1 kind=1 convex=0 mesh=0
shape-flags contacts=1 y=0.50999999 vy=0
flags sub=1 kind=1 convex=0 mesh=1
shape-flags contacts=1 y=0.50999999 vy=0
flags sub=1 kind=1 convex=1 mesh=0
shape-flags contacts=1 y=0.50999999 vy=0
flags sub=1 kind=1 convex=1 mesh=1
shape-flags contacts=1 y=0.50999999 vy=0
flags sub=1 kind=2 convex=0 mesh=0
shape-flags contacts=1 y=0.50999999 vy=0
flags sub=1 kind=2 convex=0 mesh=1
shape-flags contacts=1 y=0.50999999 vy=0
flags sub=1 kind=2 convex=1 mesh=0
shape-flags contacts=1 y=0.50999999 vy=0
flags sub=1 kind=2 convex=1 mesh=1
shape-flags contacts=1 y=0.50999999 vy=0
flags sub=1 kind=3 convex=0 mesh=0
shape-flags contacts=1 y=0.50999999 vy=0
flags sub=1 kind=3 convex=0 mesh=1
shape-flags contacts=1 y=0.50999999 vy=0
flags sub=1 kind=3 convex=1 mesh=0
shape-flags contacts=1 y=0.50999999 vy=0
flags sub=1 kind=3 convex=1 mesh=1
shape-flags contacts=1 y=0.50999999 vy=0
case sub=4 kind=0
default-on contacts=1 y=0.50999999 vy=0
transition-off contacts=1 y=0.50999999 vy=0
transition-off contacts=1 y=0.50999999 vy=0
transition-on contacts=1 y=0.50999999 vy=0
transition-on contacts=1 y=0.50999999 vy=0
transition-off contacts=1 y=0.50999999 vy=0
transition-on contacts=1 y=0.50999999 vy=0
case sub=4 kind=1
default-on contacts=1 y=0.50999999 vy=0
transition-off contacts=1 y=0.50999999 vy=0
transition-off contacts=1 y=0.50999999 vy=0
transition-on contacts=1 y=0.50999999 vy=0
transition-on contacts=1 y=0.50999999 vy=0
transition-off contacts=1 y=0.50999999 vy=0
transition-on contacts=1 y=0.50999999 vy=0
case sub=4 kind=2
default-on contacts=1 y=0.50999999 vy=0
transition-off contacts=1 y=0.50999999 vy=0
transition-off contacts=1 y=0.50999999 vy=0
transition-on contacts=1 y=0.50999999 vy=0
transition-on contacts=1 y=0.50999999 vy=0
transition-off contacts=1 y=0.50999999 vy=0
transition-on contacts=1 y=0.50999999 vy=0
case sub=4 kind=3
default-on contacts=1 y=0.50999999 vy=0
transition-off contacts=1 y=0.50999999 vy=0
transition-off contacts=1 y=0.50999999 vy=0
transition-on contacts=1 y=0.50999999 vy=0
transition-on contacts=1 y=0.50999999 vy=0
transition-off contacts=1 y=0.50999999 vy=0
transition-on contacts=1 y=0.50999999 vy=0
flags sub=4 kind=0 convex=0 mesh=0
shape-flags contacts=0 y=0.50999999 vy=0
flags sub=4 kind=0 convex=0 mesh=1
shape-flags contacts=0 y=0.50999999 vy=0
flags sub=4 kind=0 convex=1 mesh=0
shape-flags contacts=0 y=0.50999999 vy=0
flags sub=4 kind=0 convex=1 mesh=1
shape-flags contacts=1 y=0.50999999 vy=0
flags sub=4 kind=1 convex=0 mesh=0
shape-flags contacts=1 y=0.50999999 vy=0
flags sub=4 kind=1 convex=0 mesh=1
shape-flags contacts=1 y=0.50999999 vy=0
flags sub=4 kind=1 convex=1 mesh=0
shape-flags contacts=1 y=0.50999999 vy=0
flags sub=4 kind=1 convex=1 mesh=1
shape-flags contacts=1 y=0.50999999 vy=0
flags sub=4 kind=2 convex=0 mesh=0
shape-flags contacts=1 y=0.50999999 vy=0
flags sub=4 kind=2 convex=0 mesh=1
shape-flags contacts=1 y=0.50999999 vy=0
flags sub=4 kind=2 convex=1 mesh=0
shape-flags contacts=1 y=0.50999999 vy=0
flags sub=4 kind=2 convex=1 mesh=1
shape-flags contacts=1 y=0.50999999 vy=0
flags sub=4 kind=3 convex=0 mesh=0
shape-flags contacts=1 y=0.50999999 vy=0
flags sub=4 kind=3 convex=0 mesh=1
shape-flags contacts=1 y=0.50999999 vy=0
flags sub=4 kind=3 convex=1 mesh=0
shape-flags contacts=1 y=0.50999999 vy=0
flags sub=4 kind=3 convex=1 mesh=1
shape-flags contacts=1 y=0.50999999 vy=0
before-creation-off contacts=1 y=0.50999999 vy=0
independent-off contacts=1 y=0.50999999 vy=0
independent-on contacts=1 y=0.50999999 vy=0
recreated-default contacts=1 y=0.50999999 vy=0
surviving-world contacts=1 y=0.50999999 vy=0
world-equivalent-shape-off contacts=0 y=0.50999999 vy=0
