0 0 1 0.49999997 -0.192000002 0.934903145 0.298482895 1 0
0 1 0 0 0 0 0 0 0
query 0 1 1 1 1 0.499999374
refit 0 1 1 1 1 0.500000715
mover-cast 0 0.438749969
support 0 0.254929543 2.00111444e-05
1 0 1 0.5 -0.192000002 0.934903145 0.298482925 1 0
1 1 0 0 0 0 0 0 0
query 1 1 1 1 1 0.499999046
refit 1 1 1 1 1 0.500000358
mover-cast 1 0.438749939
support 1 0.254931092 6.06906615e-05
2 0 1 0.49999994 0.192000002 -0.934903204 -0.298482925 1 0
2 1 0 0 0 0 0 0 0
query 2 1 1 1 1 0.49999848
refit 2 1 1 1 1 0.499999374
mover-cast 2 0.438749999
support 2 0.254929453 2.37604818e-05
3 0 1 0.5 0.192000002 -0.934903145 -0.298482925 1 0
3 1 0 0 0 0 0 0 0
query 3 1 1 1 1 0.500000536
refit 3 1 1 1 1 0.500000656
mover-cast 3 0.438749999
support 3 0.254928619 5.96002501e-05
4 0 1 0.499999881 -0.192000002 0.934903145 0.298482925 1 0
4 1 0 0 0 0 0 0 0
query 4 1 1 1 1 0.499998033
refit 4 1 1 1 1 0.499998927
mover-cast 4 0.438749999
support 4 0.254930913 1.30223607e-05
5 0 1 0.500000119 -0.192000002 0.934903145 0.298482895 1 0
5 1 0 0 0 0 0 0 0
query 5 1 1 1 1 0.500000358
refit 5 1 1 1 1 0.500001431
mover-cast 5 0.438749969
support 5 0.254929423 1.05662957e-05
6 0 1 0.500000119 0.192000002 -0.934903145 -0.298482925 1 0
6 1 0 0 0 0 0 0 0
query 6 1 1 1 1 0.500000417
refit 6 1 1 1 1 0.500001132
mover-cast 6 0.438750058
support 6 0.254929096 3.2435808e-05
7 0 1 0.499999911 0.192000002 -0.934903145 -0.298482925 1 0
7 1 0 0 0 0 0 0 0
query 7 1 1 1 1 0.499999046
refit 7 1 1 1 1 0.499998599
mover-cast 7 0.438749909
support 7 0.254929274 1.07448186e-05
