
running 61 tests
test api::world::complete_component_tests::complete_components_match_global_color_phases ... ok
test api::world::complete_component_tests::complete_components_merge_and_split_match_global_phases ... ok
test api::world::complete_component_tests::complete_components_preserve_nonempty_overflow_order ... ok
test api::world::complete_component_tests::completed_wait_refreshes_stale_capacity_status ... ok
test api::world::complete_component_tests::falling_cube_solver_schedules_match_through_impact ... ok
test api::world::complete_component_tests::falling_cubes_exceed_old_spatial_insertion_limit ... ok
test api::world::complete_component_tests::pair_matrix_threshold_and_capacity_are_bounded ... ok
test api::world::joint_event_tests::reaction_impulses_use_solver_accumulators_for_every_joint_kind ... ok
test api::world::joint_event_tests::spawn_within_capacity_preserves_contact_buffers ... ok
test api::world::scheduling_tests::automatic_dense_schedule_repeats_exactly ... ok
test api::world::scheduling_tests::automatic_schedule_preserves_independent_groups ... ok
test api::world::scheduling_tests::automatic_schedule_rechecks_topology_and_explicit_overrides ... ok
test api::world::scheduling_tests::mixed_topology_schedule_transitions_preserve_constraints ... ok
test api::world::scheduling_tests::mixed_topology_schedules_match_through_impact ... ok
test api::world::state_trace::tests::child_relocation_joint_history_fixture ... ok
test api::world::state_trace::tests::joint_filter_survives_body_growth_within_capacity ... ok
test api::world::state_trace::tests::trace_joint_island_wake_propagation ... ok
test api::world::world_counter_tests::contact_order_survives_body_capacity_growth_and_invalidates_proxy_changes ... FAILED
test gpu_invariants::capacity_loss_stops_later_physics_submissions ... ok
test gpu_invariants::distance_joint_box_stays_bounded ... ok
test gpu_invariants::gpu_schedule_uses_body_slot_32768 ... ok
test gpu_invariants::material_callback_capacity_invalidates_existing_world ... ok
test gpu_invariants::offset_com_joints_keep_world_anchors ... ok
test gpu_invariants::prismatic_blocks_transverse_velocity_at_zero_position_error ... ok
test gpu_invariants::prismatic_locks_relative_rotation ... ok
test gpu_invariants::revolute_substep_warm_start_matches_cpu ... ok
test gpu_invariants::sticky_capacity_loss_survives_later_clean_steps ... ok
test gpu_invariants::stored_joint_anchors_stay_origin_relative_after_mass ... ok
test native_precision::tests::integer_only_entry_needs_no_float_decorations ... ok
test native_precision::tests::native_capsule_projection_matches_cpu ... ok
test native_precision::tests::native_capsule_proxy_bounds_matches_cpu ... ok
test native_precision::tests::native_capsule_segment_matches_cpu ... ok
test native_precision::tests::native_capsule_terrain_edge_is_retained ... ok
test native_precision::tests::native_contact_friction_reproject_matches_cpu ... ok
test native_precision::tests::native_contact_order_tree_matches_rebuild_history ... ok
test native_precision::tests::native_contact_pair_priority_matches_creation_history ... ok
test native_precision::tests::native_contact_softness_matches_cpu ... ok
test native_precision::tests::native_convex_rolling_matches_cpu ... ok
test native_precision::tests::native_mesh_base_separation_matches_cpu ... ok
test native_precision::tests::native_mesh_inertia_matches_cpu ... ok
test native_precision::tests::native_mesh_rolling_matches_cpu ... ok
test native_precision::tests::native_revolute_alignment_velocity_matches_cpu ... ok
test native_precision::tests::native_revolute_axial_matches_cpu ... ok
test native_precision::tests::native_revolute_perp_mass_matches_cpu ... ok
test native_precision::tests::native_revolute_point_velocity_matches_cpu ... ok
test native_precision::tests::native_scalar_residual_corrections_match_cpu ... ok
test native_precision::tests::native_speed_cap_matches_cpu ... ok
test native_precision::tests::native_spherical_cone_matches_cpu ... ok
test native_precision::tests::native_spherical_motor_clamp_matches_cpu ... ok
test native_precision::tests::native_spherical_motor_mass_matches_cpu ... ok
test native_precision::tests::native_spherical_point_velocity_matches_cpu ... ok
test native_precision::tests::native_spherical_preparation_matches_cpu ... ok
test native_precision::tests::native_spherical_twist_velocity_matches_cpu ... ok
test native_precision::tests::native_spherical_warm_torque_matches_cpu ... ok
test native_precision::tests::precision_covers_arithmetic_and_explicit_fma ... ok
test native_precision::tests::source_reuse_keeps_entry_points_and_overrides_independent ... ok
test sim::manifold_chain_tests::body_extra_reads_use_capacity_when_live_slot_span_changes ... ok
test sim::manifold_chain_tests::fat_static_list_overflow_records_capacity_loss ... ok
test sim::manifold_chain_tests::larger_pair_capacity_compacts_and_preserves_contacts_on_growth ... ok
test types::tests::contact_capacity_scales_with_world_demand ... ok
test types::tests::radix_layout_covers_full_pair_capacity ... ok

failures:

failures:
    api::world::world_counter_tests::contact_order_survives_body_capacity_growth_and_invalidates_proxy_changes

test result: FAILED. 60 passed; 1 failed; 0 ignored; 0 measured; 342 filtered out; finished in 190.67s

