=== single-box → /home/firtoz/work/2026/box3d-wasm/experiments/gpu-physics/recordings/snapshots/2026-10-01-native-diagnostics/single-box.mp4 (300 frames) ===
[2026-10-01T13:55:44Z WARN  wgpu_hal::vulkan::instance] Unable to find extension: VK_EXT_physical_device_drm
GPU adapter: NVIDIA GeForce RTX 4070 SUPER | backend=Vulkan driver=NVIDIA
GPU features: subgroups
GPU limits: storage bind 2048.0 MiB, buffer 17592186044416.0 MiB
gpu-alloc scene generation=1 bodies=256 shapes=256 hull_points=64 hull_planes=64 hull_edges=64 hull_topology=64 mesh_vertices=64 mesh_triangles=64 mesh_nodes=64 materials=256 joints=16 scene_heap_bytes=237568 max=536870912
physics-pipeline-cache: loaded 21759116 bytes
gpu-alloc scene generation=0 bodies=256 shapes=256 hull_points=64 hull_planes=64 hull_edges=64 hull_topology=64 mesh_vertices=64 mesh_triangles=64 mesh_nodes=64 materials=256 joints=16 scene_heap_bytes=237568 max=536870912
gpu-scene-input shapes=2 mesh_vertices=0 mesh_triangles=0 scene_heap_bytes=237568
GPU pose export: Vulkan opaque FD 23 (28672 bytes)
record frame 0/300 → /home/firtoz/work/2026/box3d-wasm/experiments/gpu-physics/recordings/snapshots/2026-10-01-native-diagnostics/single-box.mp4
record frame 30/300 → /home/firtoz/work/2026/box3d-wasm/experiments/gpu-physics/recordings/snapshots/2026-10-01-native-diagnostics/single-box.mp4
record frame 60/300 → /home/firtoz/work/2026/box3d-wasm/experiments/gpu-physics/recordings/snapshots/2026-10-01-native-diagnostics/single-box.mp4
record frame 90/300 → /home/firtoz/work/2026/box3d-wasm/experiments/gpu-physics/recordings/snapshots/2026-10-01-native-diagnostics/single-box.mp4
record frame 120/300 → /home/firtoz/work/2026/box3d-wasm/experiments/gpu-physics/recordings/snapshots/2026-10-01-native-diagnostics/single-box.mp4
record frame 150/300 → /home/firtoz/work/2026/box3d-wasm/experiments/gpu-physics/recordings/snapshots/2026-10-01-native-diagnostics/single-box.mp4
record frame 180/300 → /home/firtoz/work/2026/box3d-wasm/experiments/gpu-physics/recordings/snapshots/2026-10-01-native-diagnostics/single-box.mp4
record frame 210/300 → /home/firtoz/work/2026/box3d-wasm/experiments/gpu-physics/recordings/snapshots/2026-10-01-native-diagnostics/single-box.mp4
record frame 240/300 → /home/firtoz/work/2026/box3d-wasm/experiments/gpu-physics/recordings/snapshots/2026-10-01-native-diagnostics/single-box.mp4
record frame 270/300 → /home/firtoz/work/2026/box3d-wasm/experiments/gpu-physics/recordings/snapshots/2026-10-01-native-diagnostics/single-box.mp4
physics-pipeline-cache: save 21759116 bytes, success=true
wrote /home/firtoz/work/2026/box3d-wasm/experiments/gpu-physics/recordings/snapshots/2026-10-01-native-diagnostics/single-box.mp4 (300 frames @ 30 fps)
=== box-stack → /home/firtoz/work/2026/box3d-wasm/experiments/gpu-physics/recordings/snapshots/2026-10-01-native-diagnostics/box-stack.mp4 (300 frames) ===
[2026-10-01T13:55:47Z WARN  wgpu_hal::vulkan::instance] Unable to find extension: VK_EXT_physical_device_drm
GPU adapter: NVIDIA GeForce RTX 4070 SUPER | backend=Vulkan driver=NVIDIA
GPU features: subgroups
GPU limits: storage bind 2048.0 MiB, buffer 17592186044416.0 MiB
gpu-alloc scene generation=1 bodies=256 shapes=256 hull_points=64 hull_planes=64 hull_edges=64 hull_topology=64 mesh_vertices=64 mesh_triangles=64 mesh_nodes=64 materials=256 joints=16 scene_heap_bytes=237568 max=536870912
physics-pipeline-cache: loaded 21759116 bytes
gpu-alloc scene generation=0 bodies=256 shapes=256 hull_points=64 hull_planes=64 hull_edges=64 hull_topology=64 mesh_vertices=64 mesh_triangles=64 mesh_nodes=64 materials=256 joints=16 scene_heap_bytes=237568 max=536870912
gpu-scene-input shapes=41 mesh_vertices=0 mesh_triangles=0 scene_heap_bytes=237568
GPU pose export: Vulkan opaque FD 23 (28672 bytes)
record frame 0/300 → /home/firtoz/work/2026/box3d-wasm/experiments/gpu-physics/recordings/snapshots/2026-10-01-native-diagnostics/box-stack.mp4
record frame 30/300 → /home/firtoz/work/2026/box3d-wasm/experiments/gpu-physics/recordings/snapshots/2026-10-01-native-diagnostics/box-stack.mp4
record frame 60/300 → /home/firtoz/work/2026/box3d-wasm/experiments/gpu-physics/recordings/snapshots/2026-10-01-native-diagnostics/box-stack.mp4
record frame 90/300 → /home/firtoz/work/2026/box3d-wasm/experiments/gpu-physics/recordings/snapshots/2026-10-01-native-diagnostics/box-stack.mp4
record frame 120/300 → /home/firtoz/work/2026/box3d-wasm/experiments/gpu-physics/recordings/snapshots/2026-10-01-native-diagnostics/box-stack.mp4
record frame 150/300 → /home/firtoz/work/2026/box3d-wasm/experiments/gpu-physics/recordings/snapshots/2026-10-01-native-diagnostics/box-stack.mp4
record frame 180/300 → /home/firtoz/work/2026/box3d-wasm/experiments/gpu-physics/recordings/snapshots/2026-10-01-native-diagnostics/box-stack.mp4
record frame 210/300 → /home/firtoz/work/2026/box3d-wasm/experiments/gpu-physics/recordings/snapshots/2026-10-01-native-diagnostics/box-stack.mp4
record frame 240/300 → /home/firtoz/work/2026/box3d-wasm/experiments/gpu-physics/recordings/snapshots/2026-10-01-native-diagnostics/box-stack.mp4
record frame 270/300 → /home/firtoz/work/2026/box3d-wasm/experiments/gpu-physics/recordings/snapshots/2026-10-01-native-diagnostics/box-stack.mp4
physics-pipeline-cache: save 21759116 bytes, success=true
wrote /home/firtoz/work/2026/box3d-wasm/experiments/gpu-physics/recordings/snapshots/2026-10-01-native-diagnostics/box-stack.mp4 (300 frames @ 30 fps)
=== sphere-stack → /home/firtoz/work/2026/box3d-wasm/experiments/gpu-physics/recordings/snapshots/2026-10-01-native-diagnostics/sphere-stack.mp4 (300 frames) ===
[2026-10-01T13:55:50Z WARN  wgpu_hal::vulkan::instance] Unable to find extension: VK_EXT_physical_device_drm
GPU adapter: NVIDIA GeForce RTX 4070 SUPER | backend=Vulkan driver=NVIDIA
GPU features: subgroups
GPU limits: storage bind 2048.0 MiB, buffer 17592186044416.0 MiB
gpu-alloc scene generation=1 bodies=256 shapes=256 hull_points=64 hull_planes=64 hull_edges=64 hull_topology=64 mesh_vertices=64 mesh_triangles=64 mesh_nodes=64 materials=256 joints=16 scene_heap_bytes=237568 max=536870912
physics-pipeline-cache: loaded 21759116 bytes
gpu-alloc scene generation=0 bodies=256 shapes=256 hull_points=64 hull_planes=64 hull_edges=64 hull_topology=64 mesh_vertices=64 mesh_triangles=64 mesh_nodes=64 materials=256 joints=16 scene_heap_bytes=237568 max=536870912
gpu-scene-input shapes=31 mesh_vertices=0 mesh_triangles=0 scene_heap_bytes=237568
GPU pose export: Vulkan opaque FD 23 (28672 bytes)
record frame 0/300 → /home/firtoz/work/2026/box3d-wasm/experiments/gpu-physics/recordings/snapshots/2026-10-01-native-diagnostics/sphere-stack.mp4
record frame 30/300 → /home/firtoz/work/2026/box3d-wasm/experiments/gpu-physics/recordings/snapshots/2026-10-01-native-diagnostics/sphere-stack.mp4
record frame 60/300 → /home/firtoz/work/2026/box3d-wasm/experiments/gpu-physics/recordings/snapshots/2026-10-01-native-diagnostics/sphere-stack.mp4
record frame 90/300 → /home/firtoz/work/2026/box3d-wasm/experiments/gpu-physics/recordings/snapshots/2026-10-01-native-diagnostics/sphere-stack.mp4
record frame 120/300 → /home/firtoz/work/2026/box3d-wasm/experiments/gpu-physics/recordings/snapshots/2026-10-01-native-diagnostics/sphere-stack.mp4
record frame 150/300 → /home/firtoz/work/2026/box3d-wasm/experiments/gpu-physics/recordings/snapshots/2026-10-01-native-diagnostics/sphere-stack.mp4
record frame 180/300 → /home/firtoz/work/2026/box3d-wasm/experiments/gpu-physics/recordings/snapshots/2026-10-01-native-diagnostics/sphere-stack.mp4
record frame 210/300 → /home/firtoz/work/2026/box3d-wasm/experiments/gpu-physics/recordings/snapshots/2026-10-01-native-diagnostics/sphere-stack.mp4
record frame 240/300 → /home/firtoz/work/2026/box3d-wasm/experiments/gpu-physics/recordings/snapshots/2026-10-01-native-diagnostics/sphere-stack.mp4
record frame 270/300 → /home/firtoz/work/2026/box3d-wasm/experiments/gpu-physics/recordings/snapshots/2026-10-01-native-diagnostics/sphere-stack.mp4
physics-pipeline-cache: save 21759116 bytes, success=true
wrote /home/firtoz/work/2026/box3d-wasm/experiments/gpu-physics/recordings/snapshots/2026-10-01-native-diagnostics/sphere-stack.mp4 (300 frames @ 30 fps)
=== capsule-stack → /home/firtoz/work/2026/box3d-wasm/experiments/gpu-physics/recordings/snapshots/2026-10-01-native-diagnostics/capsule-stack.mp4 (300 frames) ===
[2026-10-01T13:55:52Z WARN  wgpu_hal::vulkan::instance] Unable to find extension: VK_EXT_physical_device_drm
GPU adapter: NVIDIA GeForce RTX 4070 SUPER | backend=Vulkan driver=NVIDIA
GPU features: subgroups
GPU limits: storage bind 2048.0 MiB, buffer 17592186044416.0 MiB
gpu-alloc scene generation=1 bodies=256 shapes=256 hull_points=64 hull_planes=64 hull_edges=64 hull_topology=64 mesh_vertices=64 mesh_triangles=64 mesh_nodes=64 materials=256 joints=16 scene_heap_bytes=237568 max=536870912
physics-pipeline-cache: loaded 21759116 bytes
gpu-alloc scene generation=0 bodies=256 shapes=256 hull_points=64 hull_planes=64 hull_edges=64 hull_topology=64 mesh_vertices=64 mesh_triangles=64 mesh_nodes=64 materials=256 joints=16 scene_heap_bytes=237568 max=536870912
gpu-scene-input shapes=21 mesh_vertices=0 mesh_triangles=0 scene_heap_bytes=237568
GPU pose export: Vulkan opaque FD 23 (28672 bytes)
record frame 0/300 → /home/firtoz/work/2026/box3d-wasm/experiments/gpu-physics/recordings/snapshots/2026-10-01-native-diagnostics/capsule-stack.mp4
record frame 30/300 → /home/firtoz/work/2026/box3d-wasm/experiments/gpu-physics/recordings/snapshots/2026-10-01-native-diagnostics/capsule-stack.mp4
record frame 60/300 → /home/firtoz/work/2026/box3d-wasm/experiments/gpu-physics/recordings/snapshots/2026-10-01-native-diagnostics/capsule-stack.mp4
record frame 90/300 → /home/firtoz/work/2026/box3d-wasm/experiments/gpu-physics/recordings/snapshots/2026-10-01-native-diagnostics/capsule-stack.mp4
record frame 120/300 → /home/firtoz/work/2026/box3d-wasm/experiments/gpu-physics/recordings/snapshots/2026-10-01-native-diagnostics/capsule-stack.mp4
record frame 150/300 → /home/firtoz/work/2026/box3d-wasm/experiments/gpu-physics/recordings/snapshots/2026-10-01-native-diagnostics/capsule-stack.mp4
record frame 180/300 → /home/firtoz/work/2026/box3d-wasm/experiments/gpu-physics/recordings/snapshots/2026-10-01-native-diagnostics/capsule-stack.mp4
record frame 210/300 → /home/firtoz/work/2026/box3d-wasm/experiments/gpu-physics/recordings/snapshots/2026-10-01-native-diagnostics/capsule-stack.mp4
record frame 240/300 → /home/firtoz/work/2026/box3d-wasm/experiments/gpu-physics/recordings/snapshots/2026-10-01-native-diagnostics/capsule-stack.mp4
record frame 270/300 → /home/firtoz/work/2026/box3d-wasm/experiments/gpu-physics/recordings/snapshots/2026-10-01-native-diagnostics/capsule-stack.mp4
physics-pipeline-cache: save 21759116 bytes, success=true
wrote /home/firtoz/work/2026/box3d-wasm/experiments/gpu-physics/recordings/snapshots/2026-10-01-native-diagnostics/capsule-stack.mp4 (300 frames @ 30 fps)
=== revolute → /home/firtoz/work/2026/box3d-wasm/experiments/gpu-physics/recordings/snapshots/2026-10-01-native-diagnostics/revolute.mp4 (300 frames) ===
[2026-10-01T13:55:54Z WARN  wgpu_hal::vulkan::instance] Unable to find extension: VK_EXT_physical_device_drm
GPU adapter: NVIDIA GeForce RTX 4070 SUPER | backend=Vulkan driver=NVIDIA
GPU features: subgroups
GPU limits: storage bind 2048.0 MiB, buffer 17592186044416.0 MiB
gpu-alloc scene generation=1 bodies=256 shapes=256 hull_points=64 hull_planes=64 hull_edges=64 hull_topology=64 mesh_vertices=64 mesh_triangles=64 mesh_nodes=64 materials=256 joints=16 scene_heap_bytes=237568 max=536870912
physics-pipeline-cache: loaded 21759116 bytes
gpu-alloc scene generation=0 bodies=256 shapes=256 hull_points=64 hull_planes=64 hull_edges=64 hull_topology=64 mesh_vertices=64 mesh_triangles=64 mesh_nodes=64 materials=256 joints=16 scene_heap_bytes=237568 max=536870912
gpu-scene-input shapes=2 mesh_vertices=0 mesh_triangles=0 scene_heap_bytes=237568
GPU pose export: Vulkan opaque FD 23 (28672 bytes)
record frame 0/300 → /home/firtoz/work/2026/box3d-wasm/experiments/gpu-physics/recordings/snapshots/2026-10-01-native-diagnostics/revolute.mp4
record frame 30/300 → /home/firtoz/work/2026/box3d-wasm/experiments/gpu-physics/recordings/snapshots/2026-10-01-native-diagnostics/revolute.mp4
record frame 60/300 → /home/firtoz/work/2026/box3d-wasm/experiments/gpu-physics/recordings/snapshots/2026-10-01-native-diagnostics/revolute.mp4
record frame 90/300 → /home/firtoz/work/2026/box3d-wasm/experiments/gpu-physics/recordings/snapshots/2026-10-01-native-diagnostics/revolute.mp4
record frame 120/300 → /home/firtoz/work/2026/box3d-wasm/experiments/gpu-physics/recordings/snapshots/2026-10-01-native-diagnostics/revolute.mp4
record frame 150/300 → /home/firtoz/work/2026/box3d-wasm/experiments/gpu-physics/recordings/snapshots/2026-10-01-native-diagnostics/revolute.mp4
record frame 180/300 → /home/firtoz/work/2026/box3d-wasm/experiments/gpu-physics/recordings/snapshots/2026-10-01-native-diagnostics/revolute.mp4
record frame 210/300 → /home/firtoz/work/2026/box3d-wasm/experiments/gpu-physics/recordings/snapshots/2026-10-01-native-diagnostics/revolute.mp4
record frame 240/300 → /home/firtoz/work/2026/box3d-wasm/experiments/gpu-physics/recordings/snapshots/2026-10-01-native-diagnostics/revolute.mp4
record frame 270/300 → /home/firtoz/work/2026/box3d-wasm/experiments/gpu-physics/recordings/snapshots/2026-10-01-native-diagnostics/revolute.mp4
physics-pipeline-cache: save 21759116 bytes, success=true
wrote /home/firtoz/work/2026/box3d-wasm/experiments/gpu-physics/recordings/snapshots/2026-10-01-native-diagnostics/revolute.mp4 (300 frames @ 30 fps)
=== weld → /home/firtoz/work/2026/box3d-wasm/experiments/gpu-physics/recordings/snapshots/2026-10-01-native-diagnostics/weld.mp4 (300 frames) ===
[2026-10-01T13:55:57Z WARN  wgpu_hal::vulkan::instance] Unable to find extension: VK_EXT_physical_device_drm
GPU adapter: NVIDIA GeForce RTX 4070 SUPER | backend=Vulkan driver=NVIDIA
GPU features: subgroups
GPU limits: storage bind 2048.0 MiB, buffer 17592186044416.0 MiB
gpu-alloc scene generation=1 bodies=256 shapes=256 hull_points=64 hull_planes=64 hull_edges=64 hull_topology=64 mesh_vertices=64 mesh_triangles=64 mesh_nodes=64 materials=256 joints=16 scene_heap_bytes=237568 max=536870912
physics-pipeline-cache: loaded 21759116 bytes
gpu-alloc scene generation=0 bodies=256 shapes=256 hull_points=64 hull_planes=64 hull_edges=64 hull_topology=64 mesh_vertices=64 mesh_triangles=64 mesh_nodes=64 materials=256 joints=16 scene_heap_bytes=237568 max=536870912
gpu-scene-input shapes=2 mesh_vertices=0 mesh_triangles=0 scene_heap_bytes=237568
GPU pose export: Vulkan opaque FD 23 (28672 bytes)
record frame 0/300 → /home/firtoz/work/2026/box3d-wasm/experiments/gpu-physics/recordings/snapshots/2026-10-01-native-diagnostics/weld.mp4
record frame 30/300 → /home/firtoz/work/2026/box3d-wasm/experiments/gpu-physics/recordings/snapshots/2026-10-01-native-diagnostics/weld.mp4
record frame 60/300 → /home/firtoz/work/2026/box3d-wasm/experiments/gpu-physics/recordings/snapshots/2026-10-01-native-diagnostics/weld.mp4
record frame 90/300 → /home/firtoz/work/2026/box3d-wasm/experiments/gpu-physics/recordings/snapshots/2026-10-01-native-diagnostics/weld.mp4
record frame 120/300 → /home/firtoz/work/2026/box3d-wasm/experiments/gpu-physics/recordings/snapshots/2026-10-01-native-diagnostics/weld.mp4
record frame 150/300 → /home/firtoz/work/2026/box3d-wasm/experiments/gpu-physics/recordings/snapshots/2026-10-01-native-diagnostics/weld.mp4
record frame 180/300 → /home/firtoz/work/2026/box3d-wasm/experiments/gpu-physics/recordings/snapshots/2026-10-01-native-diagnostics/weld.mp4
record frame 210/300 → /home/firtoz/work/2026/box3d-wasm/experiments/gpu-physics/recordings/snapshots/2026-10-01-native-diagnostics/weld.mp4
record frame 240/300 → /home/firtoz/work/2026/box3d-wasm/experiments/gpu-physics/recordings/snapshots/2026-10-01-native-diagnostics/weld.mp4
record frame 270/300 → /home/firtoz/work/2026/box3d-wasm/experiments/gpu-physics/recordings/snapshots/2026-10-01-native-diagnostics/weld.mp4
physics-pipeline-cache: save 21759116 bytes, success=true
wrote /home/firtoz/work/2026/box3d-wasm/experiments/gpu-physics/recordings/snapshots/2026-10-01-native-diagnostics/weld.mp4 (300 frames @ 30 fps)
=== stack → /home/firtoz/work/2026/box3d-wasm/experiments/gpu-physics/recordings/snapshots/2026-10-01-native-diagnostics/stack.mp4 (300 frames) ===
[2026-10-01T13:55:59Z WARN  wgpu_hal::vulkan::instance] Unable to find extension: VK_EXT_physical_device_drm
GPU adapter: NVIDIA GeForce RTX 4070 SUPER | backend=Vulkan driver=NVIDIA
GPU features: subgroups
GPU limits: storage bind 2048.0 MiB, buffer 17592186044416.0 MiB
gpu-alloc scene generation=1 bodies=256 shapes=256 hull_points=64 hull_planes=64 hull_edges=64 hull_topology=64 mesh_vertices=64 mesh_triangles=64 mesh_nodes=64 materials=256 joints=16 scene_heap_bytes=237568 max=536870912
physics-pipeline-cache: loaded 21759116 bytes
gpu-alloc scene generation=0 bodies=256 shapes=256 hull_points=64 hull_planes=64 hull_edges=64 hull_topology=64 mesh_vertices=64 mesh_triangles=64 mesh_nodes=64 materials=256 joints=16 scene_heap_bytes=237568 max=536870912
gpu-scene-input shapes=7 mesh_vertices=0 mesh_triangles=0 scene_heap_bytes=237568
GPU pose export: Vulkan opaque FD 23 (28672 bytes)
record frame 0/300 → /home/firtoz/work/2026/box3d-wasm/experiments/gpu-physics/recordings/snapshots/2026-10-01-native-diagnostics/stack.mp4
record frame 30/300 → /home/firtoz/work/2026/box3d-wasm/experiments/gpu-physics/recordings/snapshots/2026-10-01-native-diagnostics/stack.mp4
record frame 60/300 → /home/firtoz/work/2026/box3d-wasm/experiments/gpu-physics/recordings/snapshots/2026-10-01-native-diagnostics/stack.mp4
record frame 90/300 → /home/firtoz/work/2026/box3d-wasm/experiments/gpu-physics/recordings/snapshots/2026-10-01-native-diagnostics/stack.mp4
record frame 120/300 → /home/firtoz/work/2026/box3d-wasm/experiments/gpu-physics/recordings/snapshots/2026-10-01-native-diagnostics/stack.mp4
record frame 150/300 → /home/firtoz/work/2026/box3d-wasm/experiments/gpu-physics/recordings/snapshots/2026-10-01-native-diagnostics/stack.mp4
record frame 180/300 → /home/firtoz/work/2026/box3d-wasm/experiments/gpu-physics/recordings/snapshots/2026-10-01-native-diagnostics/stack.mp4
record frame 210/300 → /home/firtoz/work/2026/box3d-wasm/experiments/gpu-physics/recordings/snapshots/2026-10-01-native-diagnostics/stack.mp4
record frame 240/300 → /home/firtoz/work/2026/box3d-wasm/experiments/gpu-physics/recordings/snapshots/2026-10-01-native-diagnostics/stack.mp4
record frame 270/300 → /home/firtoz/work/2026/box3d-wasm/experiments/gpu-physics/recordings/snapshots/2026-10-01-native-diagnostics/stack.mp4
physics-pipeline-cache: save 21759116 bytes, success=true
wrote /home/firtoz/work/2026/box3d-wasm/experiments/gpu-physics/recordings/snapshots/2026-10-01-native-diagnostics/stack.mp4 (300 frames @ 30 fps)
=== pyramid → /home/firtoz/work/2026/box3d-wasm/experiments/gpu-physics/recordings/snapshots/2026-10-01-native-diagnostics/pyramid.mp4 (300 frames) ===
[2026-10-01T13:56:01Z WARN  wgpu_hal::vulkan::instance] Unable to find extension: VK_EXT_physical_device_drm
GPU adapter: NVIDIA GeForce RTX 4070 SUPER | backend=Vulkan driver=NVIDIA
GPU features: subgroups
GPU limits: storage bind 2048.0 MiB, buffer 17592186044416.0 MiB
gpu-alloc scene generation=1 bodies=256 shapes=256 hull_points=64 hull_planes=64 hull_edges=64 hull_topology=64 mesh_vertices=64 mesh_triangles=64 mesh_nodes=64 materials=256 joints=16 scene_heap_bytes=237568 max=536870912
physics-pipeline-cache: loaded 21759116 bytes
gpu-alloc scene generation=0 bodies=256 shapes=256 hull_points=64 hull_planes=64 hull_edges=64 hull_topology=64 mesh_vertices=64 mesh_triangles=64 mesh_nodes=64 materials=256 joints=16 scene_heap_bytes=237568 max=536870912
gpu-scene-input shapes=56 mesh_vertices=0 mesh_triangles=0 scene_heap_bytes=237568
GPU pose export: Vulkan opaque FD 23 (28672 bytes)
record frame 0/300 → /home/firtoz/work/2026/box3d-wasm/experiments/gpu-physics/recordings/snapshots/2026-10-01-native-diagnostics/pyramid.mp4
record frame 30/300 → /home/firtoz/work/2026/box3d-wasm/experiments/gpu-physics/recordings/snapshots/2026-10-01-native-diagnostics/pyramid.mp4
record frame 60/300 → /home/firtoz/work/2026/box3d-wasm/experiments/gpu-physics/recordings/snapshots/2026-10-01-native-diagnostics/pyramid.mp4
record frame 90/300 → /home/firtoz/work/2026/box3d-wasm/experiments/gpu-physics/recordings/snapshots/2026-10-01-native-diagnostics/pyramid.mp4
record frame 120/300 → /home/firtoz/work/2026/box3d-wasm/experiments/gpu-physics/recordings/snapshots/2026-10-01-native-diagnostics/pyramid.mp4
record frame 150/300 → /home/firtoz/work/2026/box3d-wasm/experiments/gpu-physics/recordings/snapshots/2026-10-01-native-diagnostics/pyramid.mp4
record frame 180/300 → /home/firtoz/work/2026/box3d-wasm/experiments/gpu-physics/recordings/snapshots/2026-10-01-native-diagnostics/pyramid.mp4
record frame 210/300 → /home/firtoz/work/2026/box3d-wasm/experiments/gpu-physics/recordings/snapshots/2026-10-01-native-diagnostics/pyramid.mp4
record frame 240/300 → /home/firtoz/work/2026/box3d-wasm/experiments/gpu-physics/recordings/snapshots/2026-10-01-native-diagnostics/pyramid.mp4
record frame 270/300 → /home/firtoz/work/2026/box3d-wasm/experiments/gpu-physics/recordings/snapshots/2026-10-01-native-diagnostics/pyramid.mp4
physics-pipeline-cache: save 21759116 bytes, success=true
wrote /home/firtoz/work/2026/box3d-wasm/experiments/gpu-physics/recordings/snapshots/2026-10-01-native-diagnostics/pyramid.mp4 (300 frames @ 30 fps)
=== bounce → /home/firtoz/work/2026/box3d-wasm/experiments/gpu-physics/recordings/snapshots/2026-10-01-native-diagnostics/bounce.mp4 (300 frames) ===
[2026-10-01T13:56:04Z WARN  wgpu_hal::vulkan::instance] Unable to find extension: VK_EXT_physical_device_drm
GPU adapter: NVIDIA GeForce RTX 4070 SUPER | backend=Vulkan driver=NVIDIA
GPU features: subgroups
GPU limits: storage bind 2048.0 MiB, buffer 17592186044416.0 MiB
gpu-alloc scene generation=1 bodies=256 shapes=256 hull_points=64 hull_planes=64 hull_edges=64 hull_topology=64 mesh_vertices=64 mesh_triangles=64 mesh_nodes=64 materials=256 joints=16 scene_heap_bytes=237568 max=536870912
physics-pipeline-cache: loaded 21759116 bytes
gpu-alloc scene generation=0 bodies=256 shapes=256 hull_points=64 hull_planes=64 hull_edges=64 hull_topology=64 mesh_vertices=64 mesh_triangles=64 mesh_nodes=64 materials=256 joints=16 scene_heap_bytes=237568 max=536870912
gpu-scene-input shapes=2 mesh_vertices=0 mesh_triangles=0 scene_heap_bytes=237568
GPU pose export: Vulkan opaque FD 23 (28672 bytes)
record frame 0/300 → /home/firtoz/work/2026/box3d-wasm/experiments/gpu-physics/recordings/snapshots/2026-10-01-native-diagnostics/bounce.mp4
record frame 30/300 → /home/firtoz/work/2026/box3d-wasm/experiments/gpu-physics/recordings/snapshots/2026-10-01-native-diagnostics/bounce.mp4
record frame 60/300 → /home/firtoz/work/2026/box3d-wasm/experiments/gpu-physics/recordings/snapshots/2026-10-01-native-diagnostics/bounce.mp4
record frame 90/300 → /home/firtoz/work/2026/box3d-wasm/experiments/gpu-physics/recordings/snapshots/2026-10-01-native-diagnostics/bounce.mp4
record frame 120/300 → /home/firtoz/work/2026/box3d-wasm/experiments/gpu-physics/recordings/snapshots/2026-10-01-native-diagnostics/bounce.mp4
record frame 150/300 → /home/firtoz/work/2026/box3d-wasm/experiments/gpu-physics/recordings/snapshots/2026-10-01-native-diagnostics/bounce.mp4
record frame 180/300 → /home/firtoz/work/2026/box3d-wasm/experiments/gpu-physics/recordings/snapshots/2026-10-01-native-diagnostics/bounce.mp4
record frame 210/300 → /home/firtoz/work/2026/box3d-wasm/experiments/gpu-physics/recordings/snapshots/2026-10-01-native-diagnostics/bounce.mp4
record frame 240/300 → /home/firtoz/work/2026/box3d-wasm/experiments/gpu-physics/recordings/snapshots/2026-10-01-native-diagnostics/bounce.mp4
record frame 270/300 → /home/firtoz/work/2026/box3d-wasm/experiments/gpu-physics/recordings/snapshots/2026-10-01-native-diagnostics/bounce.mp4
physics-pipeline-cache: save 21759116 bytes, success=true
wrote /home/firtoz/work/2026/box3d-wasm/experiments/gpu-physics/recordings/snapshots/2026-10-01-native-diagnostics/bounce.mp4 (300 frames @ 30 fps)
=== mixed → /home/firtoz/work/2026/box3d-wasm/experiments/gpu-physics/recordings/snapshots/2026-10-01-native-diagnostics/mixed.mp4 (300 frames) ===
[2026-10-01T13:56:06Z WARN  wgpu_hal::vulkan::instance] Unable to find extension: VK_EXT_physical_device_drm
GPU adapter: NVIDIA GeForce RTX 4070 SUPER | backend=Vulkan driver=NVIDIA
GPU features: subgroups
GPU limits: storage bind 2048.0 MiB, buffer 17592186044416.0 MiB
gpu-alloc scene generation=1 bodies=256 shapes=256 hull_points=64 hull_planes=64 hull_edges=64 hull_topology=64 mesh_vertices=64 mesh_triangles=64 mesh_nodes=64 materials=256 joints=16 scene_heap_bytes=237568 max=536870912
physics-pipeline-cache: loaded 21759116 bytes
gpu-alloc scene generation=0 bodies=256 shapes=256 hull_points=64 hull_planes=64 hull_edges=64 hull_topology=64 mesh_vertices=64 mesh_triangles=64 mesh_nodes=64 materials=256 joints=16 scene_heap_bytes=237568 max=536870912
gpu-scene-input shapes=4 mesh_vertices=0 mesh_triangles=0 scene_heap_bytes=237568
GPU pose export: Vulkan opaque FD 23 (28672 bytes)
record frame 0/300 → /home/firtoz/work/2026/box3d-wasm/experiments/gpu-physics/recordings/snapshots/2026-10-01-native-diagnostics/mixed.mp4
record frame 30/300 → /home/firtoz/work/2026/box3d-wasm/experiments/gpu-physics/recordings/snapshots/2026-10-01-native-diagnostics/mixed.mp4
record frame 60/300 → /home/firtoz/work/2026/box3d-wasm/experiments/gpu-physics/recordings/snapshots/2026-10-01-native-diagnostics/mixed.mp4
record frame 90/300 → /home/firtoz/work/2026/box3d-wasm/experiments/gpu-physics/recordings/snapshots/2026-10-01-native-diagnostics/mixed.mp4
record frame 120/300 → /home/firtoz/work/2026/box3d-wasm/experiments/gpu-physics/recordings/snapshots/2026-10-01-native-diagnostics/mixed.mp4
record frame 150/300 → /home/firtoz/work/2026/box3d-wasm/experiments/gpu-physics/recordings/snapshots/2026-10-01-native-diagnostics/mixed.mp4
record frame 180/300 → /home/firtoz/work/2026/box3d-wasm/experiments/gpu-physics/recordings/snapshots/2026-10-01-native-diagnostics/mixed.mp4
record frame 210/300 → /home/firtoz/work/2026/box3d-wasm/experiments/gpu-physics/recordings/snapshots/2026-10-01-native-diagnostics/mixed.mp4
record frame 240/300 → /home/firtoz/work/2026/box3d-wasm/experiments/gpu-physics/recordings/snapshots/2026-10-01-native-diagnostics/mixed.mp4
record frame 270/300 → /home/firtoz/work/2026/box3d-wasm/experiments/gpu-physics/recordings/snapshots/2026-10-01-native-diagnostics/mixed.mp4
physics-pipeline-cache: save 21759116 bytes, success=true
wrote /home/firtoz/work/2026/box3d-wasm/experiments/gpu-physics/recordings/snapshots/2026-10-01-native-diagnostics/mixed.mp4 (300 frames @ 30 fps)
=== spinner → /home/firtoz/work/2026/box3d-wasm/experiments/gpu-physics/recordings/snapshots/2026-10-01-native-diagnostics/spinner.mp4 (300 frames) ===
[2026-10-01T13:56:08Z WARN  wgpu_hal::vulkan::instance] Unable to find extension: VK_EXT_physical_device_drm
GPU adapter: NVIDIA GeForce RTX 4070 SUPER | backend=Vulkan driver=NVIDIA
GPU features: subgroups
GPU limits: storage bind 2048.0 MiB, buffer 17592186044416.0 MiB
gpu-alloc scene generation=1 bodies=256 shapes=256 hull_points=64 hull_planes=64 hull_edges=64 hull_topology=64 mesh_vertices=64 mesh_triangles=64 mesh_nodes=64 materials=256 joints=16 scene_heap_bytes=237568 max=536870912
physics-pipeline-cache: loaded 21759116 bytes
gpu-alloc scene generation=0 bodies=256 shapes=256 hull_points=64 hull_planes=64 hull_edges=64 hull_topology=64 mesh_vertices=64 mesh_triangles=64 mesh_nodes=64 materials=256 joints=16 scene_heap_bytes=237568 max=536870912
gpu-scene-input shapes=2 mesh_vertices=0 mesh_triangles=0 scene_heap_bytes=237568
GPU pose export: Vulkan opaque FD 23 (28672 bytes)
record frame 0/300 → /home/firtoz/work/2026/box3d-wasm/experiments/gpu-physics/recordings/snapshots/2026-10-01-native-diagnostics/spinner.mp4
record frame 30/300 → /home/firtoz/work/2026/box3d-wasm/experiments/gpu-physics/recordings/snapshots/2026-10-01-native-diagnostics/spinner.mp4
record frame 60/300 → /home/firtoz/work/2026/box3d-wasm/experiments/gpu-physics/recordings/snapshots/2026-10-01-native-diagnostics/spinner.mp4
record frame 90/300 → /home/firtoz/work/2026/box3d-wasm/experiments/gpu-physics/recordings/snapshots/2026-10-01-native-diagnostics/spinner.mp4
record frame 120/300 → /home/firtoz/work/2026/box3d-wasm/experiments/gpu-physics/recordings/snapshots/2026-10-01-native-diagnostics/spinner.mp4
record frame 150/300 → /home/firtoz/work/2026/box3d-wasm/experiments/gpu-physics/recordings/snapshots/2026-10-01-native-diagnostics/spinner.mp4
record frame 180/300 → /home/firtoz/work/2026/box3d-wasm/experiments/gpu-physics/recordings/snapshots/2026-10-01-native-diagnostics/spinner.mp4
record frame 210/300 → /home/firtoz/work/2026/box3d-wasm/experiments/gpu-physics/recordings/snapshots/2026-10-01-native-diagnostics/spinner.mp4
record frame 240/300 → /home/firtoz/work/2026/box3d-wasm/experiments/gpu-physics/recordings/snapshots/2026-10-01-native-diagnostics/spinner.mp4
record frame 270/300 → /home/firtoz/work/2026/box3d-wasm/experiments/gpu-physics/recordings/snapshots/2026-10-01-native-diagnostics/spinner.mp4
physics-pipeline-cache: save 21759116 bytes, success=true
wrote /home/firtoz/work/2026/box3d-wasm/experiments/gpu-physics/recordings/snapshots/2026-10-01-native-diagnostics/spinner.mp4 (300 frames @ 30 fps)
=== ramp → /home/firtoz/work/2026/box3d-wasm/experiments/gpu-physics/recordings/snapshots/2026-10-01-native-diagnostics/ramp.mp4 (300 frames) ===
[2026-10-01T13:56:11Z WARN  wgpu_hal::vulkan::instance] Unable to find extension: VK_EXT_physical_device_drm
GPU adapter: NVIDIA GeForce RTX 4070 SUPER | backend=Vulkan driver=NVIDIA
GPU features: subgroups
GPU limits: storage bind 2048.0 MiB, buffer 17592186044416.0 MiB
gpu-alloc scene generation=1 bodies=256 shapes=256 hull_points=64 hull_planes=64 hull_edges=64 hull_topology=64 mesh_vertices=64 mesh_triangles=64 mesh_nodes=64 materials=256 joints=16 scene_heap_bytes=237568 max=536870912
physics-pipeline-cache: loaded 21759116 bytes
gpu-alloc scene generation=0 bodies=256 shapes=256 hull_points=64 hull_planes=64 hull_edges=64 hull_topology=64 mesh_vertices=64 mesh_triangles=64 mesh_nodes=64 materials=256 joints=16 scene_heap_bytes=237568 max=536870912
gpu-scene-input shapes=3 mesh_vertices=0 mesh_triangles=0 scene_heap_bytes=237568
GPU pose export: Vulkan opaque FD 23 (28672 bytes)
record frame 0/300 → /home/firtoz/work/2026/box3d-wasm/experiments/gpu-physics/recordings/snapshots/2026-10-01-native-diagnostics/ramp.mp4
record frame 30/300 → /home/firtoz/work/2026/box3d-wasm/experiments/gpu-physics/recordings/snapshots/2026-10-01-native-diagnostics/ramp.mp4
record frame 60/300 → /home/firtoz/work/2026/box3d-wasm/experiments/gpu-physics/recordings/snapshots/2026-10-01-native-diagnostics/ramp.mp4
record frame 90/300 → /home/firtoz/work/2026/box3d-wasm/experiments/gpu-physics/recordings/snapshots/2026-10-01-native-diagnostics/ramp.mp4
record frame 120/300 → /home/firtoz/work/2026/box3d-wasm/experiments/gpu-physics/recordings/snapshots/2026-10-01-native-diagnostics/ramp.mp4
record frame 150/300 → /home/firtoz/work/2026/box3d-wasm/experiments/gpu-physics/recordings/snapshots/2026-10-01-native-diagnostics/ramp.mp4
record frame 180/300 → /home/firtoz/work/2026/box3d-wasm/experiments/gpu-physics/recordings/snapshots/2026-10-01-native-diagnostics/ramp.mp4
record frame 210/300 → /home/firtoz/work/2026/box3d-wasm/experiments/gpu-physics/recordings/snapshots/2026-10-01-native-diagnostics/ramp.mp4
record frame 240/300 → /home/firtoz/work/2026/box3d-wasm/experiments/gpu-physics/recordings/snapshots/2026-10-01-native-diagnostics/ramp.mp4
record frame 270/300 → /home/firtoz/work/2026/box3d-wasm/experiments/gpu-physics/recordings/snapshots/2026-10-01-native-diagnostics/ramp.mp4
physics-pipeline-cache: save 21759116 bytes, success=true
wrote /home/firtoz/work/2026/box3d-wasm/experiments/gpu-physics/recordings/snapshots/2026-10-01-native-diagnostics/ramp.mp4 (300 frames @ 30 fps)
=== spheres → /home/firtoz/work/2026/box3d-wasm/experiments/gpu-physics/recordings/snapshots/2026-10-01-native-diagnostics/spheres.mp4 (300 frames) ===
[2026-10-01T13:56:13Z WARN  wgpu_hal::vulkan::instance] Unable to find extension: VK_EXT_physical_device_drm
GPU adapter: NVIDIA GeForce RTX 4070 SUPER | backend=Vulkan driver=NVIDIA
GPU features: subgroups
GPU limits: storage bind 2048.0 MiB, buffer 17592186044416.0 MiB
gpu-alloc scene generation=1 bodies=321 shapes=321 hull_points=64 hull_planes=64 hull_edges=64 hull_topology=64 mesh_vertices=64 mesh_triangles=64 mesh_nodes=64 materials=321 joints=16 scene_heap_bytes=262528 max=536870912
physics-pipeline-cache: loaded 21759116 bytes
gpu-alloc scene generation=0 bodies=321 shapes=321 hull_points=64 hull_planes=64 hull_edges=64 hull_topology=64 mesh_vertices=64 mesh_triangles=64 mesh_nodes=64 materials=321 joints=16 scene_heap_bytes=262528 max=536870912
gpu-scene-input shapes=257 mesh_vertices=0 mesh_triangles=0 scene_heap_bytes=262528
GPU pose export: Vulkan opaque FD 23 (36096 bytes)
record frame 0/300 → /home/firtoz/work/2026/box3d-wasm/experiments/gpu-physics/recordings/snapshots/2026-10-01-native-diagnostics/spheres.mp4
record frame 30/300 → /home/firtoz/work/2026/box3d-wasm/experiments/gpu-physics/recordings/snapshots/2026-10-01-native-diagnostics/spheres.mp4
record frame 60/300 → /home/firtoz/work/2026/box3d-wasm/experiments/gpu-physics/recordings/snapshots/2026-10-01-native-diagnostics/spheres.mp4
record frame 90/300 → /home/firtoz/work/2026/box3d-wasm/experiments/gpu-physics/recordings/snapshots/2026-10-01-native-diagnostics/spheres.mp4
record frame 120/300 → /home/firtoz/work/2026/box3d-wasm/experiments/gpu-physics/recordings/snapshots/2026-10-01-native-diagnostics/spheres.mp4
record frame 150/300 → /home/firtoz/work/2026/box3d-wasm/experiments/gpu-physics/recordings/snapshots/2026-10-01-native-diagnostics/spheres.mp4
record frame 180/300 → /home/firtoz/work/2026/box3d-wasm/experiments/gpu-physics/recordings/snapshots/2026-10-01-native-diagnostics/spheres.mp4
record frame 210/300 → /home/firtoz/work/2026/box3d-wasm/experiments/gpu-physics/recordings/snapshots/2026-10-01-native-diagnostics/spheres.mp4
record frame 240/300 → /home/firtoz/work/2026/box3d-wasm/experiments/gpu-physics/recordings/snapshots/2026-10-01-native-diagnostics/spheres.mp4
record frame 270/300 → /home/firtoz/work/2026/box3d-wasm/experiments/gpu-physics/recordings/snapshots/2026-10-01-native-diagnostics/spheres.mp4
physics-pipeline-cache: save 21759116 bytes, success=true
wrote /home/firtoz/work/2026/box3d-wasm/experiments/gpu-physics/recordings/snapshots/2026-10-01-native-diagnostics/spheres.mp4 (300 frames @ 30 fps)
=== dominoes → /home/firtoz/work/2026/box3d-wasm/experiments/gpu-physics/recordings/snapshots/2026-10-01-native-diagnostics/dominoes.mp4 (300 frames) ===
[2026-10-01T13:56:15Z WARN  wgpu_hal::vulkan::instance] Unable to find extension: VK_EXT_physical_device_drm
GPU adapter: NVIDIA GeForce RTX 4070 SUPER | backend=Vulkan driver=NVIDIA
GPU features: subgroups
GPU limits: storage bind 2048.0 MiB, buffer 17592186044416.0 MiB
gpu-alloc scene generation=1 bodies=5687 shapes=5687 hull_points=64 hull_planes=64 hull_edges=64 hull_topology=64 mesh_vertices=64 mesh_triangles=64 mesh_nodes=64 materials=5687 joints=16 scene_heap_bytes=2323072 max=536870912
physics-pipeline-cache: loaded 21759116 bytes
gpu-alloc scene generation=0 bodies=5687 shapes=5687 hull_points=64 hull_planes=64 hull_edges=64 hull_topology=64 mesh_vertices=64 mesh_triangles=64 mesh_nodes=64 materials=5687 joints=16 scene_heap_bytes=2323072 max=536870912
gpu-scene-input shapes=5431 mesh_vertices=0 mesh_triangles=0 scene_heap_bytes=2323072
GPU pose export: Vulkan opaque FD 23 (637184 bytes)
record frame 0/300 → /home/firtoz/work/2026/box3d-wasm/experiments/gpu-physics/recordings/snapshots/2026-10-01-native-diagnostics/dominoes.mp4
record frame 30/300 → /home/firtoz/work/2026/box3d-wasm/experiments/gpu-physics/recordings/snapshots/2026-10-01-native-diagnostics/dominoes.mp4
record frame 60/300 → /home/firtoz/work/2026/box3d-wasm/experiments/gpu-physics/recordings/snapshots/2026-10-01-native-diagnostics/dominoes.mp4
record frame 90/300 → /home/firtoz/work/2026/box3d-wasm/experiments/gpu-physics/recordings/snapshots/2026-10-01-native-diagnostics/dominoes.mp4
record frame 120/300 → /home/firtoz/work/2026/box3d-wasm/experiments/gpu-physics/recordings/snapshots/2026-10-01-native-diagnostics/dominoes.mp4
record frame 150/300 → /home/firtoz/work/2026/box3d-wasm/experiments/gpu-physics/recordings/snapshots/2026-10-01-native-diagnostics/dominoes.mp4
record frame 180/300 → /home/firtoz/work/2026/box3d-wasm/experiments/gpu-physics/recordings/snapshots/2026-10-01-native-diagnostics/dominoes.mp4
record frame 210/300 → /home/firtoz/work/2026/box3d-wasm/experiments/gpu-physics/recordings/snapshots/2026-10-01-native-diagnostics/dominoes.mp4
record frame 240/300 → /home/firtoz/work/2026/box3d-wasm/experiments/gpu-physics/recordings/snapshots/2026-10-01-native-diagnostics/dominoes.mp4
record frame 270/300 → /home/firtoz/work/2026/box3d-wasm/experiments/gpu-physics/recordings/snapshots/2026-10-01-native-diagnostics/dominoes.mp4
physics-pipeline-cache: save 21759116 bytes, success=true
wrote /home/firtoz/work/2026/box3d-wasm/experiments/gpu-physics/recordings/snapshots/2026-10-01-native-diagnostics/dominoes.mp4 (300 frames @ 30 fps)
=== high-resistance → /home/firtoz/work/2026/box3d-wasm/experiments/gpu-physics/recordings/snapshots/2026-10-01-native-diagnostics/high-resistance.mp4 (300 frames) ===
[2026-10-01T13:56:19Z WARN  wgpu_hal::vulkan::instance] Unable to find extension: VK_EXT_physical_device_drm
GPU adapter: NVIDIA GeForce RTX 4070 SUPER | backend=Vulkan driver=NVIDIA
GPU features: subgroups
GPU limits: storage bind 2048.0 MiB, buffer 17592186044416.0 MiB
gpu-alloc scene generation=1 bodies=256 shapes=256 hull_points=64 hull_planes=64 hull_edges=64 hull_topology=64 mesh_vertices=64 mesh_triangles=64 mesh_nodes=64 materials=256 joints=16 scene_heap_bytes=237568 max=536870912
physics-pipeline-cache: loaded 21759116 bytes
gpu-alloc scene generation=0 bodies=256 shapes=256 hull_points=64 hull_planes=64 hull_edges=64 hull_topology=64 mesh_vertices=64 mesh_triangles=64 mesh_nodes=64 materials=256 joints=16 scene_heap_bytes=237568 max=536870912
gpu-scene-input shapes=11 mesh_vertices=0 mesh_triangles=0 scene_heap_bytes=237568
GPU pose export: Vulkan opaque FD 23 (28672 bytes)
record frame 0/300 → /home/firtoz/work/2026/box3d-wasm/experiments/gpu-physics/recordings/snapshots/2026-10-01-native-diagnostics/high-resistance.mp4
record frame 30/300 → /home/firtoz/work/2026/box3d-wasm/experiments/gpu-physics/recordings/snapshots/2026-10-01-native-diagnostics/high-resistance.mp4
record frame 60/300 → /home/firtoz/work/2026/box3d-wasm/experiments/gpu-physics/recordings/snapshots/2026-10-01-native-diagnostics/high-resistance.mp4
record frame 90/300 → /home/firtoz/work/2026/box3d-wasm/experiments/gpu-physics/recordings/snapshots/2026-10-01-native-diagnostics/high-resistance.mp4
record frame 120/300 → /home/firtoz/work/2026/box3d-wasm/experiments/gpu-physics/recordings/snapshots/2026-10-01-native-diagnostics/high-resistance.mp4
record frame 150/300 → /home/firtoz/work/2026/box3d-wasm/experiments/gpu-physics/recordings/snapshots/2026-10-01-native-diagnostics/high-resistance.mp4
record frame 180/300 → /home/firtoz/work/2026/box3d-wasm/experiments/gpu-physics/recordings/snapshots/2026-10-01-native-diagnostics/high-resistance.mp4
record frame 210/300 → /home/firtoz/work/2026/box3d-wasm/experiments/gpu-physics/recordings/snapshots/2026-10-01-native-diagnostics/high-resistance.mp4
record frame 240/300 → /home/firtoz/work/2026/box3d-wasm/experiments/gpu-physics/recordings/snapshots/2026-10-01-native-diagnostics/high-resistance.mp4
record frame 270/300 → /home/firtoz/work/2026/box3d-wasm/experiments/gpu-physics/recordings/snapshots/2026-10-01-native-diagnostics/high-resistance.mp4
physics-pipeline-cache: save 21759116 bytes, success=true
wrote /home/firtoz/work/2026/box3d-wasm/experiments/gpu-physics/recordings/snapshots/2026-10-01-native-diagnostics/high-resistance.mp4 (300 frames @ 30 fps)
=== mixed-stacks → /home/firtoz/work/2026/box3d-wasm/experiments/gpu-physics/recordings/snapshots/2026-10-01-native-diagnostics/mixed-stacks.mp4 (300 frames) ===
[2026-10-01T13:56:21Z WARN  wgpu_hal::vulkan::instance] Unable to find extension: VK_EXT_physical_device_drm
GPU adapter: NVIDIA GeForce RTX 4070 SUPER | backend=Vulkan driver=NVIDIA
GPU features: subgroups
GPU limits: storage bind 2048.0 MiB, buffer 17592186044416.0 MiB
gpu-alloc scene generation=1 bodies=752 shapes=752 hull_points=64 hull_planes=64 hull_edges=64 hull_topology=64 mesh_vertices=64 mesh_triangles=64 mesh_nodes=64 materials=752 joints=16 scene_heap_bytes=428032 max=536870912
physics-pipeline-cache: loaded 21759116 bytes
gpu-alloc scene generation=0 bodies=752 shapes=752 hull_points=64 hull_planes=64 hull_edges=64 hull_topology=64 mesh_vertices=64 mesh_triangles=64 mesh_nodes=64 materials=752 joints=16 scene_heap_bytes=428032 max=536870912
gpu-scene-input shapes=602 mesh_vertices=0 mesh_triangles=0 scene_heap_bytes=428032
GPU pose export: Vulkan opaque FD 23 (84224 bytes)
record frame 0/300 → /home/firtoz/work/2026/box3d-wasm/experiments/gpu-physics/recordings/snapshots/2026-10-01-native-diagnostics/mixed-stacks.mp4
record frame 30/300 → /home/firtoz/work/2026/box3d-wasm/experiments/gpu-physics/recordings/snapshots/2026-10-01-native-diagnostics/mixed-stacks.mp4
record frame 60/300 → /home/firtoz/work/2026/box3d-wasm/experiments/gpu-physics/recordings/snapshots/2026-10-01-native-diagnostics/mixed-stacks.mp4
record frame 90/300 → /home/firtoz/work/2026/box3d-wasm/experiments/gpu-physics/recordings/snapshots/2026-10-01-native-diagnostics/mixed-stacks.mp4
record frame 120/300 → /home/firtoz/work/2026/box3d-wasm/experiments/gpu-physics/recordings/snapshots/2026-10-01-native-diagnostics/mixed-stacks.mp4
record frame 150/300 → /home/firtoz/work/2026/box3d-wasm/experiments/gpu-physics/recordings/snapshots/2026-10-01-native-diagnostics/mixed-stacks.mp4
record frame 180/300 → /home/firtoz/work/2026/box3d-wasm/experiments/gpu-physics/recordings/snapshots/2026-10-01-native-diagnostics/mixed-stacks.mp4
record frame 210/300 → /home/firtoz/work/2026/box3d-wasm/experiments/gpu-physics/recordings/snapshots/2026-10-01-native-diagnostics/mixed-stacks.mp4
record frame 240/300 → /home/firtoz/work/2026/box3d-wasm/experiments/gpu-physics/recordings/snapshots/2026-10-01-native-diagnostics/mixed-stacks.mp4
record frame 270/300 → /home/firtoz/work/2026/box3d-wasm/experiments/gpu-physics/recordings/snapshots/2026-10-01-native-diagnostics/mixed-stacks.mp4
physics-pipeline-cache: save 21759116 bytes, success=true
wrote /home/firtoz/work/2026/box3d-wasm/experiments/gpu-physics/recordings/snapshots/2026-10-01-native-diagnostics/mixed-stacks.mp4 (300 frames @ 30 fps)
=== falling-cubes → /home/firtoz/work/2026/box3d-wasm/experiments/gpu-physics/recordings/snapshots/2026-10-01-native-diagnostics/falling-cubes.mp4 (300 frames) ===
[2026-10-01T13:56:24Z WARN  wgpu_hal::vulkan::instance] Unable to find extension: VK_EXT_physical_device_drm
GPU adapter: NVIDIA GeForce RTX 4070 SUPER | backend=Vulkan driver=NVIDIA
GPU features: subgroups
GPU limits: storage bind 2048.0 MiB, buffer 17592186044416.0 MiB
gpu-alloc scene generation=1 bodies=321 shapes=321 hull_points=64 hull_planes=64 hull_edges=64 hull_topology=64 mesh_vertices=64 mesh_triangles=64 mesh_nodes=64 materials=321 joints=16 scene_heap_bytes=262528 max=536870912
physics-pipeline-cache: loaded 21759116 bytes
gpu-alloc scene generation=0 bodies=321 shapes=321 hull_points=64 hull_planes=64 hull_edges=64 hull_topology=64 mesh_vertices=64 mesh_triangles=64 mesh_nodes=64 materials=321 joints=16 scene_heap_bytes=262528 max=536870912
gpu-scene-input shapes=257 mesh_vertices=0 mesh_triangles=0 scene_heap_bytes=262528
GPU pose export: Vulkan opaque FD 23 (36096 bytes)
record frame 0/300 → /home/firtoz/work/2026/box3d-wasm/experiments/gpu-physics/recordings/snapshots/2026-10-01-native-diagnostics/falling-cubes.mp4
record frame 30/300 → /home/firtoz/work/2026/box3d-wasm/experiments/gpu-physics/recordings/snapshots/2026-10-01-native-diagnostics/falling-cubes.mp4
record frame 60/300 → /home/firtoz/work/2026/box3d-wasm/experiments/gpu-physics/recordings/snapshots/2026-10-01-native-diagnostics/falling-cubes.mp4
record frame 90/300 → /home/firtoz/work/2026/box3d-wasm/experiments/gpu-physics/recordings/snapshots/2026-10-01-native-diagnostics/falling-cubes.mp4
record frame 120/300 → /home/firtoz/work/2026/box3d-wasm/experiments/gpu-physics/recordings/snapshots/2026-10-01-native-diagnostics/falling-cubes.mp4
record frame 150/300 → /home/firtoz/work/2026/box3d-wasm/experiments/gpu-physics/recordings/snapshots/2026-10-01-native-diagnostics/falling-cubes.mp4
record frame 180/300 → /home/firtoz/work/2026/box3d-wasm/experiments/gpu-physics/recordings/snapshots/2026-10-01-native-diagnostics/falling-cubes.mp4
record frame 210/300 → /home/firtoz/work/2026/box3d-wasm/experiments/gpu-physics/recordings/snapshots/2026-10-01-native-diagnostics/falling-cubes.mp4
record frame 240/300 → /home/firtoz/work/2026/box3d-wasm/experiments/gpu-physics/recordings/snapshots/2026-10-01-native-diagnostics/falling-cubes.mp4
record frame 270/300 → /home/firtoz/work/2026/box3d-wasm/experiments/gpu-physics/recordings/snapshots/2026-10-01-native-diagnostics/falling-cubes.mp4
physics-pipeline-cache: save 21759116 bytes, success=true
wrote /home/firtoz/work/2026/box3d-wasm/experiments/gpu-physics/recordings/snapshots/2026-10-01-native-diagnostics/falling-cubes.mp4 (300 frames @ 30 fps)
=== anchored-mechanisms → /home/firtoz/work/2026/box3d-wasm/experiments/gpu-physics/recordings/snapshots/2026-10-01-native-diagnostics/anchored-mechanisms.mp4 (300 frames) ===
[2026-10-01T13:56:27Z WARN  wgpu_hal::vulkan::instance] Unable to find extension: VK_EXT_physical_device_drm
GPU adapter: NVIDIA GeForce RTX 4070 SUPER | backend=Vulkan driver=NVIDIA
GPU features: subgroups
GPU limits: storage bind 2048.0 MiB, buffer 17592186044416.0 MiB
gpu-alloc scene generation=1 bodies=321 shapes=321 hull_points=64 hull_planes=64 hull_edges=64 hull_topology=64 mesh_vertices=64 mesh_triangles=64 mesh_nodes=64 materials=321 joints=256 scene_heap_bytes=262528 max=536870912
physics-pipeline-cache: loaded 21759116 bytes
gpu-alloc scene generation=0 bodies=321 shapes=321 hull_points=64 hull_planes=64 hull_edges=64 hull_topology=64 mesh_vertices=64 mesh_triangles=64 mesh_nodes=64 materials=321 joints=256 scene_heap_bytes=262528 max=536870912
gpu-scene-input shapes=257 mesh_vertices=0 mesh_triangles=0 scene_heap_bytes=262528
GPU pose export: Vulkan opaque FD 23 (36096 bytes)
record frame 0/300 → /home/firtoz/work/2026/box3d-wasm/experiments/gpu-physics/recordings/snapshots/2026-10-01-native-diagnostics/anchored-mechanisms.mp4
record frame 30/300 → /home/firtoz/work/2026/box3d-wasm/experiments/gpu-physics/recordings/snapshots/2026-10-01-native-diagnostics/anchored-mechanisms.mp4
record frame 60/300 → /home/firtoz/work/2026/box3d-wasm/experiments/gpu-physics/recordings/snapshots/2026-10-01-native-diagnostics/anchored-mechanisms.mp4
record frame 90/300 → /home/firtoz/work/2026/box3d-wasm/experiments/gpu-physics/recordings/snapshots/2026-10-01-native-diagnostics/anchored-mechanisms.mp4
record frame 120/300 → /home/firtoz/work/2026/box3d-wasm/experiments/gpu-physics/recordings/snapshots/2026-10-01-native-diagnostics/anchored-mechanisms.mp4
record frame 150/300 → /home/firtoz/work/2026/box3d-wasm/experiments/gpu-physics/recordings/snapshots/2026-10-01-native-diagnostics/anchored-mechanisms.mp4
record frame 180/300 → /home/firtoz/work/2026/box3d-wasm/experiments/gpu-physics/recordings/snapshots/2026-10-01-native-diagnostics/anchored-mechanisms.mp4
record frame 210/300 → /home/firtoz/work/2026/box3d-wasm/experiments/gpu-physics/recordings/snapshots/2026-10-01-native-diagnostics/anchored-mechanisms.mp4
record frame 240/300 → /home/firtoz/work/2026/box3d-wasm/experiments/gpu-physics/recordings/snapshots/2026-10-01-native-diagnostics/anchored-mechanisms.mp4
record frame 270/300 → /home/firtoz/work/2026/box3d-wasm/experiments/gpu-physics/recordings/snapshots/2026-10-01-native-diagnostics/anchored-mechanisms.mp4
physics-pipeline-cache: save 21759116 bytes, success=true
wrote /home/firtoz/work/2026/box3d-wasm/experiments/gpu-physics/recordings/snapshots/2026-10-01-native-diagnostics/anchored-mechanisms.mp4 (300 frames @ 30 fps)
=== joint-chain → /home/firtoz/work/2026/box3d-wasm/experiments/gpu-physics/recordings/snapshots/2026-10-01-native-diagnostics/joint-chain.mp4 (300 frames) ===
[2026-10-01T13:56:30Z WARN  wgpu_hal::vulkan::instance] Unable to find extension: VK_EXT_physical_device_drm
GPU adapter: NVIDIA GeForce RTX 4070 SUPER | backend=Vulkan driver=NVIDIA
GPU features: subgroups
GPU limits: storage bind 2048.0 MiB, buffer 17592186044416.0 MiB
gpu-alloc scene generation=1 bodies=321 shapes=321 hull_points=64 hull_planes=64 hull_edges=64 hull_topology=64 mesh_vertices=64 mesh_triangles=64 mesh_nodes=64 materials=321 joints=256 scene_heap_bytes=262528 max=536870912
physics-pipeline-cache: loaded 21759116 bytes
gpu-alloc scene generation=0 bodies=321 shapes=321 hull_points=64 hull_planes=64 hull_edges=64 hull_topology=64 mesh_vertices=64 mesh_triangles=64 mesh_nodes=64 materials=321 joints=256 scene_heap_bytes=262528 max=536870912
gpu-scene-input shapes=257 mesh_vertices=0 mesh_triangles=0 scene_heap_bytes=262528
GPU pose export: Vulkan opaque FD 23 (36096 bytes)
record frame 0/300 → /home/firtoz/work/2026/box3d-wasm/experiments/gpu-physics/recordings/snapshots/2026-10-01-native-diagnostics/joint-chain.mp4
record frame 30/300 → /home/firtoz/work/2026/box3d-wasm/experiments/gpu-physics/recordings/snapshots/2026-10-01-native-diagnostics/joint-chain.mp4
record frame 60/300 → /home/firtoz/work/2026/box3d-wasm/experiments/gpu-physics/recordings/snapshots/2026-10-01-native-diagnostics/joint-chain.mp4
record frame 90/300 → /home/firtoz/work/2026/box3d-wasm/experiments/gpu-physics/recordings/snapshots/2026-10-01-native-diagnostics/joint-chain.mp4
record frame 120/300 → /home/firtoz/work/2026/box3d-wasm/experiments/gpu-physics/recordings/snapshots/2026-10-01-native-diagnostics/joint-chain.mp4
record frame 150/300 → /home/firtoz/work/2026/box3d-wasm/experiments/gpu-physics/recordings/snapshots/2026-10-01-native-diagnostics/joint-chain.mp4
record frame 180/300 → /home/firtoz/work/2026/box3d-wasm/experiments/gpu-physics/recordings/snapshots/2026-10-01-native-diagnostics/joint-chain.mp4
record frame 210/300 → /home/firtoz/work/2026/box3d-wasm/experiments/gpu-physics/recordings/snapshots/2026-10-01-native-diagnostics/joint-chain.mp4
record frame 240/300 → /home/firtoz/work/2026/box3d-wasm/experiments/gpu-physics/recordings/snapshots/2026-10-01-native-diagnostics/joint-chain.mp4
record frame 270/300 → /home/firtoz/work/2026/box3d-wasm/experiments/gpu-physics/recordings/snapshots/2026-10-01-native-diagnostics/joint-chain.mp4
physics-pipeline-cache: save 21759116 bytes, success=true
wrote /home/firtoz/work/2026/box3d-wasm/experiments/gpu-physics/recordings/snapshots/2026-10-01-native-diagnostics/joint-chain.mp4 (300 frames @ 30 fps)
wrote /home/firtoz/work/2026/box3d-wasm/experiments/gpu-physics/compare/snapshots.js (7 snapshot(s))
viewer: bun run compare  # http://127.0.0.1:8766/
clips:  /home/firtoz/work/2026/box3d-wasm/experiments/gpu-physics/recordings/snapshots/2026-10-01-native-diagnostics
