0 0 1 0.499999881 -0.290297091 0.862725437 -0.414043903 1 0
0 1 0 0 0 0 0 0 0
query 0 1 1 1 1 0.499999225
refit 0 1 1 1 1 0.499997467
mover-cast 0 0.438749701
support 0 0.254928917 1.76667363e-05
1 0 1 0.499999672 -0.0732126758 0.907307863 -0.414043933 1 0
1 1 0 0 0 0 0 0 0
query 1 1 1 1 1 0.49999693
refit 1 1 1 1 1 0.499996573
mover-cast 1 0.438749731
support 1 0.254930347 3.64973566e-05
2 0 1 0.5 -0.00662980461 -0.518531978 -0.855032504 1 0
2 1 0 0 0 0 0 0 0
query 2 1 1 1 1 0.500000417
refit 2 1 1 1 1 0.500000417
mover-cast 2 0.438750148
support 2 0.254929483 1.8625431e-05
3 0 1 0.50000006 0.210454568 -0.473949552 -0.855032563 1 0
3 1 0 0 0 0 0 0 0
query 3 1 1 1 1 0.499999851
refit 3 1 1 1 1 0.500000298
mover-cast 3 0.438750118
support 3 0.254929662 3.04735713e-05
4 0 1 0.499999911 -0.210454643 0.473949641 0.855032563 1 0
4 1 0 0 0 0 0 0 0
query 4 1 1 1 1 0.499997735
refit 4 1 1 1 1 0.499998331
mover-cast 4 0.43874976
support 4 0.254930079 4.31137087e-05
5 0 1 0.5 0.00662979158 0.518531978 0.855032563 1 0
5 1 0 0 0 0 0 0 0
query 5 1 1 1 1 0.499999255
refit 5 1 1 1 1 0.499999255
mover-cast 5 0.438750058
support 5 0.254929841 2.6352729e-05
6 0 1 0.49999994 0.0732126758 -0.907307863 0.414043993 1 0
6 1 0 0 0 0 0 0 0
query 6 1 1 1 1 0.499998957
refit 6 1 1 1 1 0.499999315
mover-cast 6 0.43874988
support 6 0.254930228 3.04535533e-05
7 0 1 0.499999881 0.290297091 -0.862725496 0.414043874 1 0
7 1 0 0 0 0 0 0 0
query 7 1 1 1 1 0.499998391
refit 7 1 1 1 1 0.499998599
mover-cast 7 0.438750058
support 7 0.254929602 1.94632139e-05
